******************************************************************************
                  TI ARM Linker PC v16.9.6                     
******************************************************************************
>> Linked Sat Apr 21 23:27:06 2018

OUTPUT FILE NAME:   <FinalProject.out>
ENTRY POINT SYMBOL: "_c_int00"  address: 000050d9


MEMORY CONFIGURATION

         name            origin    length      used     unused   attr    fill
----------------------  --------  ---------  --------  --------  ----  --------
  FLASH                 00000000   00040000  0000579f  0003a861  R  X
  SRAM                  20000000   00008000  00002321  00005cdf  RW X


SEGMENT ALLOCATION MAP

run origin  load origin   length   init length attrs members
----------  ----------- ---------- ----------- ----- -------
00000000    00000000    000057a8   000057a8    r-x
  00000000    00000000    0000026c   0000026c    r-- .intvecs
  0000026c    0000026c    0000522a   0000522a    r-x .text
  00005498    00005498    000002b9   000002b9    r-- .const
  00005758    00005758    00000050   00000050    r-- .cinit
20000000    20000000    00002328   00000000    rw-
  20000000    20000000    0000026c   00000000    rw- .vtable
  2000026c    2000026c    00001000   00000000    rw- .stack
  20001270    20001270    00001000   00000000    rw- .sysmem
  20002270    20002270    0000007d   00000000    rw- .bss
  200022f0    200022f0    00000038   00000000    rw- .data


SECTION ALLOCATION MAP

 output                                  attributes/
section   page    origin      length       input sections
--------  ----  ----------  ----------   ----------------
.intvecs   0    00000000    0000026c     
                  00000000    0000026c     tm4c123gh6pm_startup_ccs.obj (.intvecs)

.text      0    0000026c    0000522a     
                  0000026c    0000113e     rtsv7M4_T_le_v4SPD16_eabi.lib : _printfi.obj (.text)
                  000013aa    00000002                                   : mpu_init.obj (.text)
                  000013ac    00000ccc     functions.obj (.text)
                  00002078    00000a84     open_interface.obj (.text)
                  00002afc    000009ac     rtsv7M4_T_le_v4SPD16_eabi.lib : e_pow.obj (.text)
                  000034a8    000003d0                                   : memory.obj (.text)
                  00003878    000002ec     lcd.obj (.text)
                  00003b64    00000218     ping.obj (.text)
                  00003d7c    000001f4     rtsv7M4_T_le_v4SPD16_eabi.lib : ull_div_t2.obj (.text)
                  00003f70    000001d8     ir.obj (.text)
                  00004148    000001b6     rtsv7M4_T_le_v4SPD16_eabi.lib : fd_add_t2.obj (.text)
                  000042fe    00000002                                   : startup.obj (.text)
                  00004300    00000170                                   : e_sqrt.obj (.text)
                  00004470    00000164     servo.obj (.text)
                  000045d4    00000158     Timer.obj (.text)
                  0000472c    00000136     rtsv7M4_T_le_v4SPD16_eabi.lib : fd_div_t2.obj (.text)
                  00004862    00000002     --HOLE-- [fill = 0]
                  00004864    00000120     uart.obj (.text)
                  00004984    000000fc     rtsv7M4_T_le_v4SPD16_eabi.lib : fd_mul_t2.obj (.text)
                  00004a80    000000fc                                   : s_scalbn.obj (.text)
                  00004b7c    000000a4                                   : s_sinf.obj (.text)
                  00004c20    0000009c                                   : memcpy_t2.obj (.text)
                  00004cbc    00000088                                   : vsnprintf.obj (.text)
                  00004d44    00000086                                   : fd_cmp_t2.obj (.text:__aeabi_cdcmple)
                  00004dca    00000086                                   : fd_cmp_t2.obj (.text:__aeabi_cdrcmple)
                  00004e50    0000007a                                   : memset_t2.obj (.text)
                  00004eca    00000002     --HOLE-- [fill = 0]
                  00004ecc    00000070                                   : autoinit.obj (.text)
                  00004f3c    0000006e                                   : fd_tos_t2.obj (.text)
                  00004faa    00000068                                   : copy_decompress_lzss.obj (.text:decompress:lzss)
                  00005012    00000002     --HOLE-- [fill = 0]
                  00005014    00000064                                   : s_frexp.obj (.text)
                  00005078    00000060                                   : sprintf.obj (.text)
                  000050d8    00000054                                   : boot.obj (.text)
                  0000512c    00000054                                   : exit.obj (.text)
                  00005180    00000054                                   : ltoa.obj (.text)
                  000051d4    0000004c                                   : atoi.obj (.text)
                  00005220    0000004c                                   : cpy_tbl.obj (.text)
                  0000526c    00000048                                   : fd_toi_t2.obj (.text)
                  000052b4    00000038                                   : fs_tod_t2.obj (.text)
                  000052ec    00000034     driverlib.lib : interrupt.obj (.text:IntRegister)
                  00005320    0000002e     rtsv7M4_T_le_v4SPD16_eabi.lib : i_tofd_t2.obj (.text)
                  0000534e    00000024     main.obj (.text)
                  00005372    0000001c     rtsv7M4_T_le_v4SPD16_eabi.lib : memccpy.obj (.text)
                  0000538e    00000018     open_interface.obj (.text:oi_parseInt)
                  000053a6    00000002     --HOLE-- [fill = 0]
                  000053a8    00000018     rtsv7M4_T_le_v4SPD16_eabi.lib : args_main.obj (.text)
                  000053c0    00000018                                   : strcmp.obj (.text)
                  000053d8    00000016                                   : strchr.obj (.text)
                  000053ee    00000002     --HOLE-- [fill = 0]
                  000053f0    00000014                                   : _lock.obj (.text)
                  00005404    00000014                                   : s_copysign.obj (.text)
                  00005418    00000014                                   : strcpy.obj (.text)
                  0000542c    00000014                                   : strlen.obj (.text)
                  00005440    00000010     driverlib.lib : interrupt.obj (.text:IntMasterEnable)
                  00005450    00000010     lcd.obj (.text:lcd_clear)
                  00005460    0000000e     rtsv7M4_T_le_v4SPD16_eabi.lib : copy_decompress_none.obj (.text:decompress:none)
                  0000546e    0000000c     driverlib.lib : cpu.obj (.text:CPUcpsie)
                  0000547a    0000000c     rtsv7M4_T_le_v4SPD16_eabi.lib : copy_zero_init.obj (.text:decompress:ZI)
                  00005486    0000000c     tm4c123gh6pm_startup_ccs.obj (.text)
                  00005492    00000004     rtsv7M4_T_le_v4SPD16_eabi.lib : pre_init.obj (.text)

.const     0    00005498    000002b9     
                  00005498    00000101     rtsv7M4_T_le_v4SPD16_eabi.lib : ctype.obj (.const:.string:_ctypes_)
                  00005599    00000004     lcd.obj (.const:.string:lineAddress$1)
                  0000559d    00000003     --HOLE-- [fill = 0]
                  000055a0    00000030     rtsv7M4_T_le_v4SPD16_eabi.lib : e_pow.obj (.const:$O1$$)
                  000055d0    00000026     functions.obj (.const:.string:$P$T10$11)
                  000055f6    00000025     functions.obj (.const:.string:$P$T3$4)
                  0000561b    00000025     functions.obj (.const:.string:$P$T5$6)
                  00005640    00000024     functions.obj (.const:.string:$P$T8$9)
                  00005664    00000024     functions.obj (.const:.string:$P$T9$10)
                  00005688    00000022     functions.obj (.const:.string:$P$T6$7)
                  000056aa    00000021     functions.obj (.const:.string:$P$T11$12)
                  000056cb    00000020     functions.obj (.const:.string:$P$T2$3)
                  000056eb    00000020     functions.obj (.const:.string:$P$T4$5)
                  0000570b    00000013     functions.obj (.const:.string:$P$T1$2)
                  0000571e    00000011     functions.obj (.const:.string:$P$T0$1)
                  0000572f    0000000f     open_interface.obj (.const:.string:$P$T0$3)
                  0000573e    0000000f     functions.obj (.const:.string:$P$T7$8)
                  0000574d    00000004     lcd.obj (.const:.string:lineAddresses$2)

.cinit     0    00005758    00000050     
                  00005758    0000001c     (.cinit..data.load) [load image, compression = lzss]
                  00005774    0000000c     (__TI_handler_table)
                  00005780    00000008     (.cinit..bss.load) [load image, compression = zero_init]
                  00005788    00000008     (.cinit..vtable.load) [load image, compression = zero_init]
                  00005790    00000018     (__TI_cinit_table)

.init_array 
*          0    00000000    00000000     UNINITIALIZED

.vtable    0    20000000    0000026c     UNINITIALIZED
                  20000000    0000026c     driverlib.lib : interrupt.obj (.vtable)

.stack     0    2000026c    00001000     UNINITIALIZED
                  2000026c    00001000     --HOLE--

.sysmem    0    20001270    00001000     UNINITIALIZED
                  20001270    00000008     rtsv7M4_T_le_v4SPD16_eabi.lib : memory.obj (.sysmem)
                  20001278    00000ff8     --HOLE--

.bss       0    20002270    0000007d     UNINITIALIZED
                  20002270    00000054     lcd.obj (.bss:lastbuffer$3)
                  200022c4    00000018     open_interface.obj (.bss:firmware$2)
                  200022dc    00000004     (.common:PWM)
                  200022e0    00000004     (.common:fallingEdge)
                  200022e4    00000004     (.common:pulseLength)
                  200022e8    00000004     (.common:risingEdge)
                  200022ec    00000001     (.common:state)

.data      0    200022f0    00000038     UNINITIALIZED
                  200022f0    00000010     open_interface.obj (.data)
                  20002300    0000000c     rtsv7M4_T_le_v4SPD16_eabi.lib : exit.obj (.data:$O1$$)
                  2000230c    0000000c                                   : memory.obj (.data:$O1$$)
                  20002318    00000008                                   : _lock.obj (.data:$O1$$)
                  20002320    00000004                                   : errno.obj (.data)
                  20002324    00000004                                   : stkdepth_vars.obj (.data)

MODULE SUMMARY

       Module                         code    ro data   rw data
       ------                         ----    -------   -------
    .\
       functions.obj                  3276    366       17     
       open_interface.obj             2716    15        40     
       lcd.obj                        764     8         84     
       tm4c123gh6pm_startup_ccs.obj   12      620       0      
       ping.obj                       536     0         0      
       ir.obj                         472     0         0      
       servo.obj                      356     0         0      
       Timer.obj                      344     0         0      
       uart.obj                       288     0         0      
       main.obj                       36      0         0      
    +--+------------------------------+-------+---------+---------+
       Total:                         8800    1009      141    
                                                               
    C:/ti/TivaWare_C_Series-2.1.2.111/driverlib/ccs/Debug/driverlib.lib
       interrupt.obj                  68      0         620    
       cpu.obj                        12      0         0      
    +--+------------------------------+-------+---------+---------+
       Total:                         80      0         620    
                                                               
    C:\ti\ccsv7\tools\compiler\ti-cgt-arm_16.9.6.LTS\lib\rtsv7M4_T_le_v4SPD16_eabi.lib
       _printfi.obj                   4414    0         0      
       e_pow.obj                      2476    48        0      
       memory.obj                     976     0         12     
       ull_div_t2.obj                 500     0         0      
       fd_add_t2.obj                  438     0         0      
       e_sqrt.obj                     368     0         0      
       fd_div_t2.obj                  310     0         0      
       fd_cmp_t2.obj                  268     0         0      
       ctype.obj                      0       257       0      
       fd_mul_t2.obj                  252     0         0      
       s_scalbn.obj                   252     0         0      
       s_sinf.obj                     164     0         0      
       memcpy_t2.obj                  156     0         0      
       vsnprintf.obj                  136     0         0      
       memset_t2.obj                  122     0         0      
       autoinit.obj                   112     0         0      
       fd_tos_t2.obj                  110     0         0      
       copy_decompress_lzss.obj       104     0         0      
       s_frexp.obj                    100     0         0      
       exit.obj                       84      0         12     
       sprintf.obj                    96      0         0      
       boot.obj                       84      0         0      
       ltoa.obj                       84      0         0      
       atoi.obj                       76      0         0      
       cpy_tbl.obj                    76      0         0      
       fd_toi_t2.obj                  72      0         0      
       fs_tod_t2.obj                  56      0         0      
       i_tofd_t2.obj                  46      0         0      
       _lock.obj                      20      0         8      
       memccpy.obj                    28      0         0      
       args_main.obj                  24      0         0      
       strcmp.obj                     24      0         0      
       strchr.obj                     22      0         0      
       s_copysign.obj                 20      0         0      
       strcpy.obj                     20      0         0      
       strlen.obj                     20      0         0      
       copy_decompress_none.obj       14      0         0      
       copy_zero_init.obj             12      0         0      
       errno.obj                      0       0         4      
       pre_init.obj                   4       0         0      
       stkdepth_vars.obj              0       0         4      
       mpu_init.obj                   2       0         0      
       startup.obj                    2       0         0      
    +--+------------------------------+-------+---------+---------+
       Total:                         12144   305       40     
                                                               
       Heap:                          0       0         4096   
       Stack:                         0       0         4096   
       Linker Generated:              0       80        0      
    +--+------------------------------+-------+---------+---------+
       Grand Total:                   21024   1394      8993   


LINKER GENERATED COPY TABLES

__TI_cinit_table @ 00005790 records: 3, size/record: 8, table size: 24
	.data: load addr=00005758, load size=0000001c bytes, run addr=200022f0, run size=00000038 bytes, compression=lzss
	.bss: load addr=00005780, load size=00000008 bytes, run addr=20002270, run size=0000007d bytes, compression=zero_init
	.vtable: load addr=00005788, load size=00000008 bytes, run addr=20000000, run size=0000026c bytes, compression=zero_init


LINKER GENERATED HANDLER TABLE

__TI_handler_table @ 00005774 records: 3, size/record: 4, table size: 12
	index: 0, handler: __TI_zero_init
	index: 1, handler: __TI_decompress_lzss
	index: 2, handler: __TI_decompress_none


GLOBAL SYMBOLS: SORTED ALPHABETICALLY BY Name 

address   name                           
-------   ----                           
0000512d  C$$EXIT                        
0000546f  CPUcpsie                       
0000296f  GPIOF_Handler                  
00005441  IntMasterEnable                
000052ed  IntRegister                    
200022dc  PWM                            
00005487  ResetISR                       
UNDEFED   SHT$$INIT_ARRAY$$Base          
UNDEFED   SHT$$INIT_ARRAY$$Limit         
00003c6d  TIMER3B_Handler                
2000126c  __STACK_END                    
00001000  __STACK_SIZE                   
2000046c  __STACK_TOP                    
00001000  __SYSMEM_SIZE                  
00005790  __TI_CINIT_Base                
000057a8  __TI_CINIT_Limit               
00005774  __TI_Handler_Table_Base        
00005780  __TI_Handler_Table_Limit       
00004ecd  __TI_auto_init                 
20002300  __TI_cleanup_ptr               
00004fab  __TI_decompress_lzss           
00005461  __TI_decompress_none           
20002304  __TI_dtors_ptr                 
20002308  __TI_enable_exit_profile_output
ffffffff  __TI_pprof_out_hndl            
00000ab1  __TI_printfi                   
ffffffff  __TI_prof_data_size            
ffffffff  __TI_prof_data_start           
00000000  __TI_static_base__             
0000547b  __TI_zero_init                 
00004d45  __aeabi_cdcmpeq                
00004d45  __aeabi_cdcmple                
00004dcb  __aeabi_cdrcmple               
00004f3d  __aeabi_d2f                    
0000526d  __aeabi_d2iz                   
00004153  __aeabi_dadd                   
0000472d  __aeabi_ddiv                   
00004985  __aeabi_dmul                   
00004149  __aeabi_dsub                   
000052b5  __aeabi_f2d                    
00005321  __aeabi_i2d                    
00004e51  __aeabi_memclr                 
00004e51  __aeabi_memclr4                
00004e51  __aeabi_memclr8                
00004c21  __aeabi_memcpy                 
00004c21  __aeabi_memcpy4                
00004c21  __aeabi_memcpy8                
00004e53  __aeabi_memset                 
00004e53  __aeabi_memset4                
00004e53  __aeabi_memset8                
00003d7d  __aeabi_uldivmod               
ffffffff  __binit__                      
ffffffff  __c_args__                     
000013ab  __mpu_init                     
2000026c  __stack                        
000053a9  _args_main                     
000050d9  _c_int00                       
00005498  _ctypes_                       
20002318  _lock                          
000053ff  _nop                           
000053f7  _register_lock                 
000053f1  _register_unlock               
20001270  _sys_memory                    
000042ff  _system_post_cinit             
00005493  _system_pre_init               
2000231c  _unlock                        
00005131  abort                          
000051d5  atoi                           
00004001  average                        
ffffffff  binit                          
00003849  calloc                         
00001e3d  checkBumper                    
00001e73  checkCliff                     
00005221  copy_in                        
00005405  copysign                       
00005405  copysignl                      
000013ad  detect                         
20002320  errno                          
00005139  exit                           
00001919  explore                        
200022e0  fallingEdge                    
00003593  free                           
00005015  frexp                          
00005015  frexpl                         
20000000  g_pfnRAMVectors                
00000000  g_pfnVectors                   
00002991  getDegrees                     
0000271d  go_charge                      
0000404d  ir_getDistance                 
00003f71  ir_init                        
00003fe3  ir_read                        
00005451  lcd_clear                      
00003a11  lcd_gotoLine                   
00003879  lcd_init                       
00003a77  lcd_printf                     
00003939  lcd_putc                       
00003971  lcd_puts                       
0000398f  lcd_sendCommand                
000039cd  lcd_sendNibble                 
00003a39  lcd_setCursorPos               
00004a81  ldexp                          
00004a81  ldexpl                         
0000183d  linearWidth                    
00005181  ltoa                           
0000534f  main                           
20002324  main_func_sp                   
00003529  malloc                         
0000375d  memalign                       
00005373  memccpy                        
00004c21  memcpy                         
00004e59  memset                         
000034a9  minit                          
00001b21  move_backwards                 
00001c15  move_forward                   
00002079  oi_alloc                       
00002847  oi_checkFirmware               
000020cf  oi_close                       
00002085  oi_free                        
000020b9  oi_init                        
00002095  oi_init_noupdate               
000026b3  oi_loadSong                    
0000538f  oi_parseInt                    
00002133  oi_parsePacket                 
00002709  oi_play_song                   
0000262d  oi_setLeds                     
00002671  oi_setWheels                   
000028fd  oi_shutoff_init                
0000272b  oi_uartInit                    
000027cf  oi_uartReceive                 
00002815  oi_uartSendBuff                
000027b3  oi_uartSendChar                
000027f7  oi_uartSendStr                 
000020e1  oi_update                      
00003ccd  ping_getDistance               
00003b65  ping_init                      
00002afd  pow                            
00002afd  powl                           
200022e4  pulseLength                    
00003653  realloc                        
200022e8  risingEdge                     
00004a81  scalbn                         
00004a81  scalbnl                        
00003c03  send_pulse                     
00004471  servo_init                     
0000453d  servo_move                     
00004b7d  sinf                           
00005079  sprintf                        
00004301  sqrt                           
00004301  sqrtl                          
200022ec  state                          
000053d9  strchr                         
000053c1  strcmp                         
00005419  strcpy                         
0000542d  strlen                         
000046e5  timer_getClock                 
00004699  timer_startClock               
00004633  timer_startTimer               
000046eb  timer_stopClock                
00004683  timer_stopTimer                
00004609  timer_waitMicros               
000045d5  timer_waitMillis               
00001ba7  turn_clockwise                 
00001b7d  turn_counterClockwise          
00004865  uart_init                      
00004909  uart_receive                   
000048ed  uart_sendChar                  
00004933  uart_sendStr                   
00004cbd  vsnprintf                      


GLOBAL SYMBOLS: SORTED BY Symbol Address 

address   name                           
-------   ----                           
00000000  __TI_static_base__             
00000000  g_pfnVectors                   
00000ab1  __TI_printfi                   
00001000  __STACK_SIZE                   
00001000  __SYSMEM_SIZE                  
000013ab  __mpu_init                     
000013ad  detect                         
0000183d  linearWidth                    
00001919  explore                        
00001b21  move_backwards                 
00001b7d  turn_counterClockwise          
00001ba7  turn_clockwise                 
00001c15  move_forward                   
00001e3d  checkBumper                    
00001e73  checkCliff                     
00002079  oi_alloc                       
00002085  oi_free                        
00002095  oi_init_noupdate               
000020b9  oi_init                        
000020cf  oi_close                       
000020e1  oi_update                      
00002133  oi_parsePacket                 
0000262d  oi_setLeds                     
00002671  oi_setWheels                   
000026b3  oi_loadSong                    
00002709  oi_play_song                   
0000271d  go_charge                      
0000272b  oi_uartInit                    
000027b3  oi_uartSendChar                
000027cf  oi_uartReceive                 
000027f7  oi_uartSendStr                 
00002815  oi_uartSendBuff                
00002847  oi_checkFirmware               
000028fd  oi_shutoff_init                
0000296f  GPIOF_Handler                  
00002991  getDegrees                     
00002afd  pow                            
00002afd  powl                           
000034a9  minit                          
00003529  malloc                         
00003593  free                           
00003653  realloc                        
0000375d  memalign                       
00003849  calloc                         
00003879  lcd_init                       
00003939  lcd_putc                       
00003971  lcd_puts                       
0000398f  lcd_sendCommand                
000039cd  lcd_sendNibble                 
00003a11  lcd_gotoLine                   
00003a39  lcd_setCursorPos               
00003a77  lcd_printf                     
00003b65  ping_init                      
00003c03  send_pulse                     
00003c6d  TIMER3B_Handler                
00003ccd  ping_getDistance               
00003d7d  __aeabi_uldivmod               
00003f71  ir_init                        
00003fe3  ir_read                        
00004001  average                        
0000404d  ir_getDistance                 
00004149  __aeabi_dsub                   
00004153  __aeabi_dadd                   
000042ff  _system_post_cinit             
00004301  sqrt                           
00004301  sqrtl                          
00004471  servo_init                     
0000453d  servo_move                     
000045d5  timer_waitMillis               
00004609  timer_waitMicros               
00004633  timer_startTimer               
00004683  timer_stopTimer                
00004699  timer_startClock               
000046e5  timer_getClock                 
000046eb  timer_stopClock                
0000472d  __aeabi_ddiv                   
00004865  uart_init                      
000048ed  uart_sendChar                  
00004909  uart_receive                   
00004933  uart_sendStr                   
00004985  __aeabi_dmul                   
00004a81  ldexp                          
00004a81  ldexpl                         
00004a81  scalbn                         
00004a81  scalbnl                        
00004b7d  sinf                           
00004c21  __aeabi_memcpy                 
00004c21  __aeabi_memcpy4                
00004c21  __aeabi_memcpy8                
00004c21  memcpy                         
00004cbd  vsnprintf                      
00004d45  __aeabi_cdcmpeq                
00004d45  __aeabi_cdcmple                
00004dcb  __aeabi_cdrcmple               
00004e51  __aeabi_memclr                 
00004e51  __aeabi_memclr4                
00004e51  __aeabi_memclr8                
00004e53  __aeabi_memset                 
00004e53  __aeabi_memset4                
00004e53  __aeabi_memset8                
00004e59  memset                         
00004ecd  __TI_auto_init                 
00004f3d  __aeabi_d2f                    
00004fab  __TI_decompress_lzss           
00005015  frexp                          
00005015  frexpl                         
00005079  sprintf                        
000050d9  _c_int00                       
0000512d  C$$EXIT                        
00005131  abort                          
00005139  exit                           
00005181  ltoa                           
000051d5  atoi                           
00005221  copy_in                        
0000526d  __aeabi_d2iz                   
000052b5  __aeabi_f2d                    
000052ed  IntRegister                    
00005321  __aeabi_i2d                    
0000534f  main                           
00005373  memccpy                        
0000538f  oi_parseInt                    
000053a9  _args_main                     
000053c1  strcmp                         
000053d9  strchr                         
000053f1  _register_unlock               
000053f7  _register_lock                 
000053ff  _nop                           
00005405  copysign                       
00005405  copysignl                      
00005419  strcpy                         
0000542d  strlen                         
00005441  IntMasterEnable                
00005451  lcd_clear                      
00005461  __TI_decompress_none           
0000546f  CPUcpsie                       
0000547b  __TI_zero_init                 
00005487  ResetISR                       
00005493  _system_pre_init               
00005498  _ctypes_                       
00005774  __TI_Handler_Table_Base        
00005780  __TI_Handler_Table_Limit       
00005790  __TI_CINIT_Base                
000057a8  __TI_CINIT_Limit               
20000000  g_pfnRAMVectors                
2000026c  __stack                        
2000046c  __STACK_TOP                    
2000126c  __STACK_END                    
20001270  _sys_memory                    
200022dc  PWM                            
200022e0  fallingEdge                    
200022e4  pulseLength                    
200022e8  risingEdge                     
200022ec  state                          
20002300  __TI_cleanup_ptr               
20002304  __TI_dtors_ptr                 
20002308  __TI_enable_exit_profile_output
20002318  _lock                          
2000231c  _unlock                        
20002320  errno                          
20002324  main_func_sp                   
ffffffff  __TI_pprof_out_hndl            
ffffffff  __TI_prof_data_size            
ffffffff  __TI_prof_data_start           
ffffffff  __binit__                      
ffffffff  __c_args__                     
ffffffff  binit                          
UNDEFED   SHT$$INIT_ARRAY$$Base          
UNDEFED   SHT$$INIT_ARRAY$$Limit         

[168 symbols]
