<?xml version="1.0"?>
<link_info>
   <banner>TI ARM Linker PC v16.9.6.LTS</banner>
   <copyright>Copyright (c) 1996-2017 Texas Instruments Incorporated</copyright>
   <link_time>0x5ad99119</link_time>
   <link_errors>0x0</link_errors>
   <output_file>lab10.out</output_file>
   <entry_point>
      <name>_c_int00</name>
      <address>0x4f71</address>
   </entry_point>
   <input_file_list>
      <input_file id="fl-2">
         <path>.\</path>
         <kind>object</kind>
         <file>Timer.obj</file>
         <name>Timer.obj</name>
      </input_file>
      <input_file id="fl-3">
         <path>.\</path>
         <kind>object</kind>
         <file>WiFi.obj</file>
         <name>WiFi.obj</name>
      </input_file>
      <input_file id="fl-4">
         <path>.\</path>
         <kind>object</kind>
         <file>functions.obj</file>
         <name>functions.obj</name>
      </input_file>
      <input_file id="fl-5">
         <path>.\</path>
         <kind>object</kind>
         <file>ir.obj</file>
         <name>ir.obj</name>
      </input_file>
      <input_file id="fl-6">
         <path>.\</path>
         <kind>object</kind>
         <file>lcd.obj</file>
         <name>lcd.obj</name>
      </input_file>
      <input_file id="fl-7">
         <path>.\</path>
         <kind>object</kind>
         <file>main.obj</file>
         <name>main.obj</name>
      </input_file>
      <input_file id="fl-8">
         <path>.\</path>
         <kind>object</kind>
         <file>open_interface.obj</file>
         <name>open_interface.obj</name>
      </input_file>
      <input_file id="fl-9">
         <path>.\</path>
         <kind>object</kind>
         <file>ping.obj</file>
         <name>ping.obj</name>
      </input_file>
      <input_file id="fl-a">
         <path>.\</path>
         <kind>object</kind>
         <file>servo.obj</file>
         <name>servo.obj</name>
      </input_file>
      <input_file id="fl-b">
         <path>.\</path>
         <kind>object</kind>
         <file>tm4c123gh6pm_startup_ccs.obj</file>
         <name>tm4c123gh6pm_startup_ccs.obj</name>
      </input_file>
      <input_file id="fl-c">
         <path>.\</path>
         <kind>object</kind>
         <file>uart.obj</file>
         <name>uart.obj</name>
      </input_file>
      <input_file id="fl-11">
         <kind>object</kind>
         <file>&lt;internal&gt;</file>
         <name>&lt;internal&gt;</name>
      </input_file>
      <input_file id="fl-c7">
         <path>C:\ti\ccsv7\tools\compiler\ti-cgt-arm_16.9.6.LTS\lib\</path>
         <kind>archive</kind>
         <file>rtsv7M4_T_le_v4SPD16_eabi.lib</file>
         <name>boot.obj</name>
      </input_file>
      <input_file id="fl-c8">
         <path>C:\ti\ccsv7\tools\compiler\ti-cgt-arm_16.9.6.LTS\lib\</path>
         <kind>archive</kind>
         <file>rtsv7M4_T_le_v4SPD16_eabi.lib</file>
         <name>copy_decompress_lzss.obj</name>
      </input_file>
      <input_file id="fl-c9">
         <path>C:\ti\ccsv7\tools\compiler\ti-cgt-arm_16.9.6.LTS\lib\</path>
         <kind>archive</kind>
         <file>rtsv7M4_T_le_v4SPD16_eabi.lib</file>
         <name>copy_decompress_none.obj</name>
      </input_file>
      <input_file id="fl-ca">
         <path>C:\ti\ccsv7\tools\compiler\ti-cgt-arm_16.9.6.LTS\lib\</path>
         <kind>archive</kind>
         <file>rtsv7M4_T_le_v4SPD16_eabi.lib</file>
         <name>copy_zero_init.obj</name>
      </input_file>
      <input_file id="fl-cb">
         <path>C:\ti\ccsv7\tools\compiler\ti-cgt-arm_16.9.6.LTS\lib\</path>
         <kind>archive</kind>
         <file>rtsv7M4_T_le_v4SPD16_eabi.lib</file>
         <name>e_pow.obj</name>
      </input_file>
      <input_file id="fl-cc">
         <path>C:\ti\ccsv7\tools\compiler\ti-cgt-arm_16.9.6.LTS\lib\</path>
         <kind>archive</kind>
         <file>rtsv7M4_T_le_v4SPD16_eabi.lib</file>
         <name>e_sqrt.obj</name>
      </input_file>
      <input_file id="fl-cd">
         <path>C:\ti\ccsv7\tools\compiler\ti-cgt-arm_16.9.6.LTS\lib\</path>
         <kind>archive</kind>
         <file>rtsv7M4_T_le_v4SPD16_eabi.lib</file>
         <name>errno.obj</name>
      </input_file>
      <input_file id="fl-ce">
         <path>C:\ti\ccsv7\tools\compiler\ti-cgt-arm_16.9.6.LTS\lib\</path>
         <kind>archive</kind>
         <file>rtsv7M4_T_le_v4SPD16_eabi.lib</file>
         <name>exit.obj</name>
      </input_file>
      <input_file id="fl-cf">
         <path>C:\ti\ccsv7\tools\compiler\ti-cgt-arm_16.9.6.LTS\lib\</path>
         <kind>archive</kind>
         <file>rtsv7M4_T_le_v4SPD16_eabi.lib</file>
         <name>fd_add_t2.obj</name>
      </input_file>
      <input_file id="fl-d0">
         <path>C:\ti\ccsv7\tools\compiler\ti-cgt-arm_16.9.6.LTS\lib\</path>
         <kind>archive</kind>
         <file>rtsv7M4_T_le_v4SPD16_eabi.lib</file>
         <name>fd_cmp_t2.obj</name>
      </input_file>
      <input_file id="fl-d1">
         <path>C:\ti\ccsv7\tools\compiler\ti-cgt-arm_16.9.6.LTS\lib\</path>
         <kind>archive</kind>
         <file>rtsv7M4_T_le_v4SPD16_eabi.lib</file>
         <name>fd_div_t2.obj</name>
      </input_file>
      <input_file id="fl-d2">
         <path>C:\ti\ccsv7\tools\compiler\ti-cgt-arm_16.9.6.LTS\lib\</path>
         <kind>archive</kind>
         <file>rtsv7M4_T_le_v4SPD16_eabi.lib</file>
         <name>fd_mul_t2.obj</name>
      </input_file>
      <input_file id="fl-d3">
         <path>C:\ti\ccsv7\tools\compiler\ti-cgt-arm_16.9.6.LTS\lib\</path>
         <kind>archive</kind>
         <file>rtsv7M4_T_le_v4SPD16_eabi.lib</file>
         <name>fd_toi_t2.obj</name>
      </input_file>
      <input_file id="fl-d4">
         <path>C:\ti\ccsv7\tools\compiler\ti-cgt-arm_16.9.6.LTS\lib\</path>
         <kind>archive</kind>
         <file>rtsv7M4_T_le_v4SPD16_eabi.lib</file>
         <name>fd_tos_t2.obj</name>
      </input_file>
      <input_file id="fl-d5">
         <path>C:\ti\ccsv7\tools\compiler\ti-cgt-arm_16.9.6.LTS\lib\</path>
         <kind>archive</kind>
         <file>rtsv7M4_T_le_v4SPD16_eabi.lib</file>
         <name>fs_tod_t2.obj</name>
      </input_file>
      <input_file id="fl-d6">
         <path>C:\ti\ccsv7\tools\compiler\ti-cgt-arm_16.9.6.LTS\lib\</path>
         <kind>archive</kind>
         <file>rtsv7M4_T_le_v4SPD16_eabi.lib</file>
         <name>i_tofd_t2.obj</name>
      </input_file>
      <input_file id="fl-d7">
         <path>C:\ti\ccsv7\tools\compiler\ti-cgt-arm_16.9.6.LTS\lib\</path>
         <kind>archive</kind>
         <file>rtsv7M4_T_le_v4SPD16_eabi.lib</file>
         <name>memcpy_t2.obj</name>
      </input_file>
      <input_file id="fl-d8">
         <path>C:\ti\ccsv7\tools\compiler\ti-cgt-arm_16.9.6.LTS\lib\</path>
         <kind>archive</kind>
         <file>rtsv7M4_T_le_v4SPD16_eabi.lib</file>
         <name>memory.obj</name>
      </input_file>
      <input_file id="fl-d9">
         <path>C:\ti\ccsv7\tools\compiler\ti-cgt-arm_16.9.6.LTS\lib\</path>
         <kind>archive</kind>
         <file>rtsv7M4_T_le_v4SPD16_eabi.lib</file>
         <name>memset_t2.obj</name>
      </input_file>
      <input_file id="fl-da">
         <path>C:\ti\ccsv7\tools\compiler\ti-cgt-arm_16.9.6.LTS\lib\</path>
         <kind>archive</kind>
         <file>rtsv7M4_T_le_v4SPD16_eabi.lib</file>
         <name>mpu_init.obj</name>
      </input_file>
      <input_file id="fl-db">
         <path>C:\ti\ccsv7\tools\compiler\ti-cgt-arm_16.9.6.LTS\lib\</path>
         <kind>archive</kind>
         <file>rtsv7M4_T_le_v4SPD16_eabi.lib</file>
         <name>pre_init.obj</name>
      </input_file>
      <input_file id="fl-dc">
         <path>C:\ti\ccsv7\tools\compiler\ti-cgt-arm_16.9.6.LTS\lib\</path>
         <kind>archive</kind>
         <file>rtsv7M4_T_le_v4SPD16_eabi.lib</file>
         <name>s_scalbn.obj</name>
      </input_file>
      <input_file id="fl-dd">
         <path>C:\ti\ccsv7\tools\compiler\ti-cgt-arm_16.9.6.LTS\lib\</path>
         <kind>archive</kind>
         <file>rtsv7M4_T_le_v4SPD16_eabi.lib</file>
         <name>s_tanf.obj</name>
      </input_file>
      <input_file id="fl-de">
         <path>C:\ti\ccsv7\tools\compiler\ti-cgt-arm_16.9.6.LTS\lib\</path>
         <kind>archive</kind>
         <file>rtsv7M4_T_le_v4SPD16_eabi.lib</file>
         <name>sprintf.obj</name>
      </input_file>
      <input_file id="fl-df">
         <path>C:\ti\ccsv7\tools\compiler\ti-cgt-arm_16.9.6.LTS\lib\</path>
         <kind>archive</kind>
         <file>rtsv7M4_T_le_v4SPD16_eabi.lib</file>
         <name>stkdepth_vars.obj</name>
      </input_file>
      <input_file id="fl-e0">
         <path>C:\ti\ccsv7\tools\compiler\ti-cgt-arm_16.9.6.LTS\lib\</path>
         <kind>archive</kind>
         <file>rtsv7M4_T_le_v4SPD16_eabi.lib</file>
         <name>strcmp.obj</name>
      </input_file>
      <input_file id="fl-e1">
         <path>C:\ti\ccsv7\tools\compiler\ti-cgt-arm_16.9.6.LTS\lib\</path>
         <kind>archive</kind>
         <file>rtsv7M4_T_le_v4SPD16_eabi.lib</file>
         <name>strcpy.obj</name>
      </input_file>
      <input_file id="fl-e2">
         <path>C:\ti\ccsv7\tools\compiler\ti-cgt-arm_16.9.6.LTS\lib\</path>
         <kind>archive</kind>
         <file>rtsv7M4_T_le_v4SPD16_eabi.lib</file>
         <name>strlen.obj</name>
      </input_file>
      <input_file id="fl-e3">
         <path>C:\ti\ccsv7\tools\compiler\ti-cgt-arm_16.9.6.LTS\lib\</path>
         <kind>archive</kind>
         <file>rtsv7M4_T_le_v4SPD16_eabi.lib</file>
         <name>vsnprintf.obj</name>
      </input_file>
      <input_file id="fl-e4">
         <path>C:\ti\ccsv7\tools\compiler\ti-cgt-arm_16.9.6.LTS\lib\</path>
         <kind>archive</kind>
         <file>rtsv7M4_T_le_v4SPD16_eabi.lib</file>
         <name>_lock.obj</name>
      </input_file>
      <input_file id="fl-e5">
         <path>C:\ti\ccsv7\tools\compiler\ti-cgt-arm_16.9.6.LTS\lib\</path>
         <kind>archive</kind>
         <file>rtsv7M4_T_le_v4SPD16_eabi.lib</file>
         <name>_printfi.obj</name>
      </input_file>
      <input_file id="fl-e6">
         <path>C:\ti\ccsv7\tools\compiler\ti-cgt-arm_16.9.6.LTS\lib\</path>
         <kind>archive</kind>
         <file>rtsv7M4_T_le_v4SPD16_eabi.lib</file>
         <name>args_main.obj</name>
      </input_file>
      <input_file id="fl-e7">
         <path>C:\ti\ccsv7\tools\compiler\ti-cgt-arm_16.9.6.LTS\lib\</path>
         <kind>archive</kind>
         <file>rtsv7M4_T_le_v4SPD16_eabi.lib</file>
         <name>atoi.obj</name>
      </input_file>
      <input_file id="fl-e8">
         <path>C:\ti\ccsv7\tools\compiler\ti-cgt-arm_16.9.6.LTS\lib\</path>
         <kind>archive</kind>
         <file>rtsv7M4_T_le_v4SPD16_eabi.lib</file>
         <name>autoinit.obj</name>
      </input_file>
      <input_file id="fl-e9">
         <path>C:\ti\ccsv7\tools\compiler\ti-cgt-arm_16.9.6.LTS\lib\</path>
         <kind>archive</kind>
         <file>rtsv7M4_T_le_v4SPD16_eabi.lib</file>
         <name>cpy_tbl.obj</name>
      </input_file>
      <input_file id="fl-ea">
         <path>C:\ti\ccsv7\tools\compiler\ti-cgt-arm_16.9.6.LTS\lib\</path>
         <kind>archive</kind>
         <file>rtsv7M4_T_le_v4SPD16_eabi.lib</file>
         <name>ctype.obj</name>
      </input_file>
      <input_file id="fl-eb">
         <path>C:\ti\ccsv7\tools\compiler\ti-cgt-arm_16.9.6.LTS\lib\</path>
         <kind>archive</kind>
         <file>rtsv7M4_T_le_v4SPD16_eabi.lib</file>
         <name>ltoa.obj</name>
      </input_file>
      <input_file id="fl-ec">
         <path>C:\ti\ccsv7\tools\compiler\ti-cgt-arm_16.9.6.LTS\lib\</path>
         <kind>archive</kind>
         <file>rtsv7M4_T_le_v4SPD16_eabi.lib</file>
         <name>memccpy.obj</name>
      </input_file>
      <input_file id="fl-ed">
         <path>C:\ti\ccsv7\tools\compiler\ti-cgt-arm_16.9.6.LTS\lib\</path>
         <kind>archive</kind>
         <file>rtsv7M4_T_le_v4SPD16_eabi.lib</file>
         <name>s_copysign.obj</name>
      </input_file>
      <input_file id="fl-ee">
         <path>C:\ti\ccsv7\tools\compiler\ti-cgt-arm_16.9.6.LTS\lib\</path>
         <kind>archive</kind>
         <file>rtsv7M4_T_le_v4SPD16_eabi.lib</file>
         <name>s_frexp.obj</name>
      </input_file>
      <input_file id="fl-ef">
         <path>C:\ti\ccsv7\tools\compiler\ti-cgt-arm_16.9.6.LTS\lib\</path>
         <kind>archive</kind>
         <file>rtsv7M4_T_le_v4SPD16_eabi.lib</file>
         <name>startup.obj</name>
      </input_file>
      <input_file id="fl-f0">
         <path>C:\ti\ccsv7\tools\compiler\ti-cgt-arm_16.9.6.LTS\lib\</path>
         <kind>archive</kind>
         <file>rtsv7M4_T_le_v4SPD16_eabi.lib</file>
         <name>strchr.obj</name>
      </input_file>
      <input_file id="fl-f1">
         <path>C:\ti\ccsv7\tools\compiler\ti-cgt-arm_16.9.6.LTS\lib\</path>
         <kind>archive</kind>
         <file>rtsv7M4_T_le_v4SPD16_eabi.lib</file>
         <name>ull_div_t2.obj</name>
      </input_file>
      <input_file id="fl-f2">
         <path>C:\ti\TivaWare_C_Series-2.1.2.111\driverlib\ccs\Debug\</path>
         <kind>archive</kind>
         <file>driverlib.lib</file>
         <name>interrupt.obj</name>
      </input_file>
      <input_file id="fl-f3">
         <path>C:\ti\TivaWare_C_Series-2.1.2.111\driverlib\ccs\Debug\</path>
         <kind>archive</kind>
         <file>driverlib.lib</file>
         <name>cpu.obj</name>
      </input_file>
   </input_file_list>
   <object_component_list>
      <object_component id="oc-f">
         <name>.intvecs</name>
         <load_address>0x0</load_address>
         <run_address>0x0</run_address>
         <size>0x26c</size>
         <input_file_ref idref="fl-b"/>
      </object_component>
      <object_component id="oc-1e5">
         <name>.text</name>
         <load_address>0x26c</load_address>
         <run_address>0x26c</run_address>
         <size>0x113e</size>
         <input_file_ref idref="fl-e5"/>
      </object_component>
      <object_component id="oc-5a">
         <name>.text</name>
         <load_address>0x13aa</load_address>
         <run_address>0x13aa</run_address>
         <size>0x2</size>
         <input_file_ref idref="fl-da"/>
      </object_component>
      <object_component id="oc-102">
         <name>.text</name>
         <load_address>0x13ac</load_address>
         <run_address>0x13ac</run_address>
         <size>0xb6c</size>
         <input_file_ref idref="fl-4"/>
      </object_component>
      <object_component id="oc-1b5">
         <name>.text</name>
         <load_address>0x1f18</load_address>
         <run_address>0x1f18</run_address>
         <size>0xa84</size>
         <input_file_ref idref="fl-8"/>
      </object_component>
      <object_component id="oc-183">
         <name>.text</name>
         <load_address>0x299c</load_address>
         <run_address>0x299c</run_address>
         <size>0x9ac</size>
         <input_file_ref idref="fl-cb"/>
      </object_component>
      <object_component id="oc-24b">
         <name>.text</name>
         <load_address>0x3348</load_address>
         <run_address>0x3348</run_address>
         <size>0x3d0</size>
         <input_file_ref idref="fl-d8"/>
      </object_component>
      <object_component id="oc-e4">
         <name>.text</name>
         <load_address>0x3718</load_address>
         <run_address>0x3718</run_address>
         <size>0x2ec</size>
         <input_file_ref idref="fl-6"/>
      </object_component>
      <object_component id="oc-ea">
         <name>.text</name>
         <load_address>0x3a04</load_address>
         <run_address>0x3a04</run_address>
         <size>0x218</size>
         <input_file_ref idref="fl-9"/>
      </object_component>
      <object_component id="oc-277">
         <name>.text</name>
         <load_address>0x3c1c</load_address>
         <run_address>0x3c1c</run_address>
         <size>0x1f4</size>
         <input_file_ref idref="fl-f1"/>
      </object_component>
      <object_component id="oc-f6">
         <name>.text</name>
         <load_address>0x3e10</load_address>
         <run_address>0x3e10</run_address>
         <size>0x1d8</size>
         <input_file_ref idref="fl-5"/>
      </object_component>
      <object_component id="oc-19f">
         <name>.text</name>
         <load_address>0x3fe8</load_address>
         <run_address>0x3fe8</run_address>
         <size>0x1b6</size>
         <input_file_ref idref="fl-cf"/>
      </object_component>
      <object_component id="oc-a6">
         <name>.text</name>
         <load_address>0x419e</load_address>
         <run_address>0x419e</run_address>
         <size>0x2</size>
         <input_file_ref idref="fl-ef"/>
      </object_component>
      <object_component id="oc-228">
         <name>.text</name>
         <load_address>0x41a0</load_address>
         <run_address>0x41a0</run_address>
         <size>0x170</size>
         <input_file_ref idref="fl-cc"/>
      </object_component>
      <object_component id="oc-fc">
         <name>.text</name>
         <load_address>0x4310</load_address>
         <run_address>0x4310</run_address>
         <size>0x158</size>
         <input_file_ref idref="fl-2"/>
      </object_component>
      <object_component id="oc-f0">
         <name>.text</name>
         <load_address>0x4468</load_address>
         <run_address>0x4468</run_address>
         <size>0x154</size>
         <input_file_ref idref="fl-a"/>
      </object_component>
      <object_component id="oc-1a4">
         <name>.text</name>
         <load_address>0x45bc</load_address>
         <run_address>0x45bc</run_address>
         <size>0x136</size>
         <input_file_ref idref="fl-d1"/>
      </object_component>
      <object_component id="oc-de">
         <name>.text</name>
         <load_address>0x46f4</load_address>
         <run_address>0x46f4</run_address>
         <size>0x120</size>
         <input_file_ref idref="fl-c"/>
      </object_component>
      <object_component id="oc-170">
         <name>.text</name>
         <load_address>0x4814</load_address>
         <run_address>0x4814</run_address>
         <size>0xfc</size>
         <input_file_ref idref="fl-d2"/>
      </object_component>
      <object_component id="oc-234">
         <name>.text</name>
         <load_address>0x4910</load_address>
         <run_address>0x4910</run_address>
         <size>0xfc</size>
         <input_file_ref idref="fl-dc"/>
      </object_component>
      <object_component id="oc-1af">
         <name>.text</name>
         <load_address>0x4a0c</load_address>
         <run_address>0x4a0c</run_address>
         <size>0xac</size>
         <input_file_ref idref="fl-dd"/>
      </object_component>
      <object_component id="oc-42">
         <name>.text</name>
         <load_address>0x4ab8</load_address>
         <run_address>0x4ab8</run_address>
         <size>0x9c</size>
         <input_file_ref idref="fl-d7"/>
      </object_component>
      <object_component id="oc-133">
         <name>.text</name>
         <load_address>0x4b54</load_address>
         <run_address>0x4b54</run_address>
         <size>0x88</size>
         <input_file_ref idref="fl-e3"/>
      </object_component>
      <object_component id="oc-19a">
         <name>.text:__aeabi_cdcmple</name>
         <load_address>0x4bdc</load_address>
         <run_address>0x4bdc</run_address>
         <size>0x86</size>
         <input_file_ref idref="fl-d0"/>
      </object_component>
      <object_component id="oc-195">
         <name>.text:__aeabi_cdrcmple</name>
         <load_address>0x4c62</load_address>
         <run_address>0x4c62</run_address>
         <size>0x86</size>
         <input_file_ref idref="fl-d0"/>
      </object_component>
      <object_component id="oc-4e">
         <name>.text</name>
         <load_address>0x4ce8</load_address>
         <run_address>0x4ce8</run_address>
         <size>0x7a</size>
         <input_file_ref idref="fl-d9"/>
      </object_component>
      <object_component id="oc-66">
         <name>.text</name>
         <load_address>0x4d64</load_address>
         <run_address>0x4d64</run_address>
         <size>0x70</size>
         <input_file_ref idref="fl-e8"/>
      </object_component>
      <object_component id="oc-189">
         <name>.text</name>
         <load_address>0x4dd4</load_address>
         <run_address>0x4dd4</run_address>
         <size>0x6e</size>
         <input_file_ref idref="fl-d4"/>
      </object_component>
      <object_component id="oc-12">
         <name>.text:decompress:lzss</name>
         <load_address>0x4e42</load_address>
         <run_address>0x4e42</run_address>
         <size>0x68</size>
         <input_file_ref idref="fl-c8"/>
      </object_component>
      <object_component id="oc-288">
         <name>.text</name>
         <load_address>0x4eac</load_address>
         <run_address>0x4eac</run_address>
         <size>0x64</size>
         <input_file_ref idref="fl-ee"/>
      </object_component>
      <object_component id="oc-1a9">
         <name>.text</name>
         <load_address>0x4f10</load_address>
         <run_address>0x4f10</run_address>
         <size>0x60</size>
         <input_file_ref idref="fl-de"/>
      </object_component>
      <object_component id="oc-24">
         <name>.text</name>
         <load_address>0x4f70</load_address>
         <run_address>0x4f70</run_address>
         <size>0x54</size>
         <input_file_ref idref="fl-c7"/>
      </object_component>
      <object_component id="oc-72">
         <name>.text</name>
         <load_address>0x4fc4</load_address>
         <run_address>0x4fc4</run_address>
         <size>0x54</size>
         <input_file_ref idref="fl-ce"/>
      </object_component>
      <object_component id="oc-282">
         <name>.text</name>
         <load_address>0x5018</load_address>
         <run_address>0x5018</run_address>
         <size>0x54</size>
         <input_file_ref idref="fl-eb"/>
      </object_component>
      <object_component id="oc-294">
         <name>.text</name>
         <load_address>0x506c</load_address>
         <run_address>0x506c</run_address>
         <size>0x4c</size>
         <input_file_ref idref="fl-e7"/>
      </object_component>
      <object_component id="oc-a0">
         <name>.text</name>
         <load_address>0x50b8</load_address>
         <run_address>0x50b8</run_address>
         <size>0x4c</size>
         <input_file_ref idref="fl-e9"/>
      </object_component>
      <object_component id="oc-175">
         <name>.text</name>
         <load_address>0x5104</load_address>
         <run_address>0x5104</run_address>
         <size>0x48</size>
         <input_file_ref idref="fl-d3"/>
      </object_component>
      <object_component id="oc-17e">
         <name>.text</name>
         <load_address>0x514c</load_address>
         <run_address>0x514c</run_address>
         <size>0x38</size>
         <input_file_ref idref="fl-d5"/>
      </object_component>
      <object_component id="oc-14f">
         <name>.text:IntRegister</name>
         <load_address>0x5184</load_address>
         <run_address>0x5184</run_address>
         <size>0x34</size>
         <input_file_ref idref="fl-f2"/>
      </object_component>
      <object_component id="oc-16b">
         <name>.text</name>
         <load_address>0x51b8</load_address>
         <run_address>0x51b8</run_address>
         <size>0x2e</size>
         <input_file_ref idref="fl-d6"/>
      </object_component>
      <object_component id="oc-ae">
         <name>.text</name>
         <load_address>0x51e6</load_address>
         <run_address>0x51e6</run_address>
         <size>0x24</size>
         <input_file_ref idref="fl-7"/>
      </object_component>
      <object_component id="oc-29a">
         <name>.text</name>
         <load_address>0x520a</load_address>
         <run_address>0x520a</run_address>
         <size>0x1c</size>
         <input_file_ref idref="fl-ec"/>
      </object_component>
      <object_component id="oc-251">
         <name>.text:oi_parseInt</name>
         <load_address>0x5226</load_address>
         <run_address>0x5226</run_address>
         <size>0x18</size>
         <input_file_ref idref="fl-8"/>
      </object_component>
      <object_component id="oc-6c">
         <name>.text</name>
         <load_address>0x5240</load_address>
         <run_address>0x5240</run_address>
         <size>0x18</size>
         <input_file_ref idref="fl-e6"/>
      </object_component>
      <object_component id="oc-139">
         <name>.text</name>
         <load_address>0x5258</load_address>
         <run_address>0x5258</run_address>
         <size>0x18</size>
         <input_file_ref idref="fl-e0"/>
      </object_component>
      <object_component id="oc-28e">
         <name>.text</name>
         <load_address>0x5270</load_address>
         <run_address>0x5270</run_address>
         <size>0x16</size>
         <input_file_ref idref="fl-f0"/>
      </object_component>
      <object_component id="oc-112">
         <name>.text</name>
         <load_address>0x5288</load_address>
         <run_address>0x5288</run_address>
         <size>0x14</size>
         <input_file_ref idref="fl-e4"/>
      </object_component>
      <object_component id="oc-2bd">
         <name>.text</name>
         <load_address>0x529c</load_address>
         <run_address>0x529c</run_address>
         <size>0x14</size>
         <input_file_ref idref="fl-ed"/>
      </object_component>
      <object_component id="oc-13f">
         <name>.text</name>
         <load_address>0x52b0</load_address>
         <run_address>0x52b0</run_address>
         <size>0x14</size>
         <input_file_ref idref="fl-e1"/>
      </object_component>
      <object_component id="oc-27c">
         <name>.text</name>
         <load_address>0x52c4</load_address>
         <run_address>0x52c4</run_address>
         <size>0x14</size>
         <input_file_ref idref="fl-e2"/>
      </object_component>
      <object_component id="oc-155">
         <name>.text:IntMasterEnable</name>
         <load_address>0x52d8</load_address>
         <run_address>0x52d8</run_address>
         <size>0x10</size>
         <input_file_ref idref="fl-f2"/>
      </object_component>
      <object_component id="oc-12c">
         <name>.text:lcd_clear</name>
         <load_address>0x52e8</load_address>
         <run_address>0x52e8</run_address>
         <size>0x10</size>
         <input_file_ref idref="fl-6"/>
      </object_component>
      <object_component id="oc-18">
         <name>.text:decompress:none</name>
         <load_address>0x52f8</load_address>
         <run_address>0x52f8</run_address>
         <size>0xe</size>
         <input_file_ref idref="fl-c9"/>
      </object_component>
      <object_component id="oc-207">
         <name>.text:CPUcpsie</name>
         <load_address>0x5306</load_address>
         <run_address>0x5306</run_address>
         <size>0xc</size>
         <input_file_ref idref="fl-f3"/>
      </object_component>
      <object_component id="oc-1e">
         <name>.text:decompress:ZI</name>
         <load_address>0x5312</load_address>
         <run_address>0x5312</run_address>
         <size>0xc</size>
         <input_file_ref idref="fl-ca"/>
      </object_component>
      <object_component id="oc-2e">
         <name>.text</name>
         <load_address>0x531e</load_address>
         <run_address>0x531e</run_address>
         <size>0xc</size>
         <input_file_ref idref="fl-b"/>
      </object_component>
      <object_component id="oc-60">
         <name>.text</name>
         <load_address>0x532a</load_address>
         <run_address>0x532a</run_address>
         <size>0x4</size>
         <input_file_ref idref="fl-db"/>
      </object_component>
      <object_component id="oc-2e1">
         <name>.const:.string:_ctypes_</name>
         <load_address>0x5330</load_address>
         <run_address>0x5330</run_address>
         <size>0x101</size>
         <input_file_ref idref="fl-ea"/>
      </object_component>
      <object_component id="oc-145">
         <name>.const:.string:lineAddress$1</name>
         <load_address>0x5431</load_address>
         <run_address>0x5431</run_address>
         <size>0x4</size>
         <input_file_ref idref="fl-6"/>
      </object_component>
      <object_component id="oc-231">
         <name>.const:$O1$$</name>
         <load_address>0x5438</load_address>
         <run_address>0x5438</run_address>
         <size>0x30</size>
         <input_file_ref idref="fl-cb"/>
      </object_component>
      <object_component id="oc-1d9">
         <name>.const:.string:$P$T10$11</name>
         <load_address>0x5468</load_address>
         <run_address>0x5468</run_address>
         <size>0x26</size>
         <input_file_ref idref="fl-4"/>
      </object_component>
      <object_component id="oc-1c4">
         <name>.const:.string:$P$T3$4</name>
         <load_address>0x548e</load_address>
         <run_address>0x548e</run_address>
         <size>0x25</size>
         <input_file_ref idref="fl-4"/>
      </object_component>
      <object_component id="oc-1ca">
         <name>.const:.string:$P$T5$6</name>
         <load_address>0x54b3</load_address>
         <run_address>0x54b3</run_address>
         <size>0x25</size>
         <input_file_ref idref="fl-4"/>
      </object_component>
      <object_component id="oc-1d3">
         <name>.const:.string:$P$T8$9</name>
         <load_address>0x54d8</load_address>
         <run_address>0x54d8</run_address>
         <size>0x24</size>
         <input_file_ref idref="fl-4"/>
      </object_component>
      <object_component id="oc-1d6">
         <name>.const:.string:$P$T9$10</name>
         <load_address>0x54fc</load_address>
         <run_address>0x54fc</run_address>
         <size>0x24</size>
         <input_file_ref idref="fl-4"/>
      </object_component>
      <object_component id="oc-1cd">
         <name>.const:.string:$P$T6$7</name>
         <load_address>0x5520</load_address>
         <run_address>0x5520</run_address>
         <size>0x22</size>
         <input_file_ref idref="fl-4"/>
      </object_component>
      <object_component id="oc-1dc">
         <name>.const:.string:$P$T11$12</name>
         <load_address>0x5542</load_address>
         <run_address>0x5542</run_address>
         <size>0x21</size>
         <input_file_ref idref="fl-4"/>
      </object_component>
      <object_component id="oc-1c1">
         <name>.const:.string:$P$T2$3</name>
         <load_address>0x5563</load_address>
         <run_address>0x5563</run_address>
         <size>0x20</size>
         <input_file_ref idref="fl-4"/>
      </object_component>
      <object_component id="oc-1c7">
         <name>.const:.string:$P$T4$5</name>
         <load_address>0x5583</load_address>
         <run_address>0x5583</run_address>
         <size>0x20</size>
         <input_file_ref idref="fl-4"/>
      </object_component>
      <object_component id="oc-1be">
         <name>.const:.string:$P$T1$2</name>
         <load_address>0x55a3</load_address>
         <run_address>0x55a3</run_address>
         <size>0x13</size>
         <input_file_ref idref="fl-4"/>
      </object_component>
      <object_component id="oc-1bb">
         <name>.const:.string:$P$T0$1</name>
         <load_address>0x55b6</load_address>
         <run_address>0x55b6</run_address>
         <size>0x11</size>
         <input_file_ref idref="fl-4"/>
      </object_component>
      <object_component id="oc-259">
         <name>.const:.string:$P$T0$3</name>
         <load_address>0x55c7</load_address>
         <run_address>0x55c7</run_address>
         <size>0xf</size>
         <input_file_ref idref="fl-8"/>
      </object_component>
      <object_component id="oc-1d0">
         <name>.const:.string:$P$T7$8</name>
         <load_address>0x55d6</load_address>
         <run_address>0x55d6</run_address>
         <size>0xf</size>
         <input_file_ref idref="fl-4"/>
      </object_component>
      <object_component id="oc-146">
         <name>.const:.string:lineAddresses$2</name>
         <load_address>0x55e5</load_address>
         <run_address>0x55e5</run_address>
         <size>0x4</size>
         <input_file_ref idref="fl-6"/>
      </object_component>
      <object_component id="oc-329">
         <name>.cinit..data.load</name>
         <load_address>0x55f0</load_address>
         <run_address>0x55f0</run_address>
         <size>0x1c</size>
      </object_component>
      <object_component id="oc-326">
         <name>__TI_handler_table</name>
         <load_address>0x560c</load_address>
         <run_address>0x560c</run_address>
         <size>0xc</size>
      </object_component>
      <object_component id="oc-32a">
         <name>.cinit..bss.load</name>
         <load_address>0x5618</load_address>
         <run_address>0x5618</run_address>
         <size>0x8</size>
      </object_component>
      <object_component id="oc-328">
         <name>.cinit..vtable.load</name>
         <load_address>0x5620</load_address>
         <run_address>0x5620</run_address>
         <size>0x8</size>
      </object_component>
      <object_component id="oc-327">
         <name>__TI_cinit_table</name>
         <load_address>0x5628</load_address>
         <run_address>0x5628</run_address>
         <size>0x18</size>
      </object_component>
      <object_component id="oc-202">
         <name>.vtable</name>
         <uninitialized>true</uninitialized>
         <run_address>0x20000000</run_address>
         <size>0x26c</size>
         <input_file_ref idref="fl-f2"/>
      </object_component>
      <object_component id="oc-258">
         <name>.data</name>
         <load_address>0x20000ef0</load_address>
         <run_address>0x20000ef0</run_address>
         <size>0x10</size>
         <input_file_ref idref="fl-8"/>
      </object_component>
      <object_component id="oc-22e">
         <name>.data</name>
         <load_address>0x20000f20</load_address>
         <run_address>0x20000f20</run_address>
         <size>0x4</size>
         <input_file_ref idref="fl-cd"/>
      </object_component>
      <object_component id="oc-b6">
         <name>.data:$O1$$</name>
         <load_address>0x20000f00</load_address>
         <run_address>0x20000f00</run_address>
         <size>0xc</size>
         <input_file_ref idref="fl-ce"/>
      </object_component>
      <object_component id="oc-2d0">
         <name>.data:$O1$$</name>
         <load_address>0x20000f0c</load_address>
         <run_address>0x20000f0c</run_address>
         <size>0xc</size>
         <input_file_ref idref="fl-d8"/>
      </object_component>
      <object_component id="oc-78">
         <name>.data</name>
         <load_address>0x20000f24</load_address>
         <run_address>0x20000f24</run_address>
         <size>0x4</size>
         <input_file_ref idref="fl-df"/>
      </object_component>
      <object_component id="oc-b9">
         <name>.data:$O1$$</name>
         <load_address>0x20000f18</load_address>
         <run_address>0x20000f18</run_address>
         <size>0x8</size>
         <input_file_ref idref="fl-e4"/>
      </object_component>
      <object_component id="oc-147">
         <name>.bss:lastbuffer$3</name>
         <uninitialized>true</uninitialized>
         <run_address>0x20000e70</run_address>
         <size>0x54</size>
         <input_file_ref idref="fl-6"/>
      </object_component>
      <object_component id="oc-25c">
         <name>.bss:firmware$2</name>
         <uninitialized>true</uninitialized>
         <run_address>0x20000ec4</run_address>
         <size>0x18</size>
         <input_file_ref idref="fl-8"/>
      </object_component>
      <object_component id="oc-17a">
         <name>.common:PWM</name>
         <uninitialized>true</uninitialized>
         <run_address>0x20000edc</run_address>
         <size>0x4</size>
      </object_component>
      <object_component id="oc-15b">
         <name>.common:state</name>
         <uninitialized>true</uninitialized>
         <run_address>0x20000eec</run_address>
         <size>0x1</size>
      </object_component>
      <object_component id="oc-162">
         <name>.common:risingEdge</name>
         <uninitialized>true</uninitialized>
         <run_address>0x20000ee8</run_address>
         <size>0x4</size>
      </object_component>
      <object_component id="oc-163">
         <name>.common:fallingEdge</name>
         <uninitialized>true</uninitialized>
         <run_address>0x20000ee0</run_address>
         <size>0x4</size>
      </object_component>
      <object_component id="oc-164">
         <name>.common:pulseLength</name>
         <uninitialized>true</uninitialized>
         <run_address>0x20000ee4</run_address>
         <size>0x4</size>
      </object_component>
      <object_component id="oc-2b">
         <name>.sysmem</name>
         <uninitialized>true</uninitialized>
         <run_address>0x20000a70</run_address>
         <size>0x8</size>
         <input_file_ref idref="fl-d8"/>
      </object_component>
      <object_component id="oc-32c">
         <name>.sysmem</name>
         <uninitialized>true</uninitialized>
         <run_address>0x20000a70</run_address>
         <size>0x0</size>
      </object_component>
      <object_component id="oc-2a">
         <name>.stack</name>
         <uninitialized>true</uninitialized>
         <run_address>0x2000026c</run_address>
         <size>0x0</size>
         <input_file_ref idref="fl-c7"/>
      </object_component>
      <object_component id="oc-32b">
         <name>.stack</name>
         <uninitialized>true</uninitialized>
         <run_address>0x2000026c</run_address>
         <size>0x0</size>
      </object_component>
      <object_component id="oc-fd">
         <name>.debug_info</name>
         <load_address>0x0</load_address>
         <run_address>0x0</run_address>
         <size>0x403</size>
         <input_file_ref idref="fl-2"/>
      </object_component>
      <object_component id="oc-3d">
         <name>.debug_info</name>
         <load_address>0x403</load_address>
         <run_address>0x403</run_address>
         <size>0x84</size>
         <input_file_ref idref="fl-2"/>
      </object_component>
      <object_component id="oc-83">
         <name>.debug_info</name>
         <load_address>0x487</load_address>
         <run_address>0x487</run_address>
         <size>0x18b</size>
         <input_file_ref idref="fl-2"/>
      </object_component>
      <object_component id="oc-190">
         <name>.debug_info</name>
         <load_address>0x612</load_address>
         <run_address>0x612</run_address>
         <size>0x2c</size>
         <input_file_ref idref="fl-2"/>
      </object_component>
      <object_component id="oc-97">
         <name>.debug_info</name>
         <load_address>0x63e</load_address>
         <run_address>0x63e</run_address>
         <size>0x2c</size>
         <input_file_ref idref="fl-3"/>
      </object_component>
      <object_component id="oc-15c">
         <name>.debug_info</name>
         <load_address>0x66a</load_address>
         <run_address>0x66a</run_address>
         <size>0x772</size>
         <input_file_ref idref="fl-4"/>
      </object_component>
      <object_component id="oc-1bc">
         <name>.debug_info</name>
         <load_address>0xddc</load_address>
         <run_address>0xddc</run_address>
         <size>0xdf</size>
         <input_file_ref idref="fl-4"/>
      </object_component>
      <object_component id="oc-1bf">
         <name>.debug_info</name>
         <load_address>0xebb</load_address>
         <run_address>0xebb</run_address>
         <size>0xdf</size>
         <input_file_ref idref="fl-4"/>
      </object_component>
      <object_component id="oc-1c2">
         <name>.debug_info</name>
         <load_address>0xf9a</load_address>
         <run_address>0xf9a</run_address>
         <size>0xdf</size>
         <input_file_ref idref="fl-4"/>
      </object_component>
      <object_component id="oc-1c5">
         <name>.debug_info</name>
         <load_address>0x1079</load_address>
         <run_address>0x1079</run_address>
         <size>0xdf</size>
         <input_file_ref idref="fl-4"/>
      </object_component>
      <object_component id="oc-1c8">
         <name>.debug_info</name>
         <load_address>0x1158</load_address>
         <run_address>0x1158</run_address>
         <size>0xdf</size>
         <input_file_ref idref="fl-4"/>
      </object_component>
      <object_component id="oc-1cb">
         <name>.debug_info</name>
         <load_address>0x1237</load_address>
         <run_address>0x1237</run_address>
         <size>0xdf</size>
         <input_file_ref idref="fl-4"/>
      </object_component>
      <object_component id="oc-1ce">
         <name>.debug_info</name>
         <load_address>0x1316</load_address>
         <run_address>0x1316</run_address>
         <size>0xdf</size>
         <input_file_ref idref="fl-4"/>
      </object_component>
      <object_component id="oc-1d1">
         <name>.debug_info</name>
         <load_address>0x13f5</load_address>
         <run_address>0x13f5</run_address>
         <size>0xdf</size>
         <input_file_ref idref="fl-4"/>
      </object_component>
      <object_component id="oc-1d4">
         <name>.debug_info</name>
         <load_address>0x14d4</load_address>
         <run_address>0x14d4</run_address>
         <size>0xdf</size>
         <input_file_ref idref="fl-4"/>
      </object_component>
      <object_component id="oc-1d7">
         <name>.debug_info</name>
         <load_address>0x15b3</load_address>
         <run_address>0x15b3</run_address>
         <size>0xe1</size>
         <input_file_ref idref="fl-4"/>
      </object_component>
      <object_component id="oc-1da">
         <name>.debug_info</name>
         <load_address>0x1694</load_address>
         <run_address>0x1694</run_address>
         <size>0xe3</size>
         <input_file_ref idref="fl-4"/>
      </object_component>
      <object_component id="oc-1dd">
         <name>.debug_info</name>
         <load_address>0x1777</load_address>
         <run_address>0x1777</run_address>
         <size>0xe3</size>
         <input_file_ref idref="fl-4"/>
      </object_component>
      <object_component id="oc-103">
         <name>.debug_info</name>
         <load_address>0x185a</load_address>
         <run_address>0x185a</run_address>
         <size>0x166c</size>
         <input_file_ref idref="fl-4"/>
      </object_component>
      <object_component id="oc-210">
         <name>.debug_info</name>
         <load_address>0x2ec6</load_address>
         <run_address>0x2ec6</run_address>
         <size>0x44</size>
         <input_file_ref idref="fl-4"/>
      </object_component>
      <object_component id="oc-214">
         <name>.debug_info</name>
         <load_address>0x2f0a</load_address>
         <run_address>0x2f0a</run_address>
         <size>0x5aa</size>
         <input_file_ref idref="fl-4"/>
      </object_component>
      <object_component id="oc-1fd">
         <name>.debug_info</name>
         <load_address>0x34b4</load_address>
         <run_address>0x34b4</run_address>
         <size>0xc8</size>
         <input_file_ref idref="fl-4"/>
      </object_component>
      <object_component id="oc-14a">
         <name>.debug_info</name>
         <load_address>0x357c</load_address>
         <run_address>0x357c</run_address>
         <size>0x4e</size>
         <input_file_ref idref="fl-4"/>
      </object_component>
      <object_component id="oc-219">
         <name>.debug_info</name>
         <load_address>0x35ca</load_address>
         <run_address>0x35ca</run_address>
         <size>0x7d</size>
         <input_file_ref idref="fl-4"/>
      </object_component>
      <object_component id="oc-f7">
         <name>.debug_info</name>
         <load_address>0x3647</load_address>
         <run_address>0x3647</run_address>
         <size>0x2ec</size>
         <input_file_ref idref="fl-5"/>
      </object_component>
      <object_component id="oc-149">
         <name>.debug_info</name>
         <load_address>0x3933</load_address>
         <run_address>0x3933</run_address>
         <size>0x382</size>
         <input_file_ref idref="fl-6"/>
      </object_component>
      <object_component id="oc-12e">
         <name>.debug_info</name>
         <load_address>0x3cb5</load_address>
         <run_address>0x3cb5</run_address>
         <size>0x133</size>
         <input_file_ref idref="fl-6"/>
      </object_component>
      <object_component id="oc-e6">
         <name>.debug_info</name>
         <load_address>0x3de8</load_address>
         <run_address>0x3de8</run_address>
         <size>0x851</size>
         <input_file_ref idref="fl-6"/>
      </object_component>
      <object_component id="oc-15e">
         <name>.debug_info</name>
         <load_address>0x4639</load_address>
         <run_address>0x4639</run_address>
         <size>0x481</size>
         <input_file_ref idref="fl-7"/>
      </object_component>
      <object_component id="oc-af">
         <name>.debug_info</name>
         <load_address>0x4aba</load_address>
         <run_address>0x4aba</run_address>
         <size>0x16c</size>
         <input_file_ref idref="fl-7"/>
      </object_component>
      <object_component id="oc-25e">
         <name>.debug_info</name>
         <load_address>0x4c26</load_address>
         <run_address>0x4c26</run_address>
         <size>0x433</size>
         <input_file_ref idref="fl-8"/>
      </object_component>
      <object_component id="oc-25a">
         <name>.debug_info</name>
         <load_address>0x5059</load_address>
         <run_address>0x5059</run_address>
         <size>0xe5</size>
         <input_file_ref idref="fl-8"/>
      </object_component>
      <object_component id="oc-252">
         <name>.debug_info</name>
         <load_address>0x513e</load_address>
         <run_address>0x513e</run_address>
         <size>0x15d</size>
         <input_file_ref idref="fl-8"/>
      </object_component>
      <object_component id="oc-1b6">
         <name>.debug_info</name>
         <load_address>0x529b</load_address>
         <run_address>0x529b</run_address>
         <size>0x14f7</size>
         <input_file_ref idref="fl-8"/>
      </object_component>
      <object_component id="oc-160">
         <name>.debug_info</name>
         <load_address>0x6792</load_address>
         <run_address>0x6792</run_address>
         <size>0x37f</size>
         <input_file_ref idref="fl-9"/>
      </object_component>
      <object_component id="oc-ed">
         <name>.debug_info</name>
         <load_address>0x6b11</load_address>
         <run_address>0x6b11</run_address>
         <size>0x262</size>
         <input_file_ref idref="fl-9"/>
      </object_component>
      <object_component id="oc-166">
         <name>.debug_info</name>
         <load_address>0x6d73</load_address>
         <run_address>0x6d73</run_address>
         <size>0x8b</size>
         <input_file_ref idref="fl-9"/>
      </object_component>
      <object_component id="oc-17b">
         <name>.debug_info</name>
         <load_address>0x6dfe</load_address>
         <run_address>0x6dfe</run_address>
         <size>0x273</size>
         <input_file_ref idref="fl-a"/>
      </object_component>
      <object_component id="oc-f2">
         <name>.debug_info</name>
         <load_address>0x7071</load_address>
         <run_address>0x7071</run_address>
         <size>0x1cc</size>
         <input_file_ref idref="fl-a"/>
      </object_component>
      <object_component id="oc-36">
         <name>.debug_info</name>
         <load_address>0x723d</load_address>
         <run_address>0x723d</run_address>
         <size>0x2a8</size>
         <input_file_ref idref="fl-b"/>
      </object_component>
      <object_component id="oc-10">
         <name>.debug_info</name>
         <load_address>0x74e5</load_address>
         <run_address>0x74e5</run_address>
         <size>0xf9</size>
         <input_file_ref idref="fl-b"/>
      </object_component>
      <object_component id="oc-2f">
         <name>.debug_info</name>
         <load_address>0x75de</load_address>
         <run_address>0x75de</run_address>
         <size>0x275</size>
         <input_file_ref idref="fl-b"/>
      </object_component>
      <object_component id="oc-12b">
         <name>.debug_info</name>
         <load_address>0x7853</load_address>
         <run_address>0x7853</run_address>
         <size>0x261</size>
         <input_file_ref idref="fl-c"/>
      </object_component>
      <object_component id="oc-e1">
         <name>.debug_info</name>
         <load_address>0x7ab4</load_address>
         <run_address>0x7ab4</run_address>
         <size>0x280</size>
         <input_file_ref idref="fl-c"/>
      </object_component>
      <object_component id="oc-25">
         <name>.debug_info</name>
         <load_address>0x7d34</load_address>
         <run_address>0x7d34</run_address>
         <size>0x160</size>
         <input_file_ref idref="fl-c7"/>
      </object_component>
      <object_component id="oc-8d">
         <name>.debug_info</name>
         <load_address>0x7e94</load_address>
         <run_address>0x7e94</run_address>
         <size>0x293</size>
         <input_file_ref idref="fl-c8"/>
      </object_component>
      <object_component id="oc-16">
         <name>.debug_info</name>
         <load_address>0x8127</load_address>
         <run_address>0x8127</run_address>
         <size>0x245</size>
         <input_file_ref idref="fl-c8"/>
      </object_component>
      <object_component id="oc-38">
         <name>.debug_info</name>
         <load_address>0x836c</load_address>
         <run_address>0x836c</run_address>
         <size>0x60</size>
         <input_file_ref idref="fl-c8"/>
      </object_component>
      <object_component id="oc-88">
         <name>.debug_info</name>
         <load_address>0x83cc</load_address>
         <run_address>0x83cc</run_address>
         <size>0x46</size>
         <input_file_ref idref="fl-c8"/>
      </object_component>
      <object_component id="oc-4d">
         <name>.debug_info</name>
         <load_address>0x8412</load_address>
         <run_address>0x8412</run_address>
         <size>0x2da</size>
         <input_file_ref idref="fl-c9"/>
      </object_component>
      <object_component id="oc-19">
         <name>.debug_info</name>
         <load_address>0x86ec</load_address>
         <run_address>0x86ec</run_address>
         <size>0x1df</size>
         <input_file_ref idref="fl-c9"/>
      </object_component>
      <object_component id="oc-48">
         <name>.debug_info</name>
         <load_address>0x88cb</load_address>
         <run_address>0x88cb</run_address>
         <size>0x46</size>
         <input_file_ref idref="fl-c9"/>
      </object_component>
      <object_component id="oc-8f">
         <name>.debug_info</name>
         <load_address>0x8911</load_address>
         <run_address>0x8911</run_address>
         <size>0x2c</size>
         <input_file_ref idref="fl-c9"/>
      </object_component>
      <object_component id="oc-59">
         <name>.debug_info</name>
         <load_address>0x893d</load_address>
         <run_address>0x893d</run_address>
         <size>0x2c9</size>
         <input_file_ref idref="fl-ca"/>
      </object_component>
      <object_component id="oc-1f">
         <name>.debug_info</name>
         <load_address>0x8c06</load_address>
         <run_address>0x8c06</run_address>
         <size>0x1aa</size>
         <input_file_ref idref="fl-ca"/>
      </object_component>
      <object_component id="oc-54">
         <name>.debug_info</name>
         <load_address>0x8db0</load_address>
         <run_address>0x8db0</run_address>
         <size>0x46</size>
         <input_file_ref idref="fl-ca"/>
      </object_component>
      <object_component id="oc-240">
         <name>.debug_info</name>
         <load_address>0x8df6</load_address>
         <run_address>0x8df6</run_address>
         <size>0x39b</size>
         <input_file_ref idref="fl-cb"/>
      </object_component>
      <object_component id="oc-232">
         <name>.debug_info</name>
         <load_address>0x9191</load_address>
         <run_address>0x9191</run_address>
         <size>0x11d</size>
         <input_file_ref idref="fl-cb"/>
      </object_component>
      <object_component id="oc-184">
         <name>.debug_info</name>
         <load_address>0x92ae</load_address>
         <run_address>0x92ae</run_address>
         <size>0xb75</size>
         <input_file_ref idref="fl-cb"/>
      </object_component>
      <object_component id="oc-23b">
         <name>.debug_info</name>
         <load_address>0x9e23</load_address>
         <run_address>0x9e23</run_address>
         <size>0x39</size>
         <input_file_ref idref="fl-cb"/>
      </object_component>
      <object_component id="oc-2b8">
         <name>.debug_info</name>
         <load_address>0x9e5c</load_address>
         <run_address>0x9e5c</run_address>
         <size>0x2e3</size>
         <input_file_ref idref="fl-cc"/>
      </object_component>
      <object_component id="oc-229">
         <name>.debug_info</name>
         <load_address>0xa13f</load_address>
         <run_address>0xa13f</run_address>
         <size>0x240</size>
         <input_file_ref idref="fl-cc"/>
      </object_component>
      <object_component id="oc-22f">
         <name>.debug_info</name>
         <load_address>0xa37f</load_address>
         <run_address>0xa37f</run_address>
         <size>0xf3</size>
         <input_file_ref idref="fl-cd"/>
      </object_component>
      <object_component id="oc-bd">
         <name>.debug_info</name>
         <load_address>0xa472</load_address>
         <run_address>0xa472</run_address>
         <size>0x3ce</size>
         <input_file_ref idref="fl-ce"/>
      </object_component>
      <object_component id="oc-b7">
         <name>.debug_info</name>
         <load_address>0xa840</load_address>
         <run_address>0xa840</run_address>
         <size>0x185</size>
         <input_file_ref idref="fl-ce"/>
      </object_component>
      <object_component id="oc-73">
         <name>.debug_info</name>
         <load_address>0xa9c5</load_address>
         <run_address>0xa9c5</run_address>
         <size>0x214</size>
         <input_file_ref idref="fl-ce"/>
      </object_component>
      <object_component id="oc-1a1">
         <name>.debug_info</name>
         <load_address>0xabd9</load_address>
         <run_address>0xabd9</run_address>
         <size>0x144</size>
         <input_file_ref idref="fl-cf"/>
      </object_component>
      <object_component id="oc-19c">
         <name>.debug_info</name>
         <load_address>0xad1d</load_address>
         <run_address>0xad1d</run_address>
         <size>0x120</size>
         <input_file_ref idref="fl-d0"/>
      </object_component>
      <object_component id="oc-197">
         <name>.debug_info</name>
         <load_address>0xae3d</load_address>
         <run_address>0xae3d</run_address>
         <size>0x122</size>
         <input_file_ref idref="fl-d0"/>
      </object_component>
      <object_component id="oc-1a5">
         <name>.debug_info</name>
         <load_address>0xaf5f</load_address>
         <run_address>0xaf5f</run_address>
         <size>0x132</size>
         <input_file_ref idref="fl-d1"/>
      </object_component>
      <object_component id="oc-171">
         <name>.debug_info</name>
         <load_address>0xb091</load_address>
         <run_address>0xb091</run_address>
         <size>0x132</size>
         <input_file_ref idref="fl-d2"/>
      </object_component>
      <object_component id="oc-178">
         <name>.debug_info</name>
         <load_address>0xb1c3</load_address>
         <run_address>0xb1c3</run_address>
         <size>0x126</size>
         <input_file_ref idref="fl-d3"/>
      </object_component>
      <object_component id="oc-18a">
         <name>.debug_info</name>
         <load_address>0xb2e9</load_address>
         <run_address>0xb2e9</run_address>
         <size>0x136</size>
         <input_file_ref idref="fl-d4"/>
      </object_component>
      <object_component id="oc-17f">
         <name>.debug_info</name>
         <load_address>0xb41f</load_address>
         <run_address>0xb41f</run_address>
         <size>0x124</size>
         <input_file_ref idref="fl-d5"/>
      </object_component>
      <object_component id="oc-16d">
         <name>.debug_info</name>
         <load_address>0xb543</load_address>
         <run_address>0xb543</run_address>
         <size>0x124</size>
         <input_file_ref idref="fl-d6"/>
      </object_component>
      <object_component id="oc-44">
         <name>.debug_info</name>
         <load_address>0xb667</load_address>
         <run_address>0xb667</run_address>
         <size>0x111</size>
         <input_file_ref idref="fl-d7"/>
      </object_component>
      <object_component id="oc-7e">
         <name>.debug_info</name>
         <load_address>0xb778</load_address>
         <run_address>0xb778</run_address>
         <size>0x3bc</size>
         <input_file_ref idref="fl-d8"/>
      </object_component>
      <object_component id="oc-2c">
         <name>.debug_info</name>
         <load_address>0xbb34</load_address>
         <run_address>0xbb34</run_address>
         <size>0x101</size>
         <input_file_ref idref="fl-d8"/>
      </object_component>
      <object_component id="oc-2d1">
         <name>.debug_info</name>
         <load_address>0xbc35</load_address>
         <run_address>0xbc35</run_address>
         <size>0x14c</size>
         <input_file_ref idref="fl-d8"/>
      </object_component>
      <object_component id="oc-24e">
         <name>.debug_info</name>
         <load_address>0xbd81</load_address>
         <run_address>0xbd81</run_address>
         <size>0x885</size>
         <input_file_ref idref="fl-d8"/>
      </object_component>
      <object_component id="oc-c3">
         <name>.debug_info</name>
         <load_address>0xc606</load_address>
         <run_address>0xc606</run_address>
         <size>0x2c</size>
         <input_file_ref idref="fl-d8"/>
      </object_component>
      <object_component id="oc-c8">
         <name>.debug_info</name>
         <load_address>0xc632</load_address>
         <run_address>0xc632</run_address>
         <size>0x62</size>
         <input_file_ref idref="fl-d8"/>
      </object_component>
      <object_component id="oc-51">
         <name>.debug_info</name>
         <load_address>0xc694</load_address>
         <run_address>0xc694</run_address>
         <size>0x13f</size>
         <input_file_ref idref="fl-d9"/>
      </object_component>
      <object_component id="oc-5b">
         <name>.debug_info</name>
         <load_address>0xc7d3</load_address>
         <run_address>0xc7d3</run_address>
         <size>0x138</size>
         <input_file_ref idref="fl-da"/>
      </object_component>
      <object_component id="oc-61">
         <name>.debug_info</name>
         <load_address>0xc90b</load_address>
         <run_address>0xc90b</run_address>
         <size>0x148</size>
         <input_file_ref idref="fl-db"/>
      </object_component>
      <object_component id="oc-2c4">
         <name>.debug_info</name>
         <load_address>0xca53</load_address>
         <run_address>0xca53</run_address>
         <size>0x316</size>
         <input_file_ref idref="fl-dc"/>
      </object_component>
      <object_component id="oc-235">
         <name>.debug_info</name>
         <load_address>0xcd69</load_address>
         <run_address>0xcd69</run_address>
         <size>0x1d5</size>
         <input_file_ref idref="fl-dc"/>
      </object_component>
      <object_component id="oc-2c5">
         <name>.debug_info</name>
         <load_address>0xcf3e</load_address>
         <run_address>0xcf3e</run_address>
         <size>0x2c</size>
         <input_file_ref idref="fl-dc"/>
      </object_component>
      <object_component id="oc-24a">
         <name>.debug_info</name>
         <load_address>0xcf6a</load_address>
         <run_address>0xcf6a</run_address>
         <size>0x279</size>
         <input_file_ref idref="fl-dd"/>
      </object_component>
      <object_component id="oc-1b0">
         <name>.debug_info</name>
         <load_address>0xd1e3</load_address>
         <run_address>0xd1e3</run_address>
         <size>0x171</size>
         <input_file_ref idref="fl-dd"/>
      </object_component>
      <object_component id="oc-248">
         <name>.debug_info</name>
         <load_address>0xd354</load_address>
         <run_address>0xd354</run_address>
         <size>0x355</size>
         <input_file_ref idref="fl-de"/>
      </object_component>
      <object_component id="oc-1aa">
         <name>.debug_info</name>
         <load_address>0xd6a9</load_address>
         <run_address>0xd6a9</run_address>
         <size>0x2e4</size>
         <input_file_ref idref="fl-de"/>
      </object_component>
      <object_component id="oc-1ed">
         <name>.debug_info</name>
         <load_address>0xd98d</load_address>
         <run_address>0xd98d</run_address>
         <size>0x2c</size>
         <input_file_ref idref="fl-de"/>
      </object_component>
      <object_component id="oc-79">
         <name>.debug_info</name>
         <load_address>0xd9b9</load_address>
         <run_address>0xd9b9</run_address>
         <size>0x109</size>
         <input_file_ref idref="fl-df"/>
      </object_component>
      <object_component id="oc-1f8">
         <name>.debug_info</name>
         <load_address>0xdac2</load_address>
         <run_address>0xdac2</run_address>
         <size>0x27f</size>
         <input_file_ref idref="fl-e0"/>
      </object_component>
      <object_component id="oc-13d">
         <name>.debug_info</name>
         <load_address>0xdd41</load_address>
         <run_address>0xdd41</run_address>
         <size>0x258</size>
         <input_file_ref idref="fl-e0"/>
      </object_component>
      <object_component id="oc-1fa">
         <name>.debug_info</name>
         <load_address>0xdf99</load_address>
         <run_address>0xdf99</run_address>
         <size>0x28a</size>
         <input_file_ref idref="fl-e1"/>
      </object_component>
      <object_component id="oc-140">
         <name>.debug_info</name>
         <load_address>0xe223</load_address>
         <run_address>0xe223</run_address>
         <size>0x231</size>
         <input_file_ref idref="fl-e1"/>
      </object_component>
      <object_component id="oc-2da">
         <name>.debug_info</name>
         <load_address>0xe454</load_address>
         <run_address>0xe454</run_address>
         <size>0x284</size>
         <input_file_ref idref="fl-e2"/>
      </object_component>
      <object_component id="oc-280">
         <name>.debug_info</name>
         <load_address>0xe6d8</load_address>
         <run_address>0xe6d8</run_address>
         <size>0x22a</size>
         <input_file_ref idref="fl-e2"/>
      </object_component>
      <object_component id="oc-1ec">
         <name>.debug_info</name>
         <load_address>0xe902</load_address>
         <run_address>0xe902</run_address>
         <size>0x362</size>
         <input_file_ref idref="fl-e3"/>
      </object_component>
      <object_component id="oc-134">
         <name>.debug_info</name>
         <load_address>0xec64</load_address>
         <run_address>0xec64</run_address>
         <size>0x35c</size>
         <input_file_ref idref="fl-e3"/>
      </object_component>
      <object_component id="oc-1f2">
         <name>.debug_info</name>
         <load_address>0xefc0</load_address>
         <run_address>0xefc0</run_address>
         <size>0x69</size>
         <input_file_ref idref="fl-e3"/>
      </object_component>
      <object_component id="oc-11a">
         <name>.debug_info</name>
         <load_address>0xf029</load_address>
         <run_address>0xf029</run_address>
         <size>0x2be</size>
         <input_file_ref idref="fl-e4"/>
      </object_component>
      <object_component id="oc-ba">
         <name>.debug_info</name>
         <load_address>0xf2e7</load_address>
         <run_address>0xf2e7</run_address>
         <size>0x113</size>
         <input_file_ref idref="fl-e4"/>
      </object_component>
      <object_component id="oc-113">
         <name>.debug_info</name>
         <load_address>0xf3fa</load_address>
         <run_address>0xf3fa</run_address>
         <size>0x21f</size>
         <input_file_ref idref="fl-e4"/>
      </object_component>
      <object_component id="oc-2a1">
         <name>.debug_info</name>
         <load_address>0xf619</load_address>
         <run_address>0xf619</run_address>
         <size>0x51f</size>
         <input_file_ref idref="fl-e5"/>
      </object_component>
      <object_component id="oc-1e7">
         <name>.debug_info</name>
         <load_address>0xfb38</load_address>
         <run_address>0xfb38</run_address>
         <size>0x1543</size>
         <input_file_ref idref="fl-e5"/>
      </object_component>
      <object_component id="oc-2a2">
         <name>.debug_info</name>
         <load_address>0x1107b</load_address>
         <run_address>0x1107b</run_address>
         <size>0x86</size>
         <input_file_ref idref="fl-e5"/>
      </object_component>
      <object_component id="oc-2ea">
         <name>.debug_info</name>
         <load_address>0x11101</load_address>
         <run_address>0x11101</run_address>
         <size>0x46</size>
         <input_file_ref idref="fl-e5"/>
      </object_component>
      <object_component id="oc-2a7">
         <name>.debug_info</name>
         <load_address>0x11147</load_address>
         <run_address>0x11147</run_address>
         <size>0x39</size>
         <input_file_ref idref="fl-e5"/>
      </object_component>
      <object_component id="oc-b5">
         <name>.debug_info</name>
         <load_address>0x11180</load_address>
         <run_address>0x11180</run_address>
         <size>0x300</size>
         <input_file_ref idref="fl-e6"/>
      </object_component>
      <object_component id="oc-6d">
         <name>.debug_info</name>
         <load_address>0x11480</load_address>
         <run_address>0x11480</run_address>
         <size>0x167</size>
         <input_file_ref idref="fl-e6"/>
      </object_component>
      <object_component id="oc-10b">
         <name>.debug_info</name>
         <load_address>0x115e7</load_address>
         <run_address>0x115e7</run_address>
         <size>0x5e</size>
         <input_file_ref idref="fl-e6"/>
      </object_component>
      <object_component id="oc-2e5">
         <name>.debug_info</name>
         <load_address>0x11645</load_address>
         <run_address>0x11645</run_address>
         <size>0x2ae</size>
         <input_file_ref idref="fl-e7"/>
      </object_component>
      <object_component id="oc-296">
         <name>.debug_info</name>
         <load_address>0x118f3</load_address>
         <run_address>0x118f3</run_address>
         <size>0x171</size>
         <input_file_ref idref="fl-e7"/>
      </object_component>
      <object_component id="oc-ad">
         <name>.debug_info</name>
         <load_address>0x11a64</load_address>
         <run_address>0x11a64</run_address>
         <size>0x483</size>
         <input_file_ref idref="fl-e8"/>
      </object_component>
      <object_component id="oc-6a">
         <name>.debug_info</name>
         <load_address>0x11ee7</load_address>
         <run_address>0x11ee7</run_address>
         <size>0x190</size>
         <input_file_ref idref="fl-e8"/>
      </object_component>
      <object_component id="oc-d4">
         <name>.debug_info</name>
         <load_address>0x12077</load_address>
         <run_address>0x12077</run_address>
         <size>0x39</size>
         <input_file_ref idref="fl-e8"/>
      </object_component>
      <object_component id="oc-125">
         <name>.debug_info</name>
         <load_address>0x120b0</load_address>
         <run_address>0x120b0</run_address>
         <size>0x39</size>
         <input_file_ref idref="fl-e8"/>
      </object_component>
      <object_component id="oc-d9">
         <name>.debug_info</name>
         <load_address>0x120e9</load_address>
         <run_address>0x120e9</run_address>
         <size>0xcd</size>
         <input_file_ref idref="fl-e8"/>
      </object_component>
      <object_component id="oc-d0">
         <name>.debug_info</name>
         <load_address>0x121b6</load_address>
         <run_address>0x121b6</run_address>
         <size>0x37a</size>
         <input_file_ref idref="fl-e9"/>
      </object_component>
      <object_component id="oc-a1">
         <name>.debug_info</name>
         <load_address>0x12530</load_address>
         <run_address>0x12530</run_address>
         <size>0x183</size>
         <input_file_ref idref="fl-e9"/>
      </object_component>
      <object_component id="oc-120">
         <name>.debug_info</name>
         <load_address>0x126b3</load_address>
         <run_address>0x126b3</run_address>
         <size>0x2c</size>
         <input_file_ref idref="fl-e9"/>
      </object_component>
      <object_component id="oc-300">
         <name>.debug_info</name>
         <load_address>0x126df</load_address>
         <run_address>0x126df</run_address>
         <size>0xee</size>
         <input_file_ref idref="fl-ea"/>
      </object_component>
      <object_component id="oc-2e2">
         <name>.debug_info</name>
         <load_address>0x127cd</load_address>
         <run_address>0x127cd</run_address>
         <size>0xfa</size>
         <input_file_ref idref="fl-ea"/>
      </object_component>
      <object_component id="oc-2dc">
         <name>.debug_info</name>
         <load_address>0x128c7</load_address>
         <run_address>0x128c7</run_address>
         <size>0x2e6</size>
         <input_file_ref idref="fl-eb"/>
      </object_component>
      <object_component id="oc-285">
         <name>.debug_info</name>
         <load_address>0x12bad</load_address>
         <run_address>0x12bad</run_address>
         <size>0x1c2</size>
         <input_file_ref idref="fl-eb"/>
      </object_component>
      <object_component id="oc-2e7">
         <name>.debug_info</name>
         <load_address>0x12d6f</load_address>
         <run_address>0x12d6f</run_address>
         <size>0x28b</size>
         <input_file_ref idref="fl-ec"/>
      </object_component>
      <object_component id="oc-29c">
         <name>.debug_info</name>
         <load_address>0x12ffa</load_address>
         <run_address>0x12ffa</run_address>
         <size>0x1ab</size>
         <input_file_ref idref="fl-ec"/>
      </object_component>
      <object_component id="oc-2be">
         <name>.debug_info</name>
         <load_address>0x131a5</load_address>
         <run_address>0x131a5</run_address>
         <size>0x156</size>
         <input_file_ref idref="fl-ed"/>
      </object_component>
      <object_component id="oc-2de">
         <name>.debug_info</name>
         <load_address>0x132fb</load_address>
         <run_address>0x132fb</run_address>
         <size>0x2d9</size>
         <input_file_ref idref="fl-ee"/>
      </object_component>
      <object_component id="oc-28a">
         <name>.debug_info</name>
         <load_address>0x135d4</load_address>
         <run_address>0x135d4</run_address>
         <size>0x18a</size>
         <input_file_ref idref="fl-ee"/>
      </object_component>
      <object_component id="oc-aa">
         <name>.debug_info</name>
         <load_address>0x1375e</load_address>
         <run_address>0x1375e</run_address>
         <size>0x145</size>
         <input_file_ref idref="fl-ef"/>
      </object_component>
      <object_component id="oc-2e0">
         <name>.debug_info</name>
         <load_address>0x138a3</load_address>
         <run_address>0x138a3</run_address>
         <size>0x28f</size>
         <input_file_ref idref="fl-f0"/>
      </object_component>
      <object_component id="oc-290">
         <name>.debug_info</name>
         <load_address>0x13b32</load_address>
         <run_address>0x13b32</run_address>
         <size>0x244</size>
         <input_file_ref idref="fl-f0"/>
      </object_component>
      <object_component id="oc-278">
         <name>.debug_info</name>
         <load_address>0x13d76</load_address>
         <run_address>0x13d76</run_address>
         <size>0x17d</size>
         <input_file_ref idref="fl-f1"/>
      </object_component>
      <object_component id="oc-206">
         <name>.debug_info</name>
         <load_address>0x13ef3</load_address>
         <run_address>0x13ef3</run_address>
         <size>0x20e</size>
         <input_file_ref idref="fl-f2"/>
      </object_component>
      <object_component id="oc-203">
         <name>.debug_info</name>
         <load_address>0x14101</load_address>
         <run_address>0x14101</run_address>
         <size>0x157</size>
         <input_file_ref idref="fl-f2"/>
      </object_component>
      <object_component id="oc-150">
         <name>.debug_info</name>
         <load_address>0x14258</load_address>
         <run_address>0x14258</run_address>
         <size>0x2c1</size>
         <input_file_ref idref="fl-f2"/>
      </object_component>
      <object_component id="oc-156">
         <name>.debug_info</name>
         <load_address>0x14519</load_address>
         <run_address>0x14519</run_address>
         <size>0x23e</size>
         <input_file_ref idref="fl-f2"/>
      </object_component>
      <object_component id="oc-208">
         <name>.debug_info</name>
         <load_address>0x14757</load_address>
         <run_address>0x14757</run_address>
         <size>0x212</size>
         <input_file_ref idref="fl-f3"/>
      </object_component>
      <object_component id="oc-32d">
         <name>.debug_info</name>
         <load_address>0x14969</load_address>
         <run_address>0x14969</run_address>
         <size>0xaf</size>
      </object_component>
      <object_component id="oc-100">
         <name>.debug_line</name>
         <load_address>0x0</load_address>
         <run_address>0x0</run_address>
         <size>0x110</size>
         <input_file_ref idref="fl-2"/>
      </object_component>
      <object_component id="oc-40">
         <name>.debug_line</name>
         <load_address>0x110</load_address>
         <run_address>0x110</run_address>
         <size>0x20</size>
         <input_file_ref idref="fl-2"/>
      </object_component>
      <object_component id="oc-86">
         <name>.debug_line</name>
         <load_address>0x130</load_address>
         <run_address>0x130</run_address>
         <size>0x65</size>
         <input_file_ref idref="fl-2"/>
      </object_component>
      <object_component id="oc-193">
         <name>.debug_line</name>
         <load_address>0x195</load_address>
         <run_address>0x195</run_address>
         <size>0x2e</size>
         <input_file_ref idref="fl-2"/>
      </object_component>
      <object_component id="oc-9a">
         <name>.debug_line</name>
         <load_address>0x1c3</load_address>
         <run_address>0x1c3</run_address>
         <size>0x65</size>
         <input_file_ref idref="fl-3"/>
      </object_component>
      <object_component id="oc-20f">
         <name>.debug_line</name>
         <load_address>0x228</load_address>
         <run_address>0x228</run_address>
         <size>0x144</size>
         <input_file_ref idref="fl-4"/>
      </object_component>
      <object_component id="oc-260">
         <name>.debug_line</name>
         <load_address>0x36c</load_address>
         <run_address>0x36c</run_address>
         <size>0x32</size>
         <input_file_ref idref="fl-4"/>
      </object_component>
      <object_component id="oc-262">
         <name>.debug_line</name>
         <load_address>0x39e</load_address>
         <run_address>0x39e</run_address>
         <size>0x32</size>
         <input_file_ref idref="fl-4"/>
      </object_component>
      <object_component id="oc-264">
         <name>.debug_line</name>
         <load_address>0x3d0</load_address>
         <run_address>0x3d0</run_address>
         <size>0x32</size>
         <input_file_ref idref="fl-4"/>
      </object_component>
      <object_component id="oc-266">
         <name>.debug_line</name>
         <load_address>0x402</load_address>
         <run_address>0x402</run_address>
         <size>0x32</size>
         <input_file_ref idref="fl-4"/>
      </object_component>
      <object_component id="oc-268">
         <name>.debug_line</name>
         <load_address>0x434</load_address>
         <run_address>0x434</run_address>
         <size>0x32</size>
         <input_file_ref idref="fl-4"/>
      </object_component>
      <object_component id="oc-26a">
         <name>.debug_line</name>
         <load_address>0x466</load_address>
         <run_address>0x466</run_address>
         <size>0x32</size>
         <input_file_ref idref="fl-4"/>
      </object_component>
      <object_component id="oc-26c">
         <name>.debug_line</name>
         <load_address>0x498</load_address>
         <run_address>0x498</run_address>
         <size>0x32</size>
         <input_file_ref idref="fl-4"/>
      </object_component>
      <object_component id="oc-26e">
         <name>.debug_line</name>
         <load_address>0x4ca</load_address>
         <run_address>0x4ca</run_address>
         <size>0x32</size>
         <input_file_ref idref="fl-4"/>
      </object_component>
      <object_component id="oc-270">
         <name>.debug_line</name>
         <load_address>0x4fc</load_address>
         <run_address>0x4fc</run_address>
         <size>0x32</size>
         <input_file_ref idref="fl-4"/>
      </object_component>
      <object_component id="oc-272">
         <name>.debug_line</name>
         <load_address>0x52e</load_address>
         <run_address>0x52e</run_address>
         <size>0x32</size>
         <input_file_ref idref="fl-4"/>
      </object_component>
      <object_component id="oc-274">
         <name>.debug_line</name>
         <load_address>0x560</load_address>
         <run_address>0x560</run_address>
         <size>0x32</size>
[...]
      <symbol id="sm-1c6">
         <name>lcd_setCursorPos</name>
         <value>0x38d9</value>
         <object_component_ref idref="oc-e4"/>
      </symbol>
      <symbol id="sm-1c7">
         <name>lcd_init</name>
         <value>0x3719</value>
         <object_component_ref idref="oc-e4"/>
      </symbol>
      <symbol id="sm-1c8">
         <name>lcd_puts</name>
         <value>0x3811</value>
         <object_component_ref idref="oc-e4"/>
      </symbol>
      <symbol id="sm-1c9">
         <name>lcd_putc</name>
         <value>0x37d9</value>
         <object_component_ref idref="oc-e4"/>
      </symbol>
      <symbol id="sm-1ca">
         <name>lcd_gotoLine</name>
         <value>0x38b1</value>
         <object_component_ref idref="oc-e4"/>
      </symbol>
      <symbol id="sm-1d9">
         <name>main</name>
         <value>0x51e7</value>
         <object_component_ref idref="oc-ae"/>
      </symbol>
      <symbol id="sm-284">
         <name>go_charge</name>
         <value>0x25bd</value>
         <object_component_ref idref="oc-1b5"/>
      </symbol>
      <symbol id="sm-285">
         <name>GPIOF_Handler</name>
         <value>0x280f</value>
         <object_component_ref idref="oc-1b5"/>
      </symbol>
      <symbol id="sm-286">
         <name>getDegrees</name>
         <value>0x2831</value>
         <object_component_ref idref="oc-1b5"/>
      </symbol>
      <symbol id="sm-287">
         <name>oi_free</name>
         <value>0x1f25</value>
         <object_component_ref idref="oc-1b5"/>
      </symbol>
      <symbol id="sm-288">
         <name>oi_uartReceive</name>
         <value>0x266f</value>
         <object_component_ref idref="oc-1b5"/>
      </symbol>
      <symbol id="sm-289">
         <name>oi_setWheels</name>
         <value>0x2511</value>
         <object_component_ref idref="oc-1b5"/>
      </symbol>
      <symbol id="sm-28a">
         <name>oi_shutoff_init</name>
         <value>0x279d</value>
         <object_component_ref idref="oc-1b5"/>
      </symbol>
      <symbol id="sm-28b">
         <name>oi_parseInt</name>
         <value>0x5227</value>
         <object_component_ref idref="oc-251"/>
      </symbol>
      <symbol id="sm-28c">
         <name>oi_uartSendStr</name>
         <value>0x2697</value>
         <object_component_ref idref="oc-1b5"/>
      </symbol>
      <symbol id="sm-28d">
         <name>oi_close</name>
         <value>0x1f6f</value>
         <object_component_ref idref="oc-1b5"/>
      </symbol>
      <symbol id="sm-28e">
         <name>oi_uartSendBuff</name>
         <value>0x26b5</value>
         <object_component_ref idref="oc-1b5"/>
      </symbol>
      <symbol id="sm-28f">
         <name>oi_checkFirmware</name>
         <value>0x26e7</value>
         <object_component_ref idref="oc-1b5"/>
      </symbol>
      <symbol id="sm-290">
         <name>oi_init_noupdate</name>
         <value>0x1f35</value>
         <object_component_ref idref="oc-1b5"/>
      </symbol>
      <symbol id="sm-291">
         <name>oi_uartSendChar</name>
         <value>0x2653</value>
         <object_component_ref idref="oc-1b5"/>
      </symbol>
      <symbol id="sm-292">
         <name>oi_alloc</name>
         <value>0x1f19</value>
         <object_component_ref idref="oc-1b5"/>
      </symbol>
      <symbol id="sm-293">
         <name>oi_loadSong</name>
         <value>0x2553</value>
         <object_component_ref idref="oc-1b5"/>
      </symbol>
      <symbol id="sm-294">
         <name>oi_play_song</name>
         <value>0x25a9</value>
         <object_component_ref idref="oc-1b5"/>
      </symbol>
      <symbol id="sm-295">
         <name>oi_parsePacket</name>
         <value>0x1fd3</value>
         <object_component_ref idref="oc-1b5"/>
      </symbol>
      <symbol id="sm-296">
         <name>oi_setLeds</name>
         <value>0x24cd</value>
         <object_component_ref idref="oc-1b5"/>
      </symbol>
      <symbol id="sm-297">
         <name>oi_init</name>
         <value>0x1f59</value>
         <object_component_ref idref="oc-1b5"/>
      </symbol>
      <symbol id="sm-298">
         <name>oi_update</name>
         <value>0x1f81</value>
         <object_component_ref idref="oc-1b5"/>
      </symbol>
      <symbol id="sm-299">
         <name>oi_uartInit</name>
         <value>0x25cb</value>
         <object_component_ref idref="oc-1b5"/>
      </symbol>
      <symbol id="sm-2cd">
         <name>send_pulse</name>
         <value>0x3aa3</value>
         <object_component_ref idref="oc-ea"/>
      </symbol>
      <symbol id="sm-2ce">
         <name>TIMER3B_Handler</name>
         <value>0x3b0d</value>
         <object_component_ref idref="oc-ea"/>
      </symbol>
      <symbol id="sm-2cf">
         <name>ping_init</name>
         <value>0x3a05</value>
         <object_component_ref idref="oc-ea"/>
      </symbol>
      <symbol id="sm-2d0">
         <name>ping_getDistance</name>
         <value>0x3b6d</value>
         <object_component_ref idref="oc-ea"/>
      </symbol>
      <symbol id="sm-2f1">
         <name>servo_move</name>
         <value>0x4535</value>
         <object_component_ref idref="oc-f0"/>
      </symbol>
      <symbol id="sm-2f2">
         <name>servo_init</name>
         <value>0x4469</value>
         <object_component_ref idref="oc-f0"/>
      </symbol>
      <symbol id="sm-30e">
         <name>ResetISR</name>
         <value>0x531f</value>
         <object_component_ref idref="oc-2e"/>
      </symbol>
      <symbol id="sm-30f">
         <name>g_pfnVectors</name>
         <value>0x0</value>
         <object_component_ref idref="oc-f"/>
      </symbol>
      <symbol id="sm-332">
         <name>uart_sendChar</name>
         <value>0x477d</value>
         <object_component_ref idref="oc-de"/>
      </symbol>
      <symbol id="sm-333">
         <name>uart_init</name>
         <value>0x46f5</value>
         <object_component_ref idref="oc-de"/>
      </symbol>
      <symbol id="sm-334">
         <name>uart_receive</name>
         <value>0x4799</value>
         <object_component_ref idref="oc-de"/>
      </symbol>
      <symbol id="sm-335">
         <name>uart_sendStr</name>
         <value>0x47c3</value>
         <object_component_ref idref="oc-de"/>
      </symbol>
      <symbol id="sm-346">
         <name>_c_int00</name>
         <value>0x4f71</value>
         <object_component_ref idref="oc-24"/>
      </symbol>
      <symbol id="sm-347">
         <name>__stack</name>
         <value>0x2000026c</value>
         <object_component_ref idref="oc-2a"/>
      </symbol>
      <symbol id="sm-365">
         <name>__TI_decompress_lzss</name>
         <value>0x4e43</value>
         <object_component_ref idref="oc-12"/>
      </symbol>
      <symbol id="sm-37c">
         <name>__TI_decompress_none</name>
         <value>0x52f9</value>
         <object_component_ref idref="oc-18"/>
      </symbol>
      <symbol id="sm-38e">
         <name>__TI_zero_init</name>
         <value>0x5313</value>
         <object_component_ref idref="oc-1e"/>
      </symbol>
      <symbol id="sm-421">
         <name>pow</name>
         <value>0x299d</value>
         <object_component_ref idref="oc-183"/>
      </symbol>
      <symbol id="sm-422">
         <name>powl</name>
         <value>0x299d</value>
         <object_component_ref idref="oc-183"/>
      </symbol>
      <symbol id="sm-446">
         <name>sqrtl</name>
         <value>0x41a1</value>
         <object_component_ref idref="oc-228"/>
      </symbol>
      <symbol id="sm-447">
         <name>sqrt</name>
         <value>0x41a1</value>
         <object_component_ref idref="oc-228"/>
      </symbol>
      <symbol id="sm-44f">
         <name>errno</name>
         <value>0x20000f20</value>
         <object_component_ref idref="oc-22e"/>
      </symbol>
      <symbol id="sm-470">
         <name>C$$EXIT</name>
         <value>0x4fc5</value>
         <object_component_ref idref="oc-72"/>
      </symbol>
      <symbol id="sm-471">
         <name>abort</name>
         <value>0x4fc9</value>
         <object_component_ref idref="oc-72"/>
      </symbol>
      <symbol id="sm-472">
         <name>exit</name>
         <value>0x4fd1</value>
         <object_component_ref idref="oc-72"/>
      </symbol>
      <symbol id="sm-473">
         <name>__TI_dtors_ptr</name>
         <value>0x20000f04</value>
         <object_component_ref idref="oc-b6"/>
      </symbol>
      <symbol id="sm-474">
         <name>__TI_cleanup_ptr</name>
         <value>0x20000f00</value>
         <object_component_ref idref="oc-b6"/>
      </symbol>
      <symbol id="sm-475">
         <name>__TI_enable_exit_profile_output</name>
         <value>0x20000f08</value>
         <object_component_ref idref="oc-b6"/>
      </symbol>
      <symbol id="sm-48c">
         <name>__aeabi_dsub</name>
         <value>0x3fe9</value>
         <object_component_ref idref="oc-19f"/>
      </symbol>
      <symbol id="sm-48d">
         <name>__aeabi_dadd</name>
         <value>0x3ff3</value>
         <object_component_ref idref="oc-19f"/>
      </symbol>
      <symbol id="sm-4af">
         <name>__aeabi_cdcmpeq</name>
         <value>0x4bdd</value>
         <object_component_ref idref="oc-19a"/>
      </symbol>
      <symbol id="sm-4b0">
         <name>__aeabi_cdcmple</name>
         <value>0x4bdd</value>
         <object_component_ref idref="oc-19a"/>
      </symbol>
      <symbol id="sm-4b1">
         <name>__aeabi_cdrcmple</name>
         <value>0x4c63</value>
         <object_component_ref idref="oc-195"/>
      </symbol>
      <symbol id="sm-4c5">
         <name>__aeabi_ddiv</name>
         <value>0x45bd</value>
         <object_component_ref idref="oc-1a4"/>
      </symbol>
      <symbol id="sm-4d0">
         <name>__aeabi_dmul</name>
         <value>0x4815</value>
         <object_component_ref idref="oc-170"/>
      </symbol>
      <symbol id="sm-4da">
         <name>__aeabi_d2iz</name>
         <value>0x5105</value>
         <object_component_ref idref="oc-175"/>
      </symbol>
      <symbol id="sm-4e6">
         <name>__aeabi_d2f</name>
         <value>0x4dd5</value>
         <object_component_ref idref="oc-189"/>
      </symbol>
      <symbol id="sm-4f1">
         <name>__aeabi_f2d</name>
         <value>0x514d</value>
         <object_component_ref idref="oc-17e"/>
      </symbol>
      <symbol id="sm-4fb">
         <name>__aeabi_i2d</name>
         <value>0x51b9</value>
         <object_component_ref idref="oc-16b"/>
      </symbol>
      <symbol id="sm-516">
         <name>memcpy</name>
         <value>0x4ab9</value>
         <object_component_ref idref="oc-42"/>
      </symbol>
      <symbol id="sm-517">
         <name>__aeabi_memcpy</name>
         <value>0x4ab9</value>
         <object_component_ref idref="oc-42"/>
      </symbol>
      <symbol id="sm-518">
         <name>__aeabi_memcpy8</name>
         <value>0x4ab9</value>
         <object_component_ref idref="oc-42"/>
      </symbol>
      <symbol id="sm-519">
         <name>__aeabi_memcpy4</name>
         <value>0x4ab9</value>
         <object_component_ref idref="oc-42"/>
      </symbol>
      <symbol id="sm-590">
         <name>_sys_memory</name>
         <value>0x20000a70</value>
         <object_component_ref idref="oc-2b"/>
      </symbol>
      <symbol id="sm-591">
         <name>free</name>
         <value>0x3433</value>
         <object_component_ref idref="oc-24b"/>
      </symbol>
      <symbol id="sm-592">
         <name>realloc</name>
         <value>0x34f3</value>
         <object_component_ref idref="oc-24b"/>
      </symbol>
      <symbol id="sm-593">
         <name>memalign</name>
         <value>0x35fd</value>
         <object_component_ref idref="oc-24b"/>
      </symbol>
      <symbol id="sm-594">
         <name>calloc</name>
         <value>0x36e9</value>
         <object_component_ref idref="oc-24b"/>
      </symbol>
      <symbol id="sm-595">
         <name>malloc</name>
         <value>0x33c9</value>
         <object_component_ref idref="oc-24b"/>
      </symbol>
      <symbol id="sm-596">
         <name>minit</name>
         <value>0x3349</value>
         <object_component_ref idref="oc-24b"/>
      </symbol>
      <symbol id="sm-5a5">
         <name>__aeabi_memset</name>
         <value>0x4ceb</value>
         <object_component_ref idref="oc-4e"/>
      </symbol>
      <symbol id="sm-5a6">
         <name>memset</name>
         <value>0x4cf1</value>
         <object_component_ref idref="oc-4e"/>
      </symbol>
      <symbol id="sm-5a7">
         <name>__aeabi_memset8</name>
         <value>0x4ceb</value>
         <object_component_ref idref="oc-4e"/>
      </symbol>
      <symbol id="sm-5a8">
         <name>__aeabi_memset4</name>
         <value>0x4ceb</value>
         <object_component_ref idref="oc-4e"/>
      </symbol>
      <symbol id="sm-5a9">
         <name>__aeabi_memclr8</name>
         <value>0x4ce9</value>
         <object_component_ref idref="oc-4e"/>
      </symbol>
      <symbol id="sm-5aa">
         <name>__aeabi_memclr4</name>
         <value>0x4ce9</value>
         <object_component_ref idref="oc-4e"/>
      </symbol>
      <symbol id="sm-5ab">
         <name>__aeabi_memclr</name>
         <value>0x4ce9</value>
         <object_component_ref idref="oc-4e"/>
      </symbol>
      <symbol id="sm-5b5">
         <name>__mpu_init</name>
         <value>0x13ab</value>
         <object_component_ref idref="oc-5a"/>
      </symbol>
      <symbol id="sm-5bf">
         <name>_system_pre_init</name>
         <value>0x532b</value>
         <object_component_ref idref="oc-60"/>
      </symbol>
      <symbol id="sm-5e1">
         <name>scalbn</name>
         <value>0x4911</value>
         <object_component_ref idref="oc-234"/>
      </symbol>
      <symbol id="sm-5e2">
         <name>scalbnl</name>
         <value>0x4911</value>
         <object_component_ref idref="oc-234"/>
      </symbol>
      <symbol id="sm-5e3">
         <name>ldexpl</name>
         <value>0x4911</value>
         <object_component_ref idref="oc-234"/>
      </symbol>
      <symbol id="sm-5e4">
         <name>ldexp</name>
         <value>0x4911</value>
         <object_component_ref idref="oc-234"/>
      </symbol>
      <symbol id="sm-5fa">
         <name>tanf</name>
         <value>0x4a0d</value>
         <object_component_ref idref="oc-1af"/>
      </symbol>
      <symbol id="sm-613">
         <name>sprintf</name>
         <value>0x4f11</value>
         <object_component_ref idref="oc-1a9"/>
      </symbol>
      <symbol id="sm-61b">
         <name>main_func_sp</name>
         <value>0x20000f24</value>
         <object_component_ref idref="oc-78"/>
      </symbol>
      <symbol id="sm-62a">
         <name>strcmp</name>
         <value>0x5259</value>
         <object_component_ref idref="oc-139"/>
      </symbol>
      <symbol id="sm-638">
         <name>strcpy</name>
         <value>0x52b1</value>
         <object_component_ref idref="oc-13f"/>
      </symbol>
      <symbol id="sm-646">
         <name>strlen</name>
         <value>0x52c5</value>
         <object_component_ref idref="oc-27c"/>
      </symbol>
      <symbol id="sm-662">
         <name>vsnprintf</name>
         <value>0x4b55</value>
         <object_component_ref idref="oc-133"/>
      </symbol>
      <symbol id="sm-67b">
         <name>_nop</name>
         <value>0x5297</value>
         <object_component_ref idref="oc-112"/>
      </symbol>
      <symbol id="sm-67c">
         <name>_lock</name>
         <value>0x20000f18</value>
         <object_component_ref idref="oc-b9"/>
      </symbol>
      <symbol id="sm-67d">
         <name>_unlock</name>
         <value>0x20000f1c</value>
         <object_component_ref idref="oc-b9"/>
      </symbol>
      <symbol id="sm-67e">
         <name>_register_lock</name>
         <value>0x528f</value>
         <object_component_ref idref="oc-112"/>
      </symbol>
      <symbol id="sm-67f">
         <name>_register_unlock</name>
         <value>0x5289</value>
         <object_component_ref idref="oc-112"/>
      </symbol>
      <symbol id="sm-780">
         <name>__TI_printfi</name>
         <value>0xab1</value>
         <object_component_ref idref="oc-1e5"/>
      </symbol>
      <symbol id="sm-794">
         <name>_args_main</name>
         <value>0x5241</value>
         <object_component_ref idref="oc-6c"/>
      </symbol>
      <symbol id="sm-7aa">
         <name>atoi</name>
         <value>0x506d</value>
         <object_component_ref idref="oc-294"/>
      </symbol>
      <symbol id="sm-7d4">
         <name>__TI_auto_init</name>
         <value>0x4d65</value>
         <object_component_ref idref="oc-66"/>
      </symbol>
      <symbol id="sm-7ee">
         <name>copy_in</name>
         <value>0x50b9</value>
         <object_component_ref idref="oc-a0"/>
      </symbol>
      <symbol id="sm-7f9">
         <name>_ctypes_</name>
         <value>0x5330</value>
         <object_component_ref idref="oc-2e1"/>
      </symbol>
      <symbol id="sm-808">
         <name>ltoa</name>
         <value>0x5019</value>
         <object_component_ref idref="oc-282"/>
      </symbol>
      <symbol id="sm-818">
         <name>memccpy</name>
         <value>0x520b</value>
         <object_component_ref idref="oc-29a"/>
      </symbol>
      <symbol id="sm-822">
         <name>copysign</name>
         <value>0x529d</value>
         <object_component_ref idref="oc-2bd"/>
      </symbol>
      <symbol id="sm-823">
         <name>copysignl</name>
         <value>0x529d</value>
         <object_component_ref idref="oc-2bd"/>
      </symbol>
      <symbol id="sm-839">
         <name>frexpl</name>
         <value>0x4ead</value>
         <object_component_ref idref="oc-288"/>
      </symbol>
      <symbol id="sm-83a">
         <name>frexp</name>
         <value>0x4ead</value>
         <object_component_ref idref="oc-288"/>
      </symbol>
      <symbol id="sm-844">
         <name>_system_post_cinit</name>
         <value>0x419f</value>
         <object_component_ref idref="oc-a6"/>
      </symbol>
      <symbol id="sm-854">
         <name>strchr</name>
         <value>0x5271</value>
         <object_component_ref idref="oc-28e"/>
      </symbol>
      <symbol id="sm-870">
         <name>__aeabi_uldivmod</name>
         <value>0x3c1d</value>
         <object_component_ref idref="oc-277"/>
      </symbol>
      <symbol id="sm-890">
         <name>IntRegister</name>
         <value>0x5185</value>
         <object_component_ref idref="oc-14f"/>
      </symbol>
      <symbol id="sm-891">
         <name>g_pfnRAMVectors</name>
         <value>0x20000000</value>
         <object_component_ref idref="oc-202"/>
      </symbol>
      <symbol id="sm-892">
         <name>IntMasterEnable</name>
         <value>0x52d9</value>
         <object_component_ref idref="oc-155"/>
      </symbol>
      <symbol id="sm-89c">
         <name>CPUcpsie</name>
         <value>0x5307</value>
         <object_component_ref idref="oc-207"/>
      </symbol>
      <symbol id="sm-89d">
         <name>__TI_static_base__</name>
         <value>0x0</value>
      </symbol>
      <symbol id="sm-8a0">
         <name>SHT$$INIT_ARRAY$$Limit</name>
         <value>0x0</value>
      </symbol>
      <symbol id="sm-8a1">
         <name>SHT$$INIT_ARRAY$$Base</name>
         <value>0x0</value>
      </symbol>
   </symbol_table>
   <title>Link successful</title>
</link_info>
