<?xml version="1.0"?>
<link_info>
   <banner>TI ARM Linker PC v16.9.6.LTS</banner>
   <copyright>Copyright (c) 1996-2017 Texas Instruments Incorporated</copyright>
   <link_time>0x5ae260c6</link_time>
   <link_errors>0x0</link_errors>
   <output_file>lab10a.out</output_file>
   <entry_point>
      <name>_c_int00</name>
      <address>0x50a1</address>
   </entry_point>
   <input_file_list>
      <input_file id="fl-2">
         <path>.\</path>
         <kind>object</kind>
         <file>Timer.obj</file>
         <name>Timer.obj</name>
      </input_file>
      <input_file id="fl-3">
         <path>.\</path>
         <kind>object</kind>
         <file>WiFi.obj</file>
         <name>WiFi.obj</name>
      </input_file>
      <input_file id="fl-4">
         <path>.\</path>
         <kind>object</kind>
         <file>functions.obj</file>
         <name>functions.obj</name>
      </input_file>
      <input_file id="fl-5">
         <path>.\</path>
         <kind>object</kind>
         <file>ir.obj</file>
         <name>ir.obj</name>
      </input_file>
      <input_file id="fl-6">
         <path>.\</path>
         <kind>object</kind>
         <file>lcd.obj</file>
         <name>lcd.obj</name>
      </input_file>
      <input_file id="fl-7">
         <path>.\</path>
         <kind>object</kind>
         <file>main.obj</file>
         <name>main.obj</name>
      </input_file>
      <input_file id="fl-8">
         <path>.\</path>
         <kind>object</kind>
         <file>open_interface.obj</file>
         <name>open_interface.obj</name>
      </input_file>
      <input_file id="fl-9">
         <path>.\</path>
         <kind>object</kind>
         <file>ping.obj</file>
         <name>ping.obj</name>
      </input_file>
      <input_file id="fl-a">
         <path>.\</path>
         <kind>object</kind>
         <file>servo.obj</file>
         <name>servo.obj</name>
      </input_file>
      <input_file id="fl-b">
         <path>.\</path>
         <kind>object</kind>
         <file>tm4c123gh6pm_startup_ccs.obj</file>
         <name>tm4c123gh6pm_startup_ccs.obj</name>
      </input_file>
      <input_file id="fl-c">
         <path>.\</path>
         <kind>object</kind>
         <file>uart.obj</file>
         <name>uart.obj</name>
      </input_file>
      <input_file id="fl-11">
         <kind>object</kind>
         <file>&lt;internal&gt;</file>
         <name>&lt;internal&gt;</name>
      </input_file>
      <input_file id="fl-c7">
         <path>C:\ti\ccsv7\tools\compiler\ti-cgt-arm_16.9.6.LTS\lib\</path>
         <kind>archive</kind>
         <file>rtsv7M4_T_le_v4SPD16_eabi.lib</file>
         <name>boot.obj</name>
      </input_file>
      <input_file id="fl-c8">
         <path>C:\ti\ccsv7\tools\compiler\ti-cgt-arm_16.9.6.LTS\lib\</path>
         <kind>archive</kind>
         <file>rtsv7M4_T_le_v4SPD16_eabi.lib</file>
         <name>copy_decompress_lzss.obj</name>
      </input_file>
      <input_file id="fl-c9">
         <path>C:\ti\ccsv7\tools\compiler\ti-cgt-arm_16.9.6.LTS\lib\</path>
         <kind>archive</kind>
         <file>rtsv7M4_T_le_v4SPD16_eabi.lib</file>
         <name>copy_decompress_none.obj</name>
      </input_file>
      <input_file id="fl-ca">
         <path>C:\ti\ccsv7\tools\compiler\ti-cgt-arm_16.9.6.LTS\lib\</path>
         <kind>archive</kind>
         <file>rtsv7M4_T_le_v4SPD16_eabi.lib</file>
         <name>copy_zero_init.obj</name>
      </input_file>
      <input_file id="fl-cb">
         <path>C:\ti\ccsv7\tools\compiler\ti-cgt-arm_16.9.6.LTS\lib\</path>
         <kind>archive</kind>
         <file>rtsv7M4_T_le_v4SPD16_eabi.lib</file>
         <name>e_pow.obj</name>
      </input_file>
      <input_file id="fl-cc">
         <path>C:\ti\ccsv7\tools\compiler\ti-cgt-arm_16.9.6.LTS\lib\</path>
         <kind>archive</kind>
         <file>rtsv7M4_T_le_v4SPD16_eabi.lib</file>
         <name>e_sqrt.obj</name>
      </input_file>
      <input_file id="fl-cd">
         <path>C:\ti\ccsv7\tools\compiler\ti-cgt-arm_16.9.6.LTS\lib\</path>
         <kind>archive</kind>
         <file>rtsv7M4_T_le_v4SPD16_eabi.lib</file>
         <name>errno.obj</name>
      </input_file>
      <input_file id="fl-ce">
         <path>C:\ti\ccsv7\tools\compiler\ti-cgt-arm_16.9.6.LTS\lib\</path>
         <kind>archive</kind>
         <file>rtsv7M4_T_le_v4SPD16_eabi.lib</file>
         <name>exit.obj</name>
      </input_file>
      <input_file id="fl-cf">
         <path>C:\ti\ccsv7\tools\compiler\ti-cgt-arm_16.9.6.LTS\lib\</path>
         <kind>archive</kind>
         <file>rtsv7M4_T_le_v4SPD16_eabi.lib</file>
         <name>fd_add_t2.obj</name>
      </input_file>
      <input_file id="fl-d0">
         <path>C:\ti\ccsv7\tools\compiler\ti-cgt-arm_16.9.6.LTS\lib\</path>
         <kind>archive</kind>
         <file>rtsv7M4_T_le_v4SPD16_eabi.lib</file>
         <name>fd_cmp_t2.obj</name>
      </input_file>
      <input_file id="fl-d1">
         <path>C:\ti\ccsv7\tools\compiler\ti-cgt-arm_16.9.6.LTS\lib\</path>
         <kind>archive</kind>
         <file>rtsv7M4_T_le_v4SPD16_eabi.lib</file>
         <name>fd_div_t2.obj</name>
      </input_file>
      <input_file id="fl-d2">
         <path>C:\ti\ccsv7\tools\compiler\ti-cgt-arm_16.9.6.LTS\lib\</path>
         <kind>archive</kind>
         <file>rtsv7M4_T_le_v4SPD16_eabi.lib</file>
         <name>fd_mul_t2.obj</name>
      </input_file>
      <input_file id="fl-d3">
         <path>C:\ti\ccsv7\tools\compiler\ti-cgt-arm_16.9.6.LTS\lib\</path>
         <kind>archive</kind>
         <file>rtsv7M4_T_le_v4SPD16_eabi.lib</file>
         <name>fd_toi_t2.obj</name>
      </input_file>
      <input_file id="fl-d4">
         <path>C:\ti\ccsv7\tools\compiler\ti-cgt-arm_16.9.6.LTS\lib\</path>
         <kind>archive</kind>
         <file>rtsv7M4_T_le_v4SPD16_eabi.lib</file>
         <name>fd_tos_t2.obj</name>
      </input_file>
      <input_file id="fl-d5">
         <path>C:\ti\ccsv7\tools\compiler\ti-cgt-arm_16.9.6.LTS\lib\</path>
         <kind>archive</kind>
         <file>rtsv7M4_T_le_v4SPD16_eabi.lib</file>
         <name>fs_tod_t2.obj</name>
      </input_file>
      <input_file id="fl-d6">
         <path>C:\ti\ccsv7\tools\compiler\ti-cgt-arm_16.9.6.LTS\lib\</path>
         <kind>archive</kind>
         <file>rtsv7M4_T_le_v4SPD16_eabi.lib</file>
         <name>i_tofd_t2.obj</name>
      </input_file>
      <input_file id="fl-d7">
         <path>C:\ti\ccsv7\tools\compiler\ti-cgt-arm_16.9.6.LTS\lib\</path>
         <kind>archive</kind>
         <file>rtsv7M4_T_le_v4SPD16_eabi.lib</file>
         <name>memcpy_t2.obj</name>
      </input_file>
      <input_file id="fl-d8">
         <path>C:\ti\ccsv7\tools\compiler\ti-cgt-arm_16.9.6.LTS\lib\</path>
         <kind>archive</kind>
         <file>rtsv7M4_T_le_v4SPD16_eabi.lib</file>
         <name>memory.obj</name>
      </input_file>
      <input_file id="fl-d9">
         <path>C:\ti\ccsv7\tools\compiler\ti-cgt-arm_16.9.6.LTS\lib\</path>
         <kind>archive</kind>
         <file>rtsv7M4_T_le_v4SPD16_eabi.lib</file>
         <name>memset_t2.obj</name>
      </input_file>
      <input_file id="fl-da">
         <path>C:\ti\ccsv7\tools\compiler\ti-cgt-arm_16.9.6.LTS\lib\</path>
         <kind>archive</kind>
         <file>rtsv7M4_T_le_v4SPD16_eabi.lib</file>
         <name>mpu_init.obj</name>
      </input_file>
      <input_file id="fl-db">
         <path>C:\ti\ccsv7\tools\compiler\ti-cgt-arm_16.9.6.LTS\lib\</path>
         <kind>archive</kind>
         <file>rtsv7M4_T_le_v4SPD16_eabi.lib</file>
         <name>pre_init.obj</name>
      </input_file>
      <input_file id="fl-dc">
         <path>C:\ti\ccsv7\tools\compiler\ti-cgt-arm_16.9.6.LTS\lib\</path>
         <kind>archive</kind>
         <file>rtsv7M4_T_le_v4SPD16_eabi.lib</file>
         <name>s_scalbn.obj</name>
      </input_file>
      <input_file id="fl-dd">
         <path>C:\ti\ccsv7\tools\compiler\ti-cgt-arm_16.9.6.LTS\lib\</path>
         <kind>archive</kind>
         <file>rtsv7M4_T_le_v4SPD16_eabi.lib</file>
         <name>s_sinf.obj</name>
      </input_file>
      <input_file id="fl-de">
         <path>C:\ti\ccsv7\tools\compiler\ti-cgt-arm_16.9.6.LTS\lib\</path>
         <kind>archive</kind>
         <file>rtsv7M4_T_le_v4SPD16_eabi.lib</file>
         <name>sprintf.obj</name>
      </input_file>
      <input_file id="fl-df">
         <path>C:\ti\ccsv7\tools\compiler\ti-cgt-arm_16.9.6.LTS\lib\</path>
         <kind>archive</kind>
         <file>rtsv7M4_T_le_v4SPD16_eabi.lib</file>
         <name>stkdepth_vars.obj</name>
      </input_file>
      <input_file id="fl-e0">
         <path>C:\ti\ccsv7\tools\compiler\ti-cgt-arm_16.9.6.LTS\lib\</path>
         <kind>archive</kind>
         <file>rtsv7M4_T_le_v4SPD16_eabi.lib</file>
         <name>strcmp.obj</name>
      </input_file>
      <input_file id="fl-e1">
         <path>C:\ti\ccsv7\tools\compiler\ti-cgt-arm_16.9.6.LTS\lib\</path>
         <kind>archive</kind>
         <file>rtsv7M4_T_le_v4SPD16_eabi.lib</file>
         <name>strcpy.obj</name>
      </input_file>
      <input_file id="fl-e2">
         <path>C:\ti\ccsv7\tools\compiler\ti-cgt-arm_16.9.6.LTS\lib\</path>
         <kind>archive</kind>
         <file>rtsv7M4_T_le_v4SPD16_eabi.lib</file>
         <name>strlen.obj</name>
      </input_file>
      <input_file id="fl-e3">
         <path>C:\ti\ccsv7\tools\compiler\ti-cgt-arm_16.9.6.LTS\lib\</path>
         <kind>archive</kind>
         <file>rtsv7M4_T_le_v4SPD16_eabi.lib</file>
         <name>vsnprintf.obj</name>
      </input_file>
      <input_file id="fl-e4">
         <path>C:\ti\ccsv7\tools\compiler\ti-cgt-arm_16.9.6.LTS\lib\</path>
         <kind>archive</kind>
         <file>rtsv7M4_T_le_v4SPD16_eabi.lib</file>
         <name>_lock.obj</name>
      </input_file>
      <input_file id="fl-e5">
         <path>C:\ti\ccsv7\tools\compiler\ti-cgt-arm_16.9.6.LTS\lib\</path>
         <kind>archive</kind>
         <file>rtsv7M4_T_le_v4SPD16_eabi.lib</file>
         <name>_printfi.obj</name>
      </input_file>
      <input_file id="fl-e6">
         <path>C:\ti\ccsv7\tools\compiler\ti-cgt-arm_16.9.6.LTS\lib\</path>
         <kind>archive</kind>
         <file>rtsv7M4_T_le_v4SPD16_eabi.lib</file>
         <name>args_main.obj</name>
      </input_file>
      <input_file id="fl-e7">
         <path>C:\ti\ccsv7\tools\compiler\ti-cgt-arm_16.9.6.LTS\lib\</path>
         <kind>archive</kind>
         <file>rtsv7M4_T_le_v4SPD16_eabi.lib</file>
         <name>atoi.obj</name>
      </input_file>
      <input_file id="fl-e8">
         <path>C:\ti\ccsv7\tools\compiler\ti-cgt-arm_16.9.6.LTS\lib\</path>
         <kind>archive</kind>
         <file>rtsv7M4_T_le_v4SPD16_eabi.lib</file>
         <name>autoinit.obj</name>
      </input_file>
      <input_file id="fl-e9">
         <path>C:\ti\ccsv7\tools\compiler\ti-cgt-arm_16.9.6.LTS\lib\</path>
         <kind>archive</kind>
         <file>rtsv7M4_T_le_v4SPD16_eabi.lib</file>
         <name>cpy_tbl.obj</name>
      </input_file>
      <input_file id="fl-ea">
         <path>C:\ti\ccsv7\tools\compiler\ti-cgt-arm_16.9.6.LTS\lib\</path>
         <kind>archive</kind>
         <file>rtsv7M4_T_le_v4SPD16_eabi.lib</file>
         <name>ctype.obj</name>
      </input_file>
      <input_file id="fl-eb">
         <path>C:\ti\ccsv7\tools\compiler\ti-cgt-arm_16.9.6.LTS\lib\</path>
         <kind>archive</kind>
         <file>rtsv7M4_T_le_v4SPD16_eabi.lib</file>
         <name>ltoa.obj</name>
      </input_file>
      <input_file id="fl-ec">
         <path>C:\ti\ccsv7\tools\compiler\ti-cgt-arm_16.9.6.LTS\lib\</path>
         <kind>archive</kind>
         <file>rtsv7M4_T_le_v4SPD16_eabi.lib</file>
         <name>memccpy.obj</name>
      </input_file>
      <input_file id="fl-ed">
         <path>C:\ti\ccsv7\tools\compiler\ti-cgt-arm_16.9.6.LTS\lib\</path>
         <kind>archive</kind>
         <file>rtsv7M4_T_le_v4SPD16_eabi.lib</file>
         <name>s_copysign.obj</name>
      </input_file>
      <input_file id="fl-ee">
         <path>C:\ti\ccsv7\tools\compiler\ti-cgt-arm_16.9.6.LTS\lib\</path>
         <kind>archive</kind>
         <file>rtsv7M4_T_le_v4SPD16_eabi.lib</file>
         <name>s_frexp.obj</name>
      </input_file>
      <input_file id="fl-ef">
         <path>C:\ti\ccsv7\tools\compiler\ti-cgt-arm_16.9.6.LTS\lib\</path>
         <kind>archive</kind>
         <file>rtsv7M4_T_le_v4SPD16_eabi.lib</file>
         <name>startup.obj</name>
      </input_file>
      <input_file id="fl-f0">
         <path>C:\ti\ccsv7\tools\compiler\ti-cgt-arm_16.9.6.LTS\lib\</path>
         <kind>archive</kind>
         <file>rtsv7M4_T_le_v4SPD16_eabi.lib</file>
         <name>strchr.obj</name>
      </input_file>
      <input_file id="fl-f1">
         <path>C:\ti\ccsv7\tools\compiler\ti-cgt-arm_16.9.6.LTS\lib\</path>
         <kind>archive</kind>
         <file>rtsv7M4_T_le_v4SPD16_eabi.lib</file>
         <name>ull_div_t2.obj</name>
      </input_file>
      <input_file id="fl-f2">
         <path>C:\ti\TivaWare_C_Series-2.1.2.111\driverlib\ccs\Debug\</path>
         <kind>archive</kind>
         <file>driverlib.lib</file>
         <name>interrupt.obj</name>
      </input_file>
      <input_file id="fl-f3">
         <path>C:\ti\TivaWare_C_Series-2.1.2.111\driverlib\ccs\Debug\</path>
         <kind>archive</kind>
         <file>driverlib.lib</file>
         <name>cpu.obj</name>
      </input_file>
   </input_file_list>
   <object_component_list>
      <object_component id="oc-f">
         <name>.intvecs</name>
         <load_address>0x0</load_address>
         <run_address>0x0</run_address>
         <size>0x26c</size>
         <input_file_ref idref="fl-b"/>
      </object_component>
      <object_component id="oc-20a">
         <name>.text</name>
         <load_address>0x26c</load_address>
         <run_address>0x26c</run_address>
         <size>0x113e</size>
         <input_file_ref idref="fl-e5"/>
      </object_component>
      <object_component id="oc-5a">
         <name>.text</name>
         <load_address>0x13aa</load_address>
         <run_address>0x13aa</run_address>
         <size>0x2</size>
         <input_file_ref idref="fl-da"/>
      </object_component>
      <object_component id="oc-108">
         <name>.text</name>
         <load_address>0x13ac</load_address>
         <run_address>0x13ac</run_address>
         <size>0xca4</size>
         <input_file_ref idref="fl-4"/>
      </object_component>
      <object_component id="oc-102">
         <name>.text</name>
         <load_address>0x2050</load_address>
         <run_address>0x2050</run_address>
         <size>0xa84</size>
         <input_file_ref idref="fl-8"/>
      </object_component>
      <object_component id="oc-189">
         <name>.text</name>
         <load_address>0x2ad4</load_address>
         <run_address>0x2ad4</run_address>
         <size>0x9ac</size>
         <input_file_ref idref="fl-cb"/>
      </object_component>
      <object_component id="oc-19b">
         <name>.text</name>
         <load_address>0x3480</load_address>
         <run_address>0x3480</run_address>
         <size>0x3d0</size>
         <input_file_ref idref="fl-d8"/>
      </object_component>
      <object_component id="oc-e4">
         <name>.text</name>
         <load_address>0x3850</load_address>
         <run_address>0x3850</run_address>
         <size>0x2ec</size>
         <input_file_ref idref="fl-6"/>
      </object_component>
      <object_component id="oc-ea">
         <name>.text</name>
         <load_address>0x3b3c</load_address>
         <run_address>0x3b3c</run_address>
         <size>0x218</size>
         <input_file_ref idref="fl-9"/>
      </object_component>
      <object_component id="oc-288">
         <name>.text</name>
         <load_address>0x3d54</load_address>
         <run_address>0x3d54</run_address>
         <size>0x1f4</size>
         <input_file_ref idref="fl-f1"/>
      </object_component>
      <object_component id="oc-f6">
         <name>.text</name>
         <load_address>0x3f48</load_address>
         <run_address>0x3f48</run_address>
         <size>0x1d8</size>
         <input_file_ref idref="fl-5"/>
      </object_component>
      <object_component id="oc-1be">
         <name>.text</name>
         <load_address>0x4120</load_address>
         <run_address>0x4120</run_address>
         <size>0x1b6</size>
         <input_file_ref idref="fl-cf"/>
      </object_component>
      <object_component id="oc-a6">
         <name>.text</name>
         <load_address>0x42d6</load_address>
         <run_address>0x42d6</run_address>
         <size>0x2</size>
         <input_file_ref idref="fl-ef"/>
      </object_component>
      <object_component id="oc-242">
         <name>.text</name>
         <load_address>0x42d8</load_address>
         <run_address>0x42d8</run_address>
         <size>0x170</size>
         <input_file_ref idref="fl-cc"/>
      </object_component>
      <object_component id="oc-fc">
         <name>.text</name>
         <load_address>0x4448</load_address>
         <run_address>0x4448</run_address>
         <size>0x158</size>
         <input_file_ref idref="fl-2"/>
      </object_component>
      <object_component id="oc-f0">
         <name>.text</name>
         <load_address>0x45a0</load_address>
         <run_address>0x45a0</run_address>
         <size>0x154</size>
         <input_file_ref idref="fl-a"/>
      </object_component>
      <object_component id="oc-1a8">
         <name>.text</name>
         <load_address>0x46f4</load_address>
         <run_address>0x46f4</run_address>
         <size>0x136</size>
         <input_file_ref idref="fl-d1"/>
      </object_component>
      <object_component id="oc-de">
         <name>.text</name>
         <load_address>0x482c</load_address>
         <run_address>0x482c</run_address>
         <size>0x120</size>
         <input_file_ref idref="fl-c"/>
      </object_component>
      <object_component id="oc-176">
         <name>.text</name>
         <load_address>0x494c</load_address>
         <run_address>0x494c</run_address>
         <size>0xfc</size>
         <input_file_ref idref="fl-d2"/>
      </object_component>
      <object_component id="oc-24e">
         <name>.text</name>
         <load_address>0x4a48</load_address>
         <run_address>0x4a48</run_address>
         <size>0xfc</size>
         <input_file_ref idref="fl-dc"/>
      </object_component>
      <object_component id="oc-1c9">
         <name>.text</name>
         <load_address>0x4b44</load_address>
         <run_address>0x4b44</run_address>
         <size>0xa4</size>
         <input_file_ref idref="fl-dd"/>
      </object_component>
      <object_component id="oc-42">
         <name>.text</name>
         <load_address>0x4be8</load_address>
         <run_address>0x4be8</run_address>
         <size>0x9c</size>
         <input_file_ref idref="fl-d7"/>
      </object_component>
      <object_component id="oc-13b">
         <name>.text</name>
         <load_address>0x4c84</load_address>
         <run_address>0x4c84</run_address>
         <size>0x88</size>
         <input_file_ref idref="fl-e3"/>
      </object_component>
      <object_component id="oc-1b9">
         <name>.text:__aeabi_cdcmple</name>
         <load_address>0x4d0c</load_address>
         <run_address>0x4d0c</run_address>
         <size>0x86</size>
         <input_file_ref idref="fl-d0"/>
      </object_component>
      <object_component id="oc-1b4">
         <name>.text:__aeabi_cdrcmple</name>
         <load_address>0x4d92</load_address>
         <run_address>0x4d92</run_address>
         <size>0x86</size>
         <input_file_ref idref="fl-d0"/>
      </object_component>
      <object_component id="oc-4e">
         <name>.text</name>
         <load_address>0x4e18</load_address>
         <run_address>0x4e18</run_address>
         <size>0x7a</size>
         <input_file_ref idref="fl-d9"/>
      </object_component>
      <object_component id="oc-66">
         <name>.text</name>
         <load_address>0x4e94</load_address>
         <run_address>0x4e94</run_address>
         <size>0x70</size>
         <input_file_ref idref="fl-e8"/>
      </object_component>
      <object_component id="oc-18f">
         <name>.text</name>
         <load_address>0x4f04</load_address>
         <run_address>0x4f04</run_address>
         <size>0x6e</size>
         <input_file_ref idref="fl-d4"/>
      </object_component>
      <object_component id="oc-12">
         <name>.text:decompress:lzss</name>
         <load_address>0x4f72</load_address>
         <run_address>0x4f72</run_address>
         <size>0x68</size>
         <input_file_ref idref="fl-c8"/>
      </object_component>
      <object_component id="oc-299">
         <name>.text</name>
         <load_address>0x4fdc</load_address>
         <run_address>0x4fdc</run_address>
         <size>0x64</size>
         <input_file_ref idref="fl-ee"/>
      </object_component>
      <object_component id="oc-1c3">
         <name>.text</name>
         <load_address>0x5040</load_address>
         <run_address>0x5040</run_address>
         <size>0x60</size>
         <input_file_ref idref="fl-de"/>
      </object_component>
      <object_component id="oc-24">
         <name>.text</name>
         <load_address>0x50a0</load_address>
         <run_address>0x50a0</run_address>
         <size>0x54</size>
         <input_file_ref idref="fl-c7"/>
      </object_component>
      <object_component id="oc-72">
         <name>.text</name>
         <load_address>0x50f4</load_address>
         <run_address>0x50f4</run_address>
         <size>0x54</size>
         <input_file_ref idref="fl-ce"/>
      </object_component>
      <object_component id="oc-293">
         <name>.text</name>
         <load_address>0x5148</load_address>
         <run_address>0x5148</run_address>
         <size>0x54</size>
         <input_file_ref idref="fl-eb"/>
      </object_component>
      <object_component id="oc-2a5">
         <name>.text</name>
         <load_address>0x519c</load_address>
         <run_address>0x519c</run_address>
         <size>0x4c</size>
         <input_file_ref idref="fl-e7"/>
      </object_component>
      <object_component id="oc-a0">
         <name>.text</name>
         <load_address>0x51e8</load_address>
         <run_address>0x51e8</run_address>
         <size>0x4c</size>
         <input_file_ref idref="fl-e9"/>
      </object_component>
      <object_component id="oc-17b">
         <name>.text</name>
         <load_address>0x5234</load_address>
         <run_address>0x5234</run_address>
         <size>0x48</size>
         <input_file_ref idref="fl-d3"/>
      </object_component>
      <object_component id="oc-184">
         <name>.text</name>
         <load_address>0x527c</load_address>
         <run_address>0x527c</run_address>
         <size>0x38</size>
         <input_file_ref idref="fl-d5"/>
      </object_component>
      <object_component id="oc-157">
         <name>.text:IntRegister</name>
         <load_address>0x52b4</load_address>
         <run_address>0x52b4</run_address>
         <size>0x34</size>
         <input_file_ref idref="fl-f2"/>
      </object_component>
      <object_component id="oc-ae">
         <name>.text</name>
         <load_address>0x52e8</load_address>
         <run_address>0x52e8</run_address>
         <size>0x32</size>
         <input_file_ref idref="fl-7"/>
      </object_component>
      <object_component id="oc-171">
         <name>.text</name>
         <load_address>0x531a</load_address>
         <run_address>0x531a</run_address>
         <size>0x2e</size>
         <input_file_ref idref="fl-d6"/>
      </object_component>
      <object_component id="oc-2ab">
         <name>.text</name>
         <load_address>0x5348</load_address>
         <run_address>0x5348</run_address>
         <size>0x1c</size>
         <input_file_ref idref="fl-ec"/>
      </object_component>
      <object_component id="oc-1a1">
         <name>.text:oi_parseInt</name>
         <load_address>0x5364</load_address>
         <run_address>0x5364</run_address>
         <size>0x18</size>
         <input_file_ref idref="fl-8"/>
      </object_component>
      <object_component id="oc-6c">
         <name>.text</name>
         <load_address>0x537c</load_address>
         <run_address>0x537c</run_address>
         <size>0x18</size>
         <input_file_ref idref="fl-e6"/>
      </object_component>
      <object_component id="oc-141">
         <name>.text</name>
         <load_address>0x5394</load_address>
         <run_address>0x5394</run_address>
         <size>0x18</size>
         <input_file_ref idref="fl-e0"/>
      </object_component>
      <object_component id="oc-29f">
         <name>.text</name>
         <load_address>0x53ac</load_address>
         <run_address>0x53ac</run_address>
         <size>0x16</size>
         <input_file_ref idref="fl-f0"/>
      </object_component>
      <object_component id="oc-11a">
         <name>.text</name>
         <load_address>0x53c4</load_address>
         <run_address>0x53c4</run_address>
         <size>0x14</size>
         <input_file_ref idref="fl-e4"/>
      </object_component>
      <object_component id="oc-2ce">
         <name>.text</name>
         <load_address>0x53d8</load_address>
         <run_address>0x53d8</run_address>
         <size>0x14</size>
         <input_file_ref idref="fl-ed"/>
      </object_component>
      <object_component id="oc-147">
         <name>.text</name>
         <load_address>0x53ec</load_address>
         <run_address>0x53ec</run_address>
         <size>0x14</size>
         <input_file_ref idref="fl-e1"/>
      </object_component>
      <object_component id="oc-28d">
         <name>.text</name>
         <load_address>0x5400</load_address>
         <run_address>0x5400</run_address>
         <size>0x14</size>
         <input_file_ref idref="fl-e2"/>
      </object_component>
      <object_component id="oc-15d">
         <name>.text:IntMasterEnable</name>
         <load_address>0x5414</load_address>
         <run_address>0x5414</run_address>
         <size>0x10</size>
         <input_file_ref idref="fl-f2"/>
      </object_component>
      <object_component id="oc-134">
         <name>.text:lcd_clear</name>
         <load_address>0x5424</load_address>
         <run_address>0x5424</run_address>
         <size>0x10</size>
         <input_file_ref idref="fl-6"/>
      </object_component>
      <object_component id="oc-18">
         <name>.text:decompress:none</name>
         <load_address>0x5434</load_address>
         <run_address>0x5434</run_address>
         <size>0xe</size>
         <input_file_ref idref="fl-c9"/>
      </object_component>
      <object_component id="oc-22c">
         <name>.text:CPUcpsie</name>
         <load_address>0x5442</load_address>
         <run_address>0x5442</run_address>
         <size>0xc</size>
         <input_file_ref idref="fl-f3"/>
      </object_component>
      <object_component id="oc-1e">
         <name>.text:decompress:ZI</name>
         <load_address>0x544e</load_address>
         <run_address>0x544e</run_address>
         <size>0xc</size>
         <input_file_ref idref="fl-ca"/>
      </object_component>
      <object_component id="oc-2e">
         <name>.text</name>
         <load_address>0x545a</load_address>
         <run_address>0x545a</run_address>
         <size>0xc</size>
         <input_file_ref idref="fl-b"/>
      </object_component>
      <object_component id="oc-60">
         <name>.text</name>
         <load_address>0x5466</load_address>
         <run_address>0x5466</run_address>
         <size>0x4</size>
         <input_file_ref idref="fl-db"/>
      </object_component>
      <object_component id="oc-2ea">
         <name>.const:.string:_ctypes_</name>
         <load_address>0x5470</load_address>
         <run_address>0x5470</run_address>
         <size>0x101</size>
         <input_file_ref idref="fl-ea"/>
      </object_component>
      <object_component id="oc-14d">
         <name>.const:.string:lineAddress$1</name>
         <load_address>0x5571</load_address>
         <run_address>0x5571</run_address>
         <size>0x4</size>
         <input_file_ref idref="fl-6"/>
      </object_component>
      <object_component id="oc-24b">
         <name>.const:$O1$$</name>
         <load_address>0x5578</load_address>
         <run_address>0x5578</run_address>
         <size>0x30</size>
         <input_file_ref idref="fl-cb"/>
      </object_component>
      <object_component id="oc-1e7">
         <name>.const:.string:$P$T8$9</name>
         <load_address>0x55a8</load_address>
         <run_address>0x55a8</run_address>
         <size>0x24</size>
         <input_file_ref idref="fl-4"/>
      </object_component>
      <object_component id="oc-1ea">
         <name>.const:.string:$P$T9$10</name>
         <load_address>0x55cc</load_address>
         <run_address>0x55cc</run_address>
         <size>0x24</size>
         <input_file_ref idref="fl-4"/>
      </object_component>
      <object_component id="oc-1e1">
         <name>.const:.string:$P$T6$7</name>
         <load_address>0x55f0</load_address>
         <run_address>0x55f0</run_address>
         <size>0x22</size>
         <input_file_ref idref="fl-4"/>
      </object_component>
      <object_component id="oc-1f0">
         <name>.const:.string:$P$T11$12</name>
         <load_address>0x5612</load_address>
         <run_address>0x5612</run_address>
         <size>0x1d</size>
         <input_file_ref idref="fl-4"/>
      </object_component>
      <object_component id="oc-1f6">
         <name>.const:.string:$P$T13$14</name>
         <load_address>0x562f</load_address>
         <run_address>0x562f</run_address>
         <size>0x1d</size>
         <input_file_ref idref="fl-4"/>
      </object_component>
      <object_component id="oc-1ed">
         <name>.const:.string:$P$T10$11</name>
         <load_address>0x564c</load_address>
         <run_address>0x564c</run_address>
         <size>0x1c</size>
         <input_file_ref idref="fl-4"/>
      </object_component>
      <object_component id="oc-1d5">
         <name>.const:.string:$P$T2$3</name>
         <load_address>0x5668</load_address>
         <run_address>0x5668</run_address>
         <size>0x1c</size>
         <input_file_ref idref="fl-4"/>
      </object_component>
      <object_component id="oc-1db">
         <name>.const:.string:$P$T4$5</name>
         <load_address>0x5684</load_address>
         <run_address>0x5684</run_address>
         <size>0x1c</size>
         <input_file_ref idref="fl-4"/>
      </object_component>
      <object_component id="oc-1f3">
         <name>.const:.string:$P$T12$13</name>
         <load_address>0x56a0</load_address>
         <run_address>0x56a0</run_address>
         <size>0x1b</size>
         <input_file_ref idref="fl-4"/>
      </object_component>
      <object_component id="oc-1d8">
         <name>.const:.string:$P$T3$4</name>
         <load_address>0x56bb</load_address>
         <run_address>0x56bb</run_address>
         <size>0x1b</size>
         <input_file_ref idref="fl-4"/>
      </object_component>
      <object_component id="oc-1de">
         <name>.const:.string:$P$T5$6</name>
         <load_address>0x56d6</load_address>
         <run_address>0x56d6</run_address>
         <size>0x1b</size>
         <input_file_ref idref="fl-4"/>
      </object_component>
      <object_component id="oc-1d2">
         <name>.const:.string:$P$T1$2</name>
         <load_address>0x56f1</load_address>
         <run_address>0x56f1</run_address>
         <size>0x16</size>
         <input_file_ref idref="fl-4"/>
      </object_component>
      <object_component id="oc-1cf">
         <name>.const:.string:$P$T0$1</name>
         <load_address>0x5707</load_address>
         <run_address>0x5707</run_address>
         <size>0x14</size>
         <input_file_ref idref="fl-4"/>
      </object_component>
      <object_component id="oc-1ae">
         <name>.const:.string:$P$T0$3</name>
         <load_address>0x571b</load_address>
         <run_address>0x571b</run_address>
         <size>0xf</size>
         <input_file_ref idref="fl-8"/>
      </object_component>
      <object_component id="oc-1e4">
         <name>.const:.string:$P$T7$8</name>
         <load_address>0x572a</load_address>
         <run_address>0x572a</run_address>
         <size>0xf</size>
         <input_file_ref idref="fl-4"/>
      </object_component>
      <object_component id="oc-14e">
         <name>.const:.string:lineAddresses$2</name>
         <load_address>0x5739</load_address>
         <run_address>0x5739</run_address>
         <size>0x4</size>
         <input_file_ref idref="fl-6"/>
      </object_component>
      <object_component id="oc-330">
         <name>.cinit..data.load</name>
         <load_address>0x5740</load_address>
         <run_address>0x5740</run_address>
         <size>0x1c</size>
      </object_component>
      <object_component id="oc-32d">
         <name>__TI_handler_table</name>
         <load_address>0x575c</load_address>
         <run_address>0x575c</run_address>
         <size>0xc</size>
      </object_component>
      <object_component id="oc-331">
         <name>.cinit..bss.load</name>
         <load_address>0x5768</load_address>
         <run_address>0x5768</run_address>
         <size>0x8</size>
      </object_component>
      <object_component id="oc-32f">
         <name>.cinit..vtable.load</name>
         <load_address>0x5770</load_address>
         <run_address>0x5770</run_address>
         <size>0x8</size>
      </object_component>
      <object_component id="oc-32e">
         <name>__TI_cinit_table</name>
         <load_address>0x5778</load_address>
         <run_address>0x5778</run_address>
         <size>0x18</size>
      </object_component>
      <object_component id="oc-227">
         <name>.vtable</name>
         <uninitialized>true</uninitialized>
         <run_address>0x20000000</run_address>
         <size>0x26c</size>
         <input_file_ref idref="fl-f2"/>
      </object_component>
      <object_component id="oc-1ad">
         <name>.data</name>
         <load_address>0x20000ef0</load_address>
         <run_address>0x20000ef0</run_address>
         <size>0x10</size>
         <input_file_ref idref="fl-8"/>
      </object_component>
      <object_component id="oc-248">
         <name>.data</name>
         <load_address>0x20000f20</load_address>
         <run_address>0x20000f20</run_address>
         <size>0x4</size>
         <input_file_ref idref="fl-cd"/>
      </object_component>
      <object_component id="oc-b6">
         <name>.data:$O1$$</name>
         <load_address>0x20000f00</load_address>
         <run_address>0x20000f00</run_address>
         <size>0xc</size>
         <input_file_ref idref="fl-ce"/>
      </object_component>
      <object_component id="oc-25d">
         <name>.data:$O1$$</name>
         <load_address>0x20000f0c</load_address>
         <run_address>0x20000f0c</run_address>
         <size>0xc</size>
         <input_file_ref idref="fl-d8"/>
      </object_component>
      <object_component id="oc-78">
         <name>.data</name>
         <load_address>0x20000f24</load_address>
         <run_address>0x20000f24</run_address>
         <size>0x4</size>
         <input_file_ref idref="fl-df"/>
      </object_component>
      <object_component id="oc-b9">
         <name>.data:$O1$$</name>
         <load_address>0x20000f18</load_address>
         <run_address>0x20000f18</run_address>
         <size>0x8</size>
         <input_file_ref idref="fl-e4"/>
      </object_component>
      <object_component id="oc-14f">
         <name>.bss:lastbuffer$3</name>
         <uninitialized>true</uninitialized>
         <run_address>0x20000e70</run_address>
         <size>0x54</size>
         <input_file_ref idref="fl-6"/>
      </object_component>
      <object_component id="oc-1b1">
         <name>.bss:firmware$2</name>
         <uninitialized>true</uninitialized>
         <run_address>0x20000ec4</run_address>
         <size>0x18</size>
         <input_file_ref idref="fl-8"/>
      </object_component>
      <object_component id="oc-180">
         <name>.common:PWM</name>
         <uninitialized>true</uninitialized>
         <run_address>0x20000edc</run_address>
         <size>0x4</size>
      </object_component>
      <object_component id="oc-163">
         <name>.common:state</name>
         <uninitialized>true</uninitialized>
         <run_address>0x20000eec</run_address>
         <size>0x1</size>
      </object_component>
      <object_component id="oc-168">
         <name>.common:risingEdge</name>
         <uninitialized>true</uninitialized>
         <run_address>0x20000ee8</run_address>
         <size>0x4</size>
      </object_component>
      <object_component id="oc-169">
         <name>.common:fallingEdge</name>
         <uninitialized>true</uninitialized>
         <run_address>0x20000ee0</run_address>
         <size>0x4</size>
      </object_component>
      <object_component id="oc-16a">
         <name>.common:pulseLength</name>
         <uninitialized>true</uninitialized>
         <run_address>0x20000ee4</run_address>
         <size>0x4</size>
      </object_component>
      <object_component id="oc-2b">
         <name>.sysmem</name>
         <uninitialized>true</uninitialized>
         <run_address>0x20000a70</run_address>
         <size>0x8</size>
         <input_file_ref idref="fl-d8"/>
      </object_component>
      <object_component id="oc-333">
         <name>.sysmem</name>
         <uninitialized>true</uninitialized>
         <run_address>0x20000a70</run_address>
         <size>0x0</size>
      </object_component>
      <object_component id="oc-2a">
         <name>.stack</name>
         <uninitialized>true</uninitialized>
         <run_address>0x2000026c</run_address>
         <size>0x0</size>
         <input_file_ref idref="fl-c7"/>
      </object_component>
      <object_component id="oc-332">
         <name>.stack</name>
         <uninitialized>true</uninitialized>
         <run_address>0x2000026c</run_address>
         <size>0x0</size>
      </object_component>
      <object_component id="oc-fd">
         <name>.debug_info</name>
         <load_address>0x0</load_address>
         <run_address>0x0</run_address>
         <size>0x404</size>
         <input_file_ref idref="fl-2"/>
      </object_component>
      <object_component id="oc-3d">
         <name>.debug_info</name>
         <load_address>0x404</load_address>
         <run_address>0x404</run_address>
         <size>0x84</size>
         <input_file_ref idref="fl-2"/>
      </object_component>
      <object_component id="oc-83">
         <name>.debug_info</name>
         <load_address>0x488</load_address>
         <run_address>0x488</run_address>
         <size>0x18b</size>
         <input_file_ref idref="fl-2"/>
      </object_component>
      <object_component id="oc-196">
         <name>.debug_info</name>
         <load_address>0x613</load_address>
         <run_address>0x613</run_address>
         <size>0x2c</size>
         <input_file_ref idref="fl-2"/>
      </object_component>
      <object_component id="oc-97">
         <name>.debug_info</name>
         <load_address>0x63f</load_address>
         <run_address>0x63f</run_address>
         <size>0x2c</size>
         <input_file_ref idref="fl-3"/>
      </object_component>
      <object_component id="oc-164">
         <name>.debug_info</name>
         <load_address>0x66b</load_address>
         <run_address>0x66b</run_address>
         <size>0x7b9</size>
         <input_file_ref idref="fl-4"/>
      </object_component>
      <object_component id="oc-1d0">
         <name>.debug_info</name>
         <load_address>0xe24</load_address>
         <run_address>0xe24</run_address>
         <size>0xe0</size>
         <input_file_ref idref="fl-4"/>
      </object_component>
      <object_component id="oc-1d3">
         <name>.debug_info</name>
         <load_address>0xf04</load_address>
         <run_address>0xf04</run_address>
         <size>0xe0</size>
         <input_file_ref idref="fl-4"/>
      </object_component>
      <object_component id="oc-1d6">
         <name>.debug_info</name>
         <load_address>0xfe4</load_address>
         <run_address>0xfe4</run_address>
         <size>0xe0</size>
         <input_file_ref idref="fl-4"/>
      </object_component>
      <object_component id="oc-1d9">
         <name>.debug_info</name>
         <load_address>0x10c4</load_address>
         <run_address>0x10c4</run_address>
         <size>0xe0</size>
         <input_file_ref idref="fl-4"/>
      </object_component>
      <object_component id="oc-1dc">
         <name>.debug_info</name>
         <load_address>0x11a4</load_address>
         <run_address>0x11a4</run_address>
         <size>0xe0</size>
         <input_file_ref idref="fl-4"/>
      </object_component>
      <object_component id="oc-1df">
         <name>.debug_info</name>
         <load_address>0x1284</load_address>
         <run_address>0x1284</run_address>
         <size>0xe0</size>
         <input_file_ref idref="fl-4"/>
      </object_component>
      <object_component id="oc-1e2">
         <name>.debug_info</name>
         <load_address>0x1364</load_address>
         <run_address>0x1364</run_address>
         <size>0xe0</size>
         <input_file_ref idref="fl-4"/>
      </object_component>
      <object_component id="oc-1e5">
         <name>.debug_info</name>
         <load_address>0x1444</load_address>
         <run_address>0x1444</run_address>
         <size>0xe0</size>
         <input_file_ref idref="fl-4"/>
      </object_component>
      <object_component id="oc-1e8">
         <name>.debug_info</name>
         <load_address>0x1524</load_address>
         <run_address>0x1524</run_address>
         <size>0xe0</size>
         <input_file_ref idref="fl-4"/>
      </object_component>
      <object_component id="oc-1eb">
         <name>.debug_info</name>
         <load_address>0x1604</load_address>
         <run_address>0x1604</run_address>
         <size>0xe2</size>
         <input_file_ref idref="fl-4"/>
      </object_component>
      <object_component id="oc-1ee">
         <name>.debug_info</name>
         <load_address>0x16e6</load_address>
         <run_address>0x16e6</run_address>
         <size>0xe5</size>
         <input_file_ref idref="fl-4"/>
      </object_component>
      <object_component id="oc-1f1">
         <name>.debug_info</name>
         <load_address>0x17cb</load_address>
         <run_address>0x17cb</run_address>
         <size>0xe5</size>
         <input_file_ref idref="fl-4"/>
      </object_component>
      <object_component id="oc-1f4">
         <name>.debug_info</name>
         <load_address>0x18b0</load_address>
         <run_address>0x18b0</run_address>
         <size>0xe5</size>
         <input_file_ref idref="fl-4"/>
      </object_component>
      <object_component id="oc-1f7">
         <name>.debug_info</name>
         <load_address>0x1995</load_address>
         <run_address>0x1995</run_address>
         <size>0xe5</size>
         <input_file_ref idref="fl-4"/>
      </object_component>
      <object_component id="oc-109">
         <name>.debug_info</name>
         <load_address>0x1a7a</load_address>
         <run_address>0x1a7a</run_address>
         <size>0x17ae</size>
         <input_file_ref idref="fl-4"/>
      </object_component>
      <object_component id="oc-1fc">
         <name>.debug_info</name>
         <load_address>0x3228</load_address>
         <run_address>0x3228</run_address>
         <size>0x44</size>
         <input_file_ref idref="fl-4"/>
      </object_component>
      <object_component id="oc-200">
         <name>.debug_info</name>
         <load_address>0x326c</load_address>
         <run_address>0x326c</run_address>
         <size>0x5aa</size>
         <input_file_ref idref="fl-4"/>
      </object_component>
      <object_component id="oc-222">
         <name>.debug_info</name>
         <load_address>0x3816</load_address>
         <run_address>0x3816</run_address>
         <size>0xc8</size>
         <input_file_ref idref="fl-4"/>
      </object_component>
      <object_component id="oc-152">
         <name>.debug_info</name>
         <load_address>0x38de</load_address>
         <run_address>0x38de</run_address>
         <size>0x4e</size>
         <input_file_ref idref="fl-4"/>
      </object_component>
      <object_component id="oc-235">
         <name>.debug_info</name>
         <load_address>0x392c</load_address>
         <run_address>0x392c</run_address>
         <size>0xa5</size>
         <input_file_ref idref="fl-4"/>
      </object_component>
      <object_component id="oc-f7">
         <name>.debug_info</name>
         <load_address>0x39d1</load_address>
         <run_address>0x39d1</run_address>
         <size>0x2ed</size>
         <input_file_ref idref="fl-5"/>
      </object_component>
      <object_component id="oc-151">
         <name>.debug_info</name>
         <load_address>0x3cbe</load_address>
         <run_address>0x3cbe</run_address>
         <size>0x383</size>
         <input_file_ref idref="fl-6"/>
      </object_component>
      <object_component id="oc-136">
         <name>.debug_info</name>
         <load_address>0x4041</load_address>
         <run_address>0x4041</run_address>
         <size>0x134</size>
         <input_file_ref idref="fl-6"/>
      </object_component>
      <object_component id="oc-e6">
         <name>.debug_info</name>
         <load_address>0x4175</load_address>
         <run_address>0x4175</run_address>
         <size>0x852</size>
         <input_file_ref idref="fl-6"/>
      </object_component>
      <object_component id="oc-10f">
         <name>.debug_info</name>
         <load_address>0x49c7</load_address>
         <run_address>0x49c7</run_address>
         <size>0x4c4</size>
         <input_file_ref idref="fl-7"/>
      </object_component>
      <object_component id="oc-b2">
         <name>.debug_info</name>
         <load_address>0x4e8b</load_address>
         <run_address>0x4e8b</run_address>
         <size>0x1aa</size>
         <input_file_ref idref="fl-7"/>
      </object_component>
      <object_component id="oc-1b3">
         <name>.debug_info</name>
         <load_address>0x5035</load_address>
         <run_address>0x5035</run_address>
         <size>0x434</size>
         <input_file_ref idref="fl-8"/>
      </object_component>
      <object_component id="oc-1af">
         <name>.debug_info</name>
         <load_address>0x5469</load_address>
         <run_address>0x5469</run_address>
         <size>0xe6</size>
         <input_file_ref idref="fl-8"/>
      </object_component>
      <object_component id="oc-1a2">
         <name>.debug_info</name>
         <load_address>0x554f</load_address>
         <run_address>0x554f</run_address>
         <size>0x15e</size>
         <input_file_ref idref="fl-8"/>
      </object_component>
      <object_component id="oc-103">
         <name>.debug_info</name>
         <load_address>0x56ad</load_address>
         <run_address>0x56ad</run_address>
         <size>0x14f8</size>
         <input_file_ref idref="fl-8"/>
      </object_component>
      <object_component id="oc-166">
         <name>.debug_info</name>
         <load_address>0x6ba5</load_address>
         <run_address>0x6ba5</run_address>
         <size>0x380</size>
         <input_file_ref idref="fl-9"/>
      </object_component>
      <object_component id="oc-eb">
         <name>.debug_info</name>
         <load_address>0x6f25</load_address>
         <run_address>0x6f25</run_address>
         <size>0x263</size>
         <input_file_ref idref="fl-9"/>
      </object_component>
      <object_component id="oc-16c">
         <name>.debug_info</name>
         <load_address>0x7188</load_address>
         <run_address>0x7188</run_address>
         <size>0x8b</size>
         <input_file_ref idref="fl-9"/>
      </object_component>
      <object_component id="oc-181">
         <name>.debug_info</name>
         <load_address>0x7213</load_address>
         <run_address>0x7213</run_address>
         <size>0x274</size>
         <input_file_ref idref="fl-a"/>
      </object_component>
      <object_component id="oc-f1">
         <name>.debug_info</name>
         <load_address>0x7487</load_address>
         <run_address>0x7487</run_address>
         <size>0x1cd</size>
         <input_file_ref idref="fl-a"/>
      </object_component>
      <object_component id="oc-36">
         <name>.debug_info</name>
         <load_address>0x7654</load_address>
         <run_address>0x7654</run_address>
         <size>0x2a9</size>
         <input_file_ref idref="fl-b"/>
      </object_component>
      <object_component id="oc-10">
         <name>.debug_info</name>
         <load_address>0x78fd</load_address>
         <run_address>0x78fd</run_address>
         <size>0xfa</size>
         <input_file_ref idref="fl-b"/>
      </object_component>
      <object_component id="oc-2f">
         <name>.debug_info</name>
         <load_address>0x79f7</load_address>
         <run_address>0x79f7</run_address>
         <size>0x276</size>
         <input_file_ref idref="fl-b"/>
      </object_component>
      <object_component id="oc-133">
         <name>.debug_info</name>
         <load_address>0x7c6d</load_address>
         <run_address>0x7c6d</run_address>
         <size>0x262</size>
         <input_file_ref idref="fl-c"/>
      </object_component>
      <object_component id="oc-e0">
         <name>.debug_info</name>
         <load_address>0x7ecf</load_address>
         <run_address>0x7ecf</run_address>
         <size>0x281</size>
         <input_file_ref idref="fl-c"/>
      </object_component>
      <object_component id="oc-27">
         <name>.debug_info</name>
         <load_address>0x8150</load_address>
         <run_address>0x8150</run_address>
         <size>0x160</size>
         <input_file_ref idref="fl-c7"/>
      </object_component>
      <object_component id="oc-8d">
         <name>.debug_info</name>
         <load_address>0x82b0</load_address>
         <run_address>0x82b0</run_address>
         <size>0x293</size>
         <input_file_ref idref="fl-c8"/>
      </object_component>
      <object_component id="oc-13">
         <name>.debug_info</name>
         <load_address>0x8543</load_address>
         <run_address>0x8543</run_address>
         <size>0x245</size>
         <input_file_ref idref="fl-c8"/>
      </object_component>
      <object_component id="oc-38">
         <name>.debug_info</name>
         <load_address>0x8788</load_address>
         <run_address>0x8788</run_address>
         <size>0x60</size>
         <input_file_ref idref="fl-c8"/>
      </object_component>
      <object_component id="oc-88">
         <name>.debug_info</name>
         <load_address>0x87e8</load_address>
         <run_address>0x87e8</run_address>
         <size>0x46</size>
         <input_file_ref idref="fl-c8"/>
      </object_component>
      <object_component id="oc-4d">
         <name>.debug_info</name>
         <load_address>0x882e</load_address>
         <run_address>0x882e</run_address>
         <size>0x2da</size>
         <input_file_ref idref="fl-c9"/>
      </object_component>
      <object_component id="oc-1b">
         <name>.debug_info</name>
         <load_address>0x8b08</load_address>
         <run_address>0x8b08</run_address>
         <size>0x1df</size>
         <input_file_ref idref="fl-c9"/>
      </object_component>
      <object_component id="oc-48">
         <name>.debug_info</name>
         <load_address>0x8ce7</load_address>
         <run_address>0x8ce7</run_address>
         <size>0x46</size>
         <input_file_ref idref="fl-c9"/>
      </object_component>
      <object_component id="oc-8f">
         <name>.debug_info</name>
         <load_address>0x8d2d</load_address>
         <run_address>0x8d2d</run_address>
         <size>0x2c</size>
         <input_file_ref idref="fl-c9"/>
      </object_component>
      <object_component id="oc-59">
         <name>.debug_info</name>
         <load_address>0x8d59</load_address>
         <run_address>0x8d59</run_address>
         <size>0x2c9</size>
         <input_file_ref idref="fl-ca"/>
      </object_component>
      <object_component id="oc-21">
         <name>.debug_info</name>
         <load_address>0x9022</load_address>
         <run_address>0x9022</run_address>
         <size>0x1aa</size>
         <input_file_ref idref="fl-ca"/>
      </object_component>
      <object_component id="oc-54">
         <name>.debug_info</name>
         <load_address>0x91cc</load_address>
         <run_address>0x91cc</run_address>
         <size>0x46</size>
         <input_file_ref idref="fl-ca"/>
      </object_component>
      <object_component id="oc-25a">
         <name>.debug_info</name>
         <load_address>0x9212</load_address>
         <run_address>0x9212</run_address>
         <size>0x39b</size>
         <input_file_ref idref="fl-cb"/>
      </object_component>
      <object_component id="oc-24c">
         <name>.debug_info</name>
         <load_address>0x95ad</load_address>
         <run_address>0x95ad</run_address>
         <size>0x11d</size>
         <input_file_ref idref="fl-cb"/>
      </object_component>
      <object_component id="oc-18a">
         <name>.debug_info</name>
         <load_address>0x96ca</load_address>
         <run_address>0x96ca</run_address>
         <size>0xb75</size>
         <input_file_ref idref="fl-cb"/>
      </object_component>
      <object_component id="oc-255">
         <name>.debug_info</name>
         <load_address>0xa23f</load_address>
         <run_address>0xa23f</run_address>
         <size>0x39</size>
         <input_file_ref idref="fl-cb"/>
      </object_component>
      <object_component id="oc-2c9">
         <name>.debug_info</name>
         <load_address>0xa278</load_address>
         <run_address>0xa278</run_address>
         <size>0x2e3</size>
         <input_file_ref idref="fl-cc"/>
      </object_component>
      <object_component id="oc-244">
         <name>.debug_info</name>
         <load_address>0xa55b</load_address>
         <run_address>0xa55b</run_address>
         <size>0x240</size>
         <input_file_ref idref="fl-cc"/>
      </object_component>
      <object_component id="oc-249">
         <name>.debug_info</name>
         <load_address>0xa79b</load_address>
         <run_address>0xa79b</run_address>
         <size>0xf3</size>
         <input_file_ref idref="fl-cd"/>
      </object_component>
      <object_component id="oc-bd">
         <name>.debug_info</name>
         <load_address>0xa88e</load_address>
         <run_address>0xa88e</run_address>
         <size>0x3ce</size>
         <input_file_ref idref="fl-ce"/>
      </object_component>
      <object_component id="oc-b7">
         <name>.debug_info</name>
         <load_address>0xac5c</load_address>
         <run_address>0xac5c</run_address>
         <size>0x185</size>
         <input_file_ref idref="fl-ce"/>
      </object_component>
      <object_component id="oc-74">
         <name>.debug_info</name>
         <load_address>0xade1</load_address>
         <run_address>0xade1</run_address>
         <size>0x214</size>
         <input_file_ref idref="fl-ce"/>
      </object_component>
      <object_component id="oc-1c1">
         <name>.debug_info</name>
         <load_address>0xaff5</load_address>
         <run_address>0xaff5</run_address>
         <size>0x144</size>
         <input_file_ref idref="fl-cf"/>
      </object_component>
      <object_component id="oc-1bc">
         <name>.debug_info</name>
         <load_address>0xb139</load_address>
         <run_address>0xb139</run_address>
         <size>0x120</size>
         <input_file_ref idref="fl-d0"/>
      </object_component>
      <object_component id="oc-1b5">
         <name>.debug_info</name>
         <load_address>0xb259</load_address>
         <run_address>0xb259</run_address>
         <size>0x122</size>
         <input_file_ref idref="fl-d0"/>
      </object_component>
      <object_component id="oc-1ab">
         <name>.debug_info</name>
         <load_address>0xb37b</load_address>
         <run_address>0xb37b</run_address>
         <size>0x132</size>
         <input_file_ref idref="fl-d1"/>
      </object_component>
      <object_component id="oc-179">
         <name>.debug_info</name>
         <load_address>0xb4ad</load_address>
         <run_address>0xb4ad</run_address>
         <size>0x132</size>
         <input_file_ref idref="fl-d2"/>
      </object_component>
      <object_component id="oc-17d">
         <name>.debug_info</name>
         <load_address>0xb5df</load_address>
         <run_address>0xb5df</run_address>
         <size>0x126</size>
         <input_file_ref idref="fl-d3"/>
      </object_component>
      <object_component id="oc-190">
         <name>.debug_info</name>
         <load_address>0xb705</load_address>
         <run_address>0xb705</run_address>
         <size>0x136</size>
         <input_file_ref idref="fl-d4"/>
      </object_component>
      <object_component id="oc-186">
         <name>.debug_info</name>
         <load_address>0xb83b</load_address>
         <run_address>0xb83b</run_address>
         <size>0x124</size>
         <input_file_ref idref="fl-d5"/>
      </object_component>
      <object_component id="oc-174">
         <name>.debug_info</name>
         <load_address>0xb95f</load_address>
         <run_address>0xb95f</run_address>
         <size>0x124</size>
         <input_file_ref idref="fl-d6"/>
      </object_component>
      <object_component id="oc-43">
         <name>.debug_info</name>
         <load_address>0xba83</load_address>
         <run_address>0xba83</run_address>
         <size>0x111</size>
         <input_file_ref idref="fl-d7"/>
      </object_component>
      <object_component id="oc-7e">
         <name>.debug_info</name>
         <load_address>0xbb94</load_address>
         <run_address>0xbb94</run_address>
         <size>0x3bc</size>
         <input_file_ref idref="fl-d8"/>
      </object_component>
      <object_component id="oc-2c">
         <name>.debug_info</name>
         <load_address>0xbf50</load_address>
         <run_address>0xbf50</run_address>
         <size>0x101</size>
         <input_file_ref idref="fl-d8"/>
      </object_component>
      <object_component id="oc-25e">
         <name>.debug_info</name>
         <load_address>0xc051</load_address>
         <run_address>0xc051</run_address>
         <size>0x14c</size>
         <input_file_ref idref="fl-d8"/>
      </object_component>
      <object_component id="oc-19d">
         <name>.debug_info</name>
         <load_address>0xc19d</load_address>
         <run_address>0xc19d</run_address>
         <size>0x885</size>
         <input_file_ref idref="fl-d8"/>
      </object_component>
      <object_component id="oc-c3">
         <name>.debug_info</name>
         <load_address>0xca22</load_address>
         <run_address>0xca22</run_address>
         <size>0x2c</size>
         <input_file_ref idref="fl-d8"/>
      </object_component>
      <object_component id="oc-c8">
         <name>.debug_info</name>
         <load_address>0xca4e</load_address>
         <run_address>0xca4e</run_address>
         <size>0x62</size>
         <input_file_ref idref="fl-d8"/>
      </object_component>
      <object_component id="oc-51">
         <name>.debug_info</name>
         <load_address>0xcab0</load_address>
         <run_address>0xcab0</run_address>
         <size>0x13f</size>
         <input_file_ref idref="fl-d9"/>
      </object_component>
      <object_component id="oc-5b">
         <name>.debug_info</name>
         <load_address>0xcbef</load_address>
         <run_address>0xcbef</run_address>
         <size>0x138</size>
         <input_file_ref idref="fl-da"/>
      </object_component>
      <object_component id="oc-61">
         <name>.debug_info</name>
         <load_address>0xcd27</load_address>
         <run_address>0xcd27</run_address>
         <size>0x148</size>
         <input_file_ref idref="fl-db"/>
      </object_component>
      <object_component id="oc-2d5">
         <name>.debug_info</name>
         <load_address>0xce6f</load_address>
         <run_address>0xce6f</run_address>
         <size>0x316</size>
         <input_file_ref idref="fl-dc"/>
      </object_component>
      <object_component id="oc-24f">
         <name>.debug_info</name>
         <load_address>0xd185</load_address>
         <run_address>0xd185</run_address>
         <size>0x1d5</size>
         <input_file_ref idref="fl-dc"/>
      </object_component>
      <object_component id="oc-2d6">
         <name>.debug_info</name>
         <load_address>0xd35a</load_address>
         <run_address>0xd35a</run_address>
         <size>0x2c</size>
         <input_file_ref idref="fl-dc"/>
      </object_component>
      <object_component id="oc-1ca">
         <name>.debug_info</name>
         <load_address>0xd386</load_address>
         <run_address>0xd386</run_address>
         <size>0x177</size>
         <input_file_ref idref="fl-dd"/>
      </object_component>
      <object_component id="oc-26a">
         <name>.debug_info</name>
         <load_address>0xd4fd</load_address>
         <run_address>0xd4fd</run_address>
         <size>0x355</size>
         <input_file_ref idref="fl-de"/>
      </object_component>
      <object_component id="oc-1c6">
         <name>.debug_info</name>
         <load_address>0xd852</load_address>
         <run_address>0xd852</run_address>
         <size>0x2e4</size>
         <input_file_ref idref="fl-de"/>
      </object_component>
      <object_component id="oc-212">
         <name>.debug_info</name>
         <load_address>0xdb36</load_address>
         <run_address>0xdb36</run_address>
         <size>0x2c</size>
         <input_file_ref idref="fl-de"/>
      </object_component>
      <object_component id="oc-79">
         <name>.debug_info</name>
         <load_address>0xdb62</load_address>
         <run_address>0xdb62</run_address>
         <size>0x109</size>
         <input_file_ref idref="fl-df"/>
      </object_component>
      <object_component id="oc-21d">
         <name>.debug_info</name>
         <load_address>0xdc6b</load_address>
         <run_address>0xdc6b</run_address>
         <size>0x27f</size>
         <input_file_ref idref="fl-e0"/>
      </object_component>
      <object_component id="oc-145">
         <name>.debug_info</name>
         <load_address>0xdeea</load_address>
         <run_address>0xdeea</run_address>
         <size>0x258</size>
         <input_file_ref idref="fl-e0"/>
      </object_component>
      <object_component id="oc-21f">
         <name>.debug_info</name>
         <load_address>0xe142</load_address>
         <run_address>0xe142</run_address>
         <size>0x28a</size>
         <input_file_ref idref="fl-e1"/>
      </object_component>
      <object_component id="oc-148">
         <name>.debug_info</name>
         <load_address>0xe3cc</load_address>
         <run_address>0xe3cc</run_address>
         <size>0x231</size>
         <input_file_ref idref="fl-e1"/>
      </object_component>
      <object_component id="oc-2e3">
         <name>.debug_info</name>
         <load_address>0xe5fd</load_address>
         <run_address>0xe5fd</run_address>
         <size>0x284</size>
         <input_file_ref idref="fl-e2"/>
      </object_component>
      <object_component id="oc-28e">
         <name>.debug_info</name>
         <load_address>0xe881</load_address>
         <run_address>0xe881</run_address>
         <size>0x22a</size>
         <input_file_ref idref="fl-e2"/>
      </object_component>
      <object_component id="oc-211">
         <name>.debug_info</name>
         <load_address>0xeaab</load_address>
         <run_address>0xeaab</run_address>
         <size>0x362</size>
         <input_file_ref idref="fl-e3"/>
      </object_component>
      <object_component id="oc-13d">
         <name>.debug_info</name>
         <load_address>0xee0d</load_address>
         <run_address>0xee0d</run_address>
         <size>0x35c</size>
         <input_file_ref idref="fl-e3"/>
      </object_component>
      <object_component id="oc-217">
         <name>.debug_info</name>
         <load_address>0xf169</load_address>
         <run_address>0xf169</run_address>
         <size>0x69</size>
         <input_file_ref idref="fl-e3"/>
      </object_component>
      <object_component id="oc-122">
         <name>.debug_info</name>
         <load_address>0xf1d2</load_address>
         <run_address>0xf1d2</run_address>
         <size>0x2be</size>
         <input_file_ref idref="fl-e4"/>
      </object_component>
      <object_component id="oc-ba">
         <name>.debug_info</name>
         <load_address>0xf490</load_address>
         <run_address>0xf490</run_address>
         <size>0x113</size>
         <input_file_ref idref="fl-e4"/>
      </object_component>
      <object_component id="oc-11d">
         <name>.debug_info</name>
         <load_address>0xf5a3</load_address>
         <run_address>0xf5a3</run_address>
         <size>0x21f</size>
         <input_file_ref idref="fl-e4"/>
      </object_component>
      <object_component id="oc-2b2">
         <name>.debug_info</name>
         <load_address>0xf7c2</load_address>
         <run_address>0xf7c2</run_address>
         <size>0x51f</size>
         <input_file_ref idref="fl-e5"/>
      </object_component>
      <object_component id="oc-20c">
         <name>.debug_info</name>
         <load_address>0xfce1</load_address>
         <run_address>0xfce1</run_address>
         <size>0x1543</size>
         <input_file_ref idref="fl-e5"/>
      </object_component>
      <object_component id="oc-2b3">
         <name>.debug_info</name>
         <load_address>0x11224</load_address>
         <run_address>0x11224</run_address>
         <size>0x86</size>
         <input_file_ref idref="fl-e5"/>
      </object_component>
      <object_component id="oc-2f3">
         <name>.debug_info</name>
         <load_address>0x112aa</load_address>
         <run_address>0x112aa</run_address>
         <size>0x46</size>
         <input_file_ref idref="fl-e5"/>
      </object_component>
      <object_component id="oc-2b8">
         <name>.debug_info</name>
         <load_address>0x112f0</load_address>
         <run_address>0x112f0</run_address>
         <size>0x39</size>
         <input_file_ref idref="fl-e5"/>
      </object_component>
      <object_component id="oc-b5">
         <name>.debug_info</name>
         <load_address>0x11329</load_address>
         <run_address>0x11329</run_address>
         <size>0x300</size>
         <input_file_ref idref="fl-e6"/>
      </object_component>
      <object_component id="oc-6f">
         <name>.debug_info</name>
         <load_address>0x11629</load_address>
         <run_address>0x11629</run_address>
         <size>0x167</size>
         <input_file_ref idref="fl-e6"/>
      </object_component>
      <object_component id="oc-113">
         <name>.debug_info</name>
         <load_address>0x11790</load_address>
         <run_address>0x11790</run_address>
         <size>0x5e</size>
         <input_file_ref idref="fl-e6"/>
      </object_component>
      <object_component id="oc-2ee">
         <name>.debug_info</name>
         <load_address>0x117ee</load_address>
         <run_address>0x117ee</run_address>
         <size>0x2ae</size>
         <input_file_ref idref="fl-e7"/>
      </object_component>
      <object_component id="oc-2a6">
         <name>.debug_info</name>
         <load_address>0x11a9c</load_address>
         <run_address>0x11a9c</run_address>
         <size>0x171</size>
         <input_file_ref idref="fl-e7"/>
      </object_component>
      <object_component id="oc-ad">
         <name>.debug_info</name>
         <load_address>0x11c0d</load_address>
         <run_address>0x11c0d</run_address>
         <size>0x483</size>
         <input_file_ref idref="fl-e8"/>
      </object_component>
      <object_component id="oc-68">
         <name>.debug_info</name>
         <load_address>0x12090</load_address>
         <run_address>0x12090</run_address>
         <size>0x190</size>
         <input_file_ref idref="fl-e8"/>
      </object_component>
      <object_component id="oc-d4">
         <name>.debug_info</name>
         <load_address>0x12220</load_address>
         <run_address>0x12220</run_address>
         <size>0x39</size>
         <input_file_ref idref="fl-e8"/>
      </object_component>
      <object_component id="oc-12d">
         <name>.debug_info</name>
         <load_address>0x12259</load_address>
         <run_address>0x12259</run_address>
         <size>0x39</size>
         <input_file_ref idref="fl-e8"/>
      </object_component>
      <object_component id="oc-d9">
         <name>.debug_info</name>
         <load_address>0x12292</load_address>
         <run_address>0x12292</run_address>
         <size>0xcd</size>
         <input_file_ref idref="fl-e8"/>
      </object_component>
      <object_component id="oc-d0">
         <name>.debug_info</name>
         <load_address>0x1235f</load_address>
         <run_address>0x1235f</run_address>
         <size>0x37a</size>
         <input_file_ref idref="fl-e9"/>
      </object_component>
      <object_component id="oc-a1">
         <name>.debug_info</name>
         <load_address>0x126d9</load_address>
         <run_address>0x126d9</run_address>
         <size>0x183</size>
         <input_file_ref idref="fl-e9"/>
      </object_component>
      <object_component id="oc-128">
         <name>.debug_info</name>
         <load_address>0x1285c</load_address>
         <run_address>0x1285c</run_address>
         <size>0x2c</size>
         <input_file_ref idref="fl-e9"/>
      </object_component>
      <object_component id="oc-307">
         <name>.debug_info</name>
         <load_address>0x12888</load_address>
         <run_address>0x12888</run_address>
         <size>0xee</size>
         <input_file_ref idref="fl-ea"/>
      </object_component>
      <object_component id="oc-2eb">
         <name>.debug_info</name>
         <load_address>0x12976</load_address>
         <run_address>0x12976</run_address>
         <size>0xfa</size>
         <input_file_ref idref="fl-ea"/>
      </object_component>
      <object_component id="oc-2e5">
         <name>.debug_info</name>
         <load_address>0x12a70</load_address>
         <run_address>0x12a70</run_address>
         <size>0x2e6</size>
         <input_file_ref idref="fl-eb"/>
      </object_component>
      <object_component id="oc-295">
         <name>.debug_info</name>
         <load_address>0x12d56</load_address>
         <run_address>0x12d56</run_address>
         <size>0x1c2</size>
         <input_file_ref idref="fl-eb"/>
      </object_component>
      <object_component id="oc-2f0">
         <name>.debug_info</name>
         <load_address>0x12f18</load_address>
         <run_address>0x12f18</run_address>
         <size>0x28b</size>
         <input_file_ref idref="fl-ec"/>
      </object_component>
      <object_component id="oc-2ac">
         <name>.debug_info</name>
         <load_address>0x131a3</load_address>
         <run_address>0x131a3</run_address>
         <size>0x1ab</size>
         <input_file_ref idref="fl-ec"/>
      </object_component>
      <object_component id="oc-2cf">
         <name>.debug_info</name>
         <load_address>0x1334e</load_address>
         <run_address>0x1334e</run_address>
         <size>0x156</size>
         <input_file_ref idref="fl-ed"/>
      </object_component>
      <object_component id="oc-2e7">
         <name>.debug_info</name>
         <load_address>0x134a4</load_address>
         <run_address>0x134a4</run_address>
         <size>0x2d9</size>
         <input_file_ref idref="fl-ee"/>
      </object_component>
      <object_component id="oc-29a">
         <name>.debug_info</name>
         <load_address>0x1377d</load_address>
         <run_address>0x1377d</run_address>
         <size>0x18a</size>
         <input_file_ref idref="fl-ee"/>
      </object_component>
      <object_component id="oc-a8">
         <name>.debug_info</name>
         <load_address>0x13907</load_address>
         <run_address>0x13907</run_address>
         <size>0x145</size>
         <input_file_ref idref="fl-ef"/>
      </object_component>
      <object_component id="oc-2e9">
         <name>.debug_info</name>
         <load_address>0x13a4c</load_address>
         <run_address>0x13a4c</run_address>
         <size>0x28f</size>
         <input_file_ref idref="fl-f0"/>
      </object_component>
      <object_component id="oc-2a3">
         <name>.debug_info</name>
         <load_address>0x13cdb</load_address>
         <run_address>0x13cdb</run_address>
         <size>0x244</size>
         <input_file_ref idref="fl-f0"/>
      </object_component>
      <object_component id="oc-28b">
         <name>.debug_info</name>
         <load_address>0x13f1f</load_address>
         <run_address>0x13f1f</run_address>
         <size>0x17d</size>
         <input_file_ref idref="fl-f1"/>
      </object_component>
      <object_component id="oc-22b">
         <name>.debug_info</name>
         <load_address>0x1409c</load_address>
         <run_address>0x1409c</run_address>
         <size>0x20e</size>
         <input_file_ref idref="fl-f2"/>
      </object_component>
      <object_component id="oc-228">
         <name>.debug_info</name>
         <load_address>0x142aa</load_address>
         <run_address>0x142aa</run_address>
         <size>0x157</size>
         <input_file_ref idref="fl-f2"/>
      </object_component>
      <object_component id="oc-15a">
         <name>.debug_info</name>
         <load_address>0x14401</load_address>
         <run_address>0x14401</run_address>
         <size>0x2c1</size>
         <input_file_ref idref="fl-f2"/>
      </object_component>
      <object_component id="oc-161">
         <name>.debug_info</name>
         <load_address>0x146c2</load_address>
         <run_address>0x146c2</run_address>
         <size>0x23e</size>
         <input_file_ref idref="fl-f2"/>
      </object_component>
      <object_component id="oc-22d">
         <name>.debug_info</name>
         <load_address>0x14900</load_address>
         <run_address>0x14900</run_address>
         <size>0x212</size>
         <input_file_ref idref="fl-f3"/>
      </object_component>
      <object_component id="oc-334">
         <name>.debug_info</name>
         <load_address>0x14b12</load_address>
         <run_address>0x14b12</run_address>
         <size>0xb0</size>
      </object_component>
      <object_component id="oc-100">
         <name>.debug_line</name>
         <load_address>0x0</load_address>
         <run_address>0x0</run_address>
         <size>0x110</size>
         <input_file_ref idref="fl-2"/>
      </object_component>
      <object_component id="oc-40">
         <name>.debug_line</name>
         <load_address>0x110</load_address>
         <run_address>0x110</run_address>
         <size>0x20</size>
         <input_file_ref idref="fl-2"/>
      </object_component>
      <object_component id="oc-86">
         <name>.debug_line</name>
         <load_address>0x130</load_address>
         <run_address>0x130</run_address>
         <size>0x65</size>
         <input_file_ref idref="fl-2"/>
      </object_component>
      <object_component id="oc-199">
         <name>.debug_line</name>
         <load_address>0x195</load_address>
         <run_address>0x195</run_address>
         <size>0x2e</size>
         <input_file_ref idref="fl-2"/>
      </object_component>
      <object_component id="oc-9a">
         <name>.debug_line</name>
         <load_address>0x1c3</load_address>
         <run_address>0x1c3</run_address>
         <size>0x65</size>
         <input_file_ref idref="fl-3"/>
      </object_component>
      <object_component id="oc-234">
         <name>.debug_line</name>
         <load_address>0x228</load_address>
         <run_address>0x228</run_address>
         <size>0x150</size>
         <input_file_ref idref="fl-4"/>
      </object_component>
      <object_component id="oc-26d">
         <name>.debug_line</name>
         <load_address>0x378</load_address>
         <run_address>0x378</run_address>
         <size>0x32</size>
         <input_file_ref idref="fl-4"/>
      </object_component>
      <object_component id="oc-26f">
         <name>.debug_line</name>
         <load_address>0x3aa</load_address>
         <run_address>0x3aa</run_address>
         <size>0x32</size>
         <input_file_ref idref="fl-4"/>
      </object_component>
      <object_component id="oc-271">
         <name>.debug_line</name>
         <load_address>0x3dc</load_address>
         <run_address>0x3dc</run_address>
         <size>0x32</size>
         <input_file_ref idref="fl-4"/>
      </object_component>
      <object_component id="oc-273">
         <name>.debug_line</name>
         <load_address>0x40e</load_address>
         <run_address>0x40e</run_address>
         <size>0x32</size>
         <input_file_ref idref="fl-4"/>
      </object_component>
      <object_component id="oc-275">
         <name>.debug_line</name>
         <load_address>0x440</load_address>
         <run_address>0x440</run_address>
         <size>0x32</size>
         <input_file_ref idref="fl-4"/>
      </object_component>
      <object_component id="oc-277">
         <name>.debug_line</name>
         <load_address>0x472</load_address>
         <run_address>0x472</run_address>
         <size>0x32</size>
         <input_file_ref idref="fl-4"/>
      </object_component>
      <object_component id="oc-279">
         <name>.debug_line</name>
         <load_address>0x4a4</load_address>
         <run_address>0x4a4</run_address>
         <size>0x32</size>
         <input_file_ref idref="fl-4"/>
      </object_component>
      <object_component id="oc-27b">
         <name>.debug_line</name>
         <load_address>0x4d6</load_address>
         <run_address>0x4d6</run_address>
[...]
      <symbol id="sm-1db">
         <name>lcd_setCursorPos</name>
         <value>0x3a11</value>
         <object_component_ref idref="oc-e4"/>
      </symbol>
      <symbol id="sm-1dc">
         <name>lcd_init</name>
         <value>0x3851</value>
         <object_component_ref idref="oc-e4"/>
      </symbol>
      <symbol id="sm-1dd">
         <name>lcd_puts</name>
         <value>0x3949</value>
         <object_component_ref idref="oc-e4"/>
      </symbol>
      <symbol id="sm-1de">
         <name>lcd_putc</name>
         <value>0x3911</value>
         <object_component_ref idref="oc-e4"/>
      </symbol>
      <symbol id="sm-1df">
         <name>lcd_gotoLine</name>
         <value>0x39e9</value>
         <object_component_ref idref="oc-e4"/>
      </symbol>
      <symbol id="sm-1ee">
         <name>main</name>
         <value>0x52e9</value>
         <object_component_ref idref="oc-ae"/>
      </symbol>
      <symbol id="sm-299">
         <name>go_charge</name>
         <value>0x26f5</value>
         <object_component_ref idref="oc-102"/>
      </symbol>
      <symbol id="sm-29a">
         <name>GPIOF_Handler</name>
         <value>0x2947</value>
         <object_component_ref idref="oc-102"/>
      </symbol>
      <symbol id="sm-29b">
         <name>getDegrees</name>
         <value>0x2969</value>
         <object_component_ref idref="oc-102"/>
      </symbol>
      <symbol id="sm-29c">
         <name>oi_free</name>
         <value>0x205d</value>
         <object_component_ref idref="oc-102"/>
      </symbol>
      <symbol id="sm-29d">
         <name>oi_uartReceive</name>
         <value>0x27a7</value>
         <object_component_ref idref="oc-102"/>
      </symbol>
      <symbol id="sm-29e">
         <name>oi_setWheels</name>
         <value>0x2649</value>
         <object_component_ref idref="oc-102"/>
      </symbol>
      <symbol id="sm-29f">
         <name>oi_shutoff_init</name>
         <value>0x28d5</value>
         <object_component_ref idref="oc-102"/>
      </symbol>
      <symbol id="sm-2a0">
         <name>oi_parseInt</name>
         <value>0x5365</value>
         <object_component_ref idref="oc-1a1"/>
      </symbol>
      <symbol id="sm-2a1">
         <name>oi_uartSendStr</name>
         <value>0x27cf</value>
         <object_component_ref idref="oc-102"/>
      </symbol>
      <symbol id="sm-2a2">
         <name>oi_close</name>
         <value>0x20a7</value>
         <object_component_ref idref="oc-102"/>
      </symbol>
      <symbol id="sm-2a3">
         <name>oi_uartSendBuff</name>
         <value>0x27ed</value>
         <object_component_ref idref="oc-102"/>
      </symbol>
      <symbol id="sm-2a4">
         <name>oi_checkFirmware</name>
         <value>0x281f</value>
         <object_component_ref idref="oc-102"/>
      </symbol>
      <symbol id="sm-2a5">
         <name>oi_init_noupdate</name>
         <value>0x206d</value>
         <object_component_ref idref="oc-102"/>
      </symbol>
      <symbol id="sm-2a6">
         <name>oi_uartSendChar</name>
         <value>0x278b</value>
         <object_component_ref idref="oc-102"/>
      </symbol>
      <symbol id="sm-2a7">
         <name>oi_alloc</name>
         <value>0x2051</value>
         <object_component_ref idref="oc-102"/>
      </symbol>
      <symbol id="sm-2a8">
         <name>oi_loadSong</name>
         <value>0x268b</value>
         <object_component_ref idref="oc-102"/>
      </symbol>
      <symbol id="sm-2a9">
         <name>oi_play_song</name>
         <value>0x26e1</value>
         <object_component_ref idref="oc-102"/>
      </symbol>
      <symbol id="sm-2aa">
         <name>oi_parsePacket</name>
         <value>0x210b</value>
         <object_component_ref idref="oc-102"/>
      </symbol>
      <symbol id="sm-2ab">
         <name>oi_setLeds</name>
         <value>0x2605</value>
         <object_component_ref idref="oc-102"/>
      </symbol>
      <symbol id="sm-2ac">
         <name>oi_init</name>
         <value>0x2091</value>
         <object_component_ref idref="oc-102"/>
      </symbol>
      <symbol id="sm-2ad">
         <name>oi_update</name>
         <value>0x20b9</value>
         <object_component_ref idref="oc-102"/>
      </symbol>
      <symbol id="sm-2ae">
         <name>oi_uartInit</name>
         <value>0x2703</value>
         <object_component_ref idref="oc-102"/>
      </symbol>
      <symbol id="sm-2e2">
         <name>send_pulse</name>
         <value>0x3bdb</value>
         <object_component_ref idref="oc-ea"/>
      </symbol>
      <symbol id="sm-2e3">
         <name>TIMER3B_Handler</name>
         <value>0x3c45</value>
         <object_component_ref idref="oc-ea"/>
      </symbol>
      <symbol id="sm-2e4">
         <name>ping_init</name>
         <value>0x3b3d</value>
         <object_component_ref idref="oc-ea"/>
      </symbol>
      <symbol id="sm-2e5">
         <name>ping_getDistance</name>
         <value>0x3ca5</value>
         <object_component_ref idref="oc-ea"/>
      </symbol>
      <symbol id="sm-306">
         <name>servo_move</name>
         <value>0x466d</value>
         <object_component_ref idref="oc-f0"/>
      </symbol>
      <symbol id="sm-307">
         <name>servo_init</name>
         <value>0x45a1</value>
         <object_component_ref idref="oc-f0"/>
      </symbol>
      <symbol id="sm-323">
         <name>ResetISR</name>
         <value>0x545b</value>
         <object_component_ref idref="oc-2e"/>
      </symbol>
      <symbol id="sm-324">
         <name>g_pfnVectors</name>
         <value>0x0</value>
         <object_component_ref idref="oc-f"/>
      </symbol>
      <symbol id="sm-347">
         <name>uart_sendChar</name>
         <value>0x48b5</value>
         <object_component_ref idref="oc-de"/>
      </symbol>
      <symbol id="sm-348">
         <name>uart_init</name>
         <value>0x482d</value>
         <object_component_ref idref="oc-de"/>
      </symbol>
      <symbol id="sm-349">
         <name>uart_receive</name>
         <value>0x48d1</value>
         <object_component_ref idref="oc-de"/>
      </symbol>
      <symbol id="sm-34a">
         <name>uart_sendStr</name>
         <value>0x48fb</value>
         <object_component_ref idref="oc-de"/>
      </symbol>
      <symbol id="sm-35b">
         <name>_c_int00</name>
         <value>0x50a1</value>
         <object_component_ref idref="oc-24"/>
      </symbol>
      <symbol id="sm-35c">
         <name>__stack</name>
         <value>0x2000026c</value>
         <object_component_ref idref="oc-2a"/>
      </symbol>
      <symbol id="sm-37a">
         <name>__TI_decompress_lzss</name>
         <value>0x4f73</value>
         <object_component_ref idref="oc-12"/>
      </symbol>
      <symbol id="sm-391">
         <name>__TI_decompress_none</name>
         <value>0x5435</value>
         <object_component_ref idref="oc-18"/>
      </symbol>
      <symbol id="sm-3a3">
         <name>__TI_zero_init</name>
         <value>0x544f</value>
         <object_component_ref idref="oc-1e"/>
      </symbol>
      <symbol id="sm-436">
         <name>pow</name>
         <value>0x2ad5</value>
         <object_component_ref idref="oc-189"/>
      </symbol>
      <symbol id="sm-437">
         <name>powl</name>
         <value>0x2ad5</value>
         <object_component_ref idref="oc-189"/>
      </symbol>
      <symbol id="sm-45b">
         <name>sqrtl</name>
         <value>0x42d9</value>
         <object_component_ref idref="oc-242"/>
      </symbol>
      <symbol id="sm-45c">
         <name>sqrt</name>
         <value>0x42d9</value>
         <object_component_ref idref="oc-242"/>
      </symbol>
      <symbol id="sm-464">
         <name>errno</name>
         <value>0x20000f20</value>
         <object_component_ref idref="oc-248"/>
      </symbol>
      <symbol id="sm-485">
         <name>C$$EXIT</name>
         <value>0x50f5</value>
         <object_component_ref idref="oc-72"/>
      </symbol>
      <symbol id="sm-486">
         <name>abort</name>
         <value>0x50f9</value>
         <object_component_ref idref="oc-72"/>
      </symbol>
      <symbol id="sm-487">
         <name>exit</name>
         <value>0x5101</value>
         <object_component_ref idref="oc-72"/>
      </symbol>
      <symbol id="sm-488">
         <name>__TI_dtors_ptr</name>
         <value>0x20000f04</value>
         <object_component_ref idref="oc-b6"/>
      </symbol>
      <symbol id="sm-489">
         <name>__TI_cleanup_ptr</name>
         <value>0x20000f00</value>
         <object_component_ref idref="oc-b6"/>
      </symbol>
      <symbol id="sm-48a">
         <name>__TI_enable_exit_profile_output</name>
         <value>0x20000f08</value>
         <object_component_ref idref="oc-b6"/>
      </symbol>
      <symbol id="sm-4a1">
         <name>__aeabi_dsub</name>
         <value>0x4121</value>
         <object_component_ref idref="oc-1be"/>
      </symbol>
      <symbol id="sm-4a2">
         <name>__aeabi_dadd</name>
         <value>0x412b</value>
         <object_component_ref idref="oc-1be"/>
      </symbol>
      <symbol id="sm-4c4">
         <name>__aeabi_cdcmpeq</name>
         <value>0x4d0d</value>
         <object_component_ref idref="oc-1b9"/>
      </symbol>
      <symbol id="sm-4c5">
         <name>__aeabi_cdcmple</name>
         <value>0x4d0d</value>
         <object_component_ref idref="oc-1b9"/>
      </symbol>
      <symbol id="sm-4c6">
         <name>__aeabi_cdrcmple</name>
         <value>0x4d93</value>
         <object_component_ref idref="oc-1b4"/>
      </symbol>
      <symbol id="sm-4da">
         <name>__aeabi_ddiv</name>
         <value>0x46f5</value>
         <object_component_ref idref="oc-1a8"/>
      </symbol>
      <symbol id="sm-4e5">
         <name>__aeabi_dmul</name>
         <value>0x494d</value>
         <object_component_ref idref="oc-176"/>
      </symbol>
      <symbol id="sm-4ef">
         <name>__aeabi_d2iz</name>
         <value>0x5235</value>
         <object_component_ref idref="oc-17b"/>
      </symbol>
      <symbol id="sm-4fb">
         <name>__aeabi_d2f</name>
         <value>0x4f05</value>
         <object_component_ref idref="oc-18f"/>
      </symbol>
      <symbol id="sm-506">
         <name>__aeabi_f2d</name>
         <value>0x527d</value>
         <object_component_ref idref="oc-184"/>
      </symbol>
      <symbol id="sm-510">
         <name>__aeabi_i2d</name>
         <value>0x531b</value>
         <object_component_ref idref="oc-171"/>
      </symbol>
      <symbol id="sm-52b">
         <name>memcpy</name>
         <value>0x4be9</value>
         <object_component_ref idref="oc-42"/>
      </symbol>
      <symbol id="sm-52c">
         <name>__aeabi_memcpy</name>
         <value>0x4be9</value>
         <object_component_ref idref="oc-42"/>
      </symbol>
      <symbol id="sm-52d">
         <name>__aeabi_memcpy8</name>
         <value>0x4be9</value>
         <object_component_ref idref="oc-42"/>
      </symbol>
      <symbol id="sm-52e">
         <name>__aeabi_memcpy4</name>
         <value>0x4be9</value>
         <object_component_ref idref="oc-42"/>
      </symbol>
      <symbol id="sm-5a5">
         <name>_sys_memory</name>
         <value>0x20000a70</value>
         <object_component_ref idref="oc-2b"/>
      </symbol>
      <symbol id="sm-5a6">
         <name>free</name>
         <value>0x356b</value>
         <object_component_ref idref="oc-19b"/>
      </symbol>
      <symbol id="sm-5a7">
         <name>realloc</name>
         <value>0x362b</value>
         <object_component_ref idref="oc-19b"/>
      </symbol>
      <symbol id="sm-5a8">
         <name>memalign</name>
         <value>0x3735</value>
         <object_component_ref idref="oc-19b"/>
      </symbol>
      <symbol id="sm-5a9">
         <name>calloc</name>
         <value>0x3821</value>
         <object_component_ref idref="oc-19b"/>
      </symbol>
      <symbol id="sm-5aa">
         <name>malloc</name>
         <value>0x3501</value>
         <object_component_ref idref="oc-19b"/>
      </symbol>
      <symbol id="sm-5ab">
         <name>minit</name>
         <value>0x3481</value>
         <object_component_ref idref="oc-19b"/>
      </symbol>
      <symbol id="sm-5ba">
         <name>__aeabi_memset</name>
         <value>0x4e1b</value>
         <object_component_ref idref="oc-4e"/>
      </symbol>
      <symbol id="sm-5bb">
         <name>memset</name>
         <value>0x4e21</value>
         <object_component_ref idref="oc-4e"/>
      </symbol>
      <symbol id="sm-5bc">
         <name>__aeabi_memset8</name>
         <value>0x4e1b</value>
         <object_component_ref idref="oc-4e"/>
      </symbol>
      <symbol id="sm-5bd">
         <name>__aeabi_memset4</name>
         <value>0x4e1b</value>
         <object_component_ref idref="oc-4e"/>
      </symbol>
      <symbol id="sm-5be">
         <name>__aeabi_memclr8</name>
         <value>0x4e19</value>
         <object_component_ref idref="oc-4e"/>
      </symbol>
      <symbol id="sm-5bf">
         <name>__aeabi_memclr4</name>
         <value>0x4e19</value>
         <object_component_ref idref="oc-4e"/>
      </symbol>
      <symbol id="sm-5c0">
         <name>__aeabi_memclr</name>
         <value>0x4e19</value>
         <object_component_ref idref="oc-4e"/>
      </symbol>
      <symbol id="sm-5ca">
         <name>__mpu_init</name>
         <value>0x13ab</value>
         <object_component_ref idref="oc-5a"/>
      </symbol>
      <symbol id="sm-5d4">
         <name>_system_pre_init</name>
         <value>0x5467</value>
         <object_component_ref idref="oc-60"/>
      </symbol>
      <symbol id="sm-5f6">
         <name>scalbn</name>
         <value>0x4a49</value>
         <object_component_ref idref="oc-24e"/>
      </symbol>
      <symbol id="sm-5f7">
         <name>scalbnl</name>
         <value>0x4a49</value>
         <object_component_ref idref="oc-24e"/>
      </symbol>
      <symbol id="sm-5f8">
         <name>ldexpl</name>
         <value>0x4a49</value>
         <object_component_ref idref="oc-24e"/>
      </symbol>
      <symbol id="sm-5f9">
         <name>ldexp</name>
         <value>0x4a49</value>
         <object_component_ref idref="oc-24e"/>
      </symbol>
      <symbol id="sm-60b">
         <name>sinf</name>
         <value>0x4b45</value>
         <object_component_ref idref="oc-1c9"/>
      </symbol>
      <symbol id="sm-624">
         <name>sprintf</name>
         <value>0x5041</value>
         <object_component_ref idref="oc-1c3"/>
      </symbol>
      <symbol id="sm-62c">
         <name>main_func_sp</name>
         <value>0x20000f24</value>
         <object_component_ref idref="oc-78"/>
      </symbol>
      <symbol id="sm-63b">
         <name>strcmp</name>
         <value>0x5395</value>
         <object_component_ref idref="oc-141"/>
      </symbol>
      <symbol id="sm-649">
         <name>strcpy</name>
         <value>0x53ed</value>
         <object_component_ref idref="oc-147"/>
      </symbol>
      <symbol id="sm-657">
         <name>strlen</name>
         <value>0x5401</value>
         <object_component_ref idref="oc-28d"/>
      </symbol>
      <symbol id="sm-673">
         <name>vsnprintf</name>
         <value>0x4c85</value>
         <object_component_ref idref="oc-13b"/>
      </symbol>
      <symbol id="sm-68c">
         <name>_nop</name>
         <value>0x53d3</value>
         <object_component_ref idref="oc-11a"/>
      </symbol>
      <symbol id="sm-68d">
         <name>_lock</name>
         <value>0x20000f18</value>
         <object_component_ref idref="oc-b9"/>
      </symbol>
      <symbol id="sm-68e">
         <name>_unlock</name>
         <value>0x20000f1c</value>
         <object_component_ref idref="oc-b9"/>
      </symbol>
      <symbol id="sm-68f">
         <name>_register_lock</name>
         <value>0x53cb</value>
         <object_component_ref idref="oc-11a"/>
      </symbol>
      <symbol id="sm-690">
         <name>_register_unlock</name>
         <value>0x53c5</value>
         <object_component_ref idref="oc-11a"/>
      </symbol>
      <symbol id="sm-791">
         <name>__TI_printfi</name>
         <value>0xab1</value>
         <object_component_ref idref="oc-20a"/>
      </symbol>
      <symbol id="sm-7a5">
         <name>_args_main</name>
         <value>0x537d</value>
         <object_component_ref idref="oc-6c"/>
      </symbol>
      <symbol id="sm-7bb">
         <name>atoi</name>
         <value>0x519d</value>
         <object_component_ref idref="oc-2a5"/>
      </symbol>
      <symbol id="sm-7e5">
         <name>__TI_auto_init</name>
         <value>0x4e95</value>
         <object_component_ref idref="oc-66"/>
      </symbol>
      <symbol id="sm-7ff">
         <name>copy_in</name>
         <value>0x51e9</value>
         <object_component_ref idref="oc-a0"/>
      </symbol>
      <symbol id="sm-80a">
         <name>_ctypes_</name>
         <value>0x5470</value>
         <object_component_ref idref="oc-2ea"/>
      </symbol>
      <symbol id="sm-819">
         <name>ltoa</name>
         <value>0x5149</value>
         <object_component_ref idref="oc-293"/>
      </symbol>
      <symbol id="sm-829">
         <name>memccpy</name>
         <value>0x5349</value>
         <object_component_ref idref="oc-2ab"/>
      </symbol>
      <symbol id="sm-833">
         <name>copysign</name>
         <value>0x53d9</value>
         <object_component_ref idref="oc-2ce"/>
      </symbol>
      <symbol id="sm-834">
         <name>copysignl</name>
         <value>0x53d9</value>
         <object_component_ref idref="oc-2ce"/>
      </symbol>
      <symbol id="sm-84a">
         <name>frexpl</name>
         <value>0x4fdd</value>
         <object_component_ref idref="oc-299"/>
      </symbol>
      <symbol id="sm-84b">
         <name>frexp</name>
         <value>0x4fdd</value>
         <object_component_ref idref="oc-299"/>
      </symbol>
      <symbol id="sm-855">
         <name>_system_post_cinit</name>
         <value>0x42d7</value>
         <object_component_ref idref="oc-a6"/>
      </symbol>
      <symbol id="sm-865">
         <name>strchr</name>
         <value>0x53ad</value>
         <object_component_ref idref="oc-29f"/>
      </symbol>
      <symbol id="sm-881">
         <name>__aeabi_uldivmod</name>
         <value>0x3d55</value>
         <object_component_ref idref="oc-288"/>
      </symbol>
      <symbol id="sm-8a1">
         <name>IntRegister</name>
         <value>0x52b5</value>
         <object_component_ref idref="oc-157"/>
      </symbol>
      <symbol id="sm-8a2">
         <name>g_pfnRAMVectors</name>
         <value>0x20000000</value>
         <object_component_ref idref="oc-227"/>
      </symbol>
      <symbol id="sm-8a3">
         <name>IntMasterEnable</name>
         <value>0x5415</value>
         <object_component_ref idref="oc-15d"/>
      </symbol>
      <symbol id="sm-8ad">
         <name>CPUcpsie</name>
         <value>0x5443</value>
         <object_component_ref idref="oc-22c"/>
      </symbol>
      <symbol id="sm-8ae">
         <name>__TI_static_base__</name>
         <value>0x0</value>
      </symbol>
      <symbol id="sm-8b1">
         <name>SHT$$INIT_ARRAY$$Limit</name>
         <value>0x0</value>
      </symbol>
      <symbol id="sm-8b2">
         <name>SHT$$INIT_ARRAY$$Base</name>
         <value>0x0</value>
      </symbol>
   </symbol_table>
   <title>Link successful</title>
</link_info>
