******************************************************************************
                  TI ARM Linker PC v16.9.6                     
******************************************************************************
>> Linked Thu Apr 26 18:29:10 2018

OUTPUT FILE NAME:   <lab10a.out>
ENTRY POINT SYMBOL: "_c_int00"  address: 000050a1


MEMORY CONFIGURATION

         name            origin    length      used     unused   attr    fill
----------------------  --------  ---------  --------  --------  ----  --------
  FLASH                 00000000   00040000  00005787  0003a879  R  X
  SRAM                  20000000   00008000  00000f21  000070df  RW X


SEGMENT ALLOCATION MAP

run origin  load origin   length   init length attrs members
----------  ----------- ---------- ----------- ----- -------
00000000    00000000    00005790   00005790    r-x
  00000000    00000000    0000026c   0000026c    r-- .intvecs
  0000026c    0000026c    000051fe   000051fe    r-x .text
  00005470    00005470    000002cd   000002cd    r-- .const
  00005740    00005740    00000050   00000050    r-- .cinit
20000000    20000000    00000f28   00000000    rw-
  20000000    20000000    0000026c   00000000    rw- .vtable
  2000026c    2000026c    00000800   00000000    rw- .stack
  20000a70    20000a70    00000400   00000000    rw- .sysmem
  20000e70    20000e70    0000007d   00000000    rw- .bss
  20000ef0    20000ef0    00000038   00000000    rw- .data


SECTION ALLOCATION MAP

 output                                  attributes/
section   page    origin      length       input sections
--------  ----  ----------  ----------   ----------------
.intvecs   0    00000000    0000026c     
                  00000000    0000026c     tm4c123gh6pm_startup_ccs.obj (.intvecs)

.text      0    0000026c    000051fe     
                  0000026c    0000113e     rtsv7M4_T_le_v4SPD16_eabi.lib : _printfi.obj (.text)
                  000013aa    00000002                                   : mpu_init.obj (.text)
                  000013ac    00000ca4     functions.obj (.text)
                  00002050    00000a84     open_interface.obj (.text)
                  00002ad4    000009ac     rtsv7M4_T_le_v4SPD16_eabi.lib : e_pow.obj (.text)
                  00003480    000003d0                                   : memory.obj (.text)
                  00003850    000002ec     lcd.obj (.text)
                  00003b3c    00000218     ping.obj (.text)
                  00003d54    000001f4     rtsv7M4_T_le_v4SPD16_eabi.lib : ull_div_t2.obj (.text)
                  00003f48    000001d8     ir.obj (.text)
                  00004120    000001b6     rtsv7M4_T_le_v4SPD16_eabi.lib : fd_add_t2.obj (.text)
                  000042d6    00000002                                   : startup.obj (.text)
                  000042d8    00000170                                   : e_sqrt.obj (.text)
                  00004448    00000158     Timer.obj (.text)
                  000045a0    00000154     servo.obj (.text)
                  000046f4    00000136     rtsv7M4_T_le_v4SPD16_eabi.lib : fd_div_t2.obj (.text)
                  0000482a    00000002     --HOLE-- [fill = 0]
                  0000482c    00000120     uart.obj (.text)
                  0000494c    000000fc     rtsv7M4_T_le_v4SPD16_eabi.lib : fd_mul_t2.obj (.text)
                  00004a48    000000fc                                   : s_scalbn.obj (.text)
                  00004b44    000000a4                                   : s_sinf.obj (.text)
                  00004be8    0000009c                                   : memcpy_t2.obj (.text)
                  00004c84    00000088                                   : vsnprintf.obj (.text)
                  00004d0c    00000086                                   : fd_cmp_t2.obj (.text:__aeabi_cdcmple)
                  00004d92    00000086                                   : fd_cmp_t2.obj (.text:__aeabi_cdrcmple)
                  00004e18    0000007a                                   : memset_t2.obj (.text)
                  00004e92    00000002     --HOLE-- [fill = 0]
                  00004e94    00000070                                   : autoinit.obj (.text)
                  00004f04    0000006e                                   : fd_tos_t2.obj (.text)
                  00004f72    00000068                                   : copy_decompress_lzss.obj (.text:decompress:lzss)
                  00004fda    00000002     --HOLE-- [fill = 0]
                  00004fdc    00000064                                   : s_frexp.obj (.text)
                  00005040    00000060                                   : sprintf.obj (.text)
                  000050a0    00000054                                   : boot.obj (.text)
                  000050f4    00000054                                   : exit.obj (.text)
                  00005148    00000054                                   : ltoa.obj (.text)
                  0000519c    0000004c                                   : atoi.obj (.text)
                  000051e8    0000004c                                   : cpy_tbl.obj (.text)
                  00005234    00000048                                   : fd_toi_t2.obj (.text)
                  0000527c    00000038                                   : fs_tod_t2.obj (.text)
                  000052b4    00000034     driverlib.lib : interrupt.obj (.text:IntRegister)
                  000052e8    00000032     main.obj (.text)
                  0000531a    0000002e     rtsv7M4_T_le_v4SPD16_eabi.lib : i_tofd_t2.obj (.text)
                  00005348    0000001c                                   : memccpy.obj (.text)
                  00005364    00000018     open_interface.obj (.text:oi_parseInt)
                  0000537c    00000018     rtsv7M4_T_le_v4SPD16_eabi.lib : args_main.obj (.text)
                  00005394    00000018                                   : strcmp.obj (.text)
                  000053ac    00000016                                   : strchr.obj (.text)
                  000053c2    00000002     --HOLE-- [fill = 0]
                  000053c4    00000014                                   : _lock.obj (.text)
                  000053d8    00000014                                   : s_copysign.obj (.text)
                  000053ec    00000014                                   : strcpy.obj (.text)
                  00005400    00000014                                   : strlen.obj (.text)
                  00005414    00000010     driverlib.lib : interrupt.obj (.text:IntMasterEnable)
                  00005424    00000010     lcd.obj (.text:lcd_clear)
                  00005434    0000000e     rtsv7M4_T_le_v4SPD16_eabi.lib : copy_decompress_none.obj (.text:decompress:none)
                  00005442    0000000c     driverlib.lib : cpu.obj (.text:CPUcpsie)
                  0000544e    0000000c     rtsv7M4_T_le_v4SPD16_eabi.lib : copy_zero_init.obj (.text:decompress:ZI)
                  0000545a    0000000c     tm4c123gh6pm_startup_ccs.obj (.text)
                  00005466    00000004     rtsv7M4_T_le_v4SPD16_eabi.lib : pre_init.obj (.text)

.const     0    00005470    000002cd     
                  00005470    00000101     rtsv7M4_T_le_v4SPD16_eabi.lib : ctype.obj (.const:.string:_ctypes_)
                  00005571    00000004     lcd.obj (.const:.string:lineAddress$1)
                  00005575    00000003     --HOLE-- [fill = 0]
                  00005578    00000030     rtsv7M4_T_le_v4SPD16_eabi.lib : e_pow.obj (.const:$O1$$)
                  000055a8    00000024     functions.obj (.const:.string:$P$T8$9)
                  000055cc    00000024     functions.obj (.const:.string:$P$T9$10)
                  000055f0    00000022     functions.obj (.const:.string:$P$T6$7)
                  00005612    0000001d     functions.obj (.const:.string:$P$T11$12)
                  0000562f    0000001d     functions.obj (.const:.string:$P$T13$14)
                  0000564c    0000001c     functions.obj (.const:.string:$P$T10$11)
                  00005668    0000001c     functions.obj (.const:.string:$P$T2$3)
                  00005684    0000001c     functions.obj (.const:.string:$P$T4$5)
                  000056a0    0000001b     functions.obj (.const:.string:$P$T12$13)
                  000056bb    0000001b     functions.obj (.const:.string:$P$T3$4)
                  000056d6    0000001b     functions.obj (.const:.string:$P$T5$6)
                  000056f1    00000016     functions.obj (.const:.string:$P$T1$2)
                  00005707    00000014     functions.obj (.const:.string:$P$T0$1)
                  0000571b    0000000f     open_interface.obj (.const:.string:$P$T0$3)
                  0000572a    0000000f     functions.obj (.const:.string:$P$T7$8)
                  00005739    00000004     lcd.obj (.const:.string:lineAddresses$2)

.cinit     0    00005740    00000050     
                  00005740    0000001c     (.cinit..data.load) [load image, compression = lzss]
                  0000575c    0000000c     (__TI_handler_table)
                  00005768    00000008     (.cinit..bss.load) [load image, compression = zero_init]
                  00005770    00000008     (.cinit..vtable.load) [load image, compression = zero_init]
                  00005778    00000018     (__TI_cinit_table)

.init_array 
*          0    00000000    00000000     UNINITIALIZED

.vtable    0    20000000    0000026c     UNINITIALIZED
                  20000000    0000026c     driverlib.lib : interrupt.obj (.vtable)

.stack     0    2000026c    00000800     UNINITIALIZED
                  2000026c    00000800     --HOLE--

.sysmem    0    20000a70    00000400     UNINITIALIZED
                  20000a70    00000008     rtsv7M4_T_le_v4SPD16_eabi.lib : memory.obj (.sysmem)
                  20000a78    000003f8     --HOLE--

.bss       0    20000e70    0000007d     UNINITIALIZED
                  20000e70    00000054     lcd.obj (.bss:lastbuffer$3)
                  20000ec4    00000018     open_interface.obj (.bss:firmware$2)
                  20000edc    00000004     (.common:PWM)
                  20000ee0    00000004     (.common:fallingEdge)
                  20000ee4    00000004     (.common:pulseLength)
                  20000ee8    00000004     (.common:risingEdge)
                  20000eec    00000001     (.common:state)

.data      0    20000ef0    00000038     UNINITIALIZED
                  20000ef0    00000010     open_interface.obj (.data)
                  20000f00    0000000c     rtsv7M4_T_le_v4SPD16_eabi.lib : exit.obj (.data:$O1$$)
                  20000f0c    0000000c                                   : memory.obj (.data:$O1$$)
                  20000f18    00000008                                   : _lock.obj (.data:$O1$$)
                  20000f20    00000004                                   : errno.obj (.data)
                  20000f24    00000004                                   : stkdepth_vars.obj (.data)

MODULE SUMMARY

       Module                         code    ro data   rw data
       ------                         ----    -------   -------
    .\
       functions.obj                  3236    386       17     
       open_interface.obj             2716    15        40     
       lcd.obj                        764     8         84     
       tm4c123gh6pm_startup_ccs.obj   12      620       0      
       ping.obj                       536     0         0      
       ir.obj                         472     0         0      
       Timer.obj                      344     0         0      
       servo.obj                      340     0         0      
       uart.obj                       288     0         0      
       main.obj                       50      0         0      
    +--+------------------------------+-------+---------+---------+
       Total:                         8758    1029      141    
                                                               
    C:/ti/TivaWare_C_Series-2.1.2.111/driverlib/ccs/Debug/driverlib.lib
       interrupt.obj                  68      0         620    
       cpu.obj                        12      0         0      
    +--+------------------------------+-------+---------+---------+
       Total:                         80      0         620    
                                                               
    C:\ti\ccsv7\tools\compiler\ti-cgt-arm_16.9.6.LTS\lib\rtsv7M4_T_le_v4SPD16_eabi.lib
       _printfi.obj                   4414    0         0      
       e_pow.obj                      2476    48        0      
       memory.obj                     976     0         12     
       ull_div_t2.obj                 500     0         0      
       fd_add_t2.obj                  438     0         0      
       e_sqrt.obj                     368     0         0      
       fd_div_t2.obj                  310     0         0      
       fd_cmp_t2.obj                  268     0         0      
       ctype.obj                      0       257       0      
       fd_mul_t2.obj                  252     0         0      
       s_scalbn.obj                   252     0         0      
       s_sinf.obj                     164     0         0      
       memcpy_t2.obj                  156     0         0      
       vsnprintf.obj                  136     0         0      
       memset_t2.obj                  122     0         0      
       autoinit.obj                   112     0         0      
       fd_tos_t2.obj                  110     0         0      
       copy_decompress_lzss.obj       104     0         0      
       s_frexp.obj                    100     0         0      
       exit.obj                       84      0         12     
       sprintf.obj                    96      0         0      
       boot.obj                       84      0         0      
       ltoa.obj                       84      0         0      
       atoi.obj                       76      0         0      
       cpy_tbl.obj                    76      0         0      
       fd_toi_t2.obj                  72      0         0      
       fs_tod_t2.obj                  56      0         0      
       i_tofd_t2.obj                  46      0         0      
       _lock.obj                      20      0         8      
       memccpy.obj                    28      0         0      
       args_main.obj                  24      0         0      
       strcmp.obj                     24      0         0      
       strchr.obj                     22      0         0      
       s_copysign.obj                 20      0         0      
       strcpy.obj                     20      0         0      
       strlen.obj                     20      0         0      
       copy_decompress_none.obj       14      0         0      
       copy_zero_init.obj             12      0         0      
       errno.obj                      0       0         4      
       pre_init.obj                   4       0         0      
       stkdepth_vars.obj              0       0         4      
       mpu_init.obj                   2       0         0      
       startup.obj                    2       0         0      
    +--+------------------------------+-------+---------+---------+
       Total:                         12144   305       40     
                                                               
       Heap:                          0       0         1024   
       Stack:                         0       0         2048   
       Linker Generated:              0       80        0      
    +--+------------------------------+-------+---------+---------+
       Grand Total:                   20982   1414      3873   


LINKER GENERATED COPY TABLES

__TI_cinit_table @ 00005778 records: 3, size/record: 8, table size: 24
	.data: load addr=00005740, load size=0000001c bytes, run addr=20000ef0, run size=00000038 bytes, compression=lzss
	.bss: load addr=00005768, load size=00000008 bytes, run addr=20000e70, run size=0000007d bytes, compression=zero_init
	.vtable: load addr=00005770, load size=00000008 bytes, run addr=20000000, run size=0000026c bytes, compression=zero_init


LINKER GENERATED HANDLER TABLE

__TI_handler_table @ 0000575c records: 3, size/record: 4, table size: 12
	index: 0, handler: __TI_zero_init
	index: 1, handler: __TI_decompress_lzss
	index: 2, handler: __TI_decompress_none


GLOBAL SYMBOLS: SORTED ALPHABETICALLY BY Name 

address   name                           
-------   ----                           
000050f5  C$$EXIT                        
00005443  CPUcpsie                       
00002947  GPIOF_Handler                  
00005415  IntMasterEnable                
000052b5  IntRegister                    
20000edc  PWM                            
0000545b  ResetISR                       
UNDEFED   SHT$$INIT_ARRAY$$Base          
UNDEFED   SHT$$INIT_ARRAY$$Limit         
00003c45  TIMER3B_Handler                
20000a6c  __STACK_END                    
00000800  __STACK_SIZE                   
2000046c  __STACK_TOP                    
00000400  __SYSMEM_SIZE                  
00005778  __TI_CINIT_Base                
00005790  __TI_CINIT_Limit               
0000575c  __TI_Handler_Table_Base        
00005768  __TI_Handler_Table_Limit       
00004e95  __TI_auto_init                 
20000f00  __TI_cleanup_ptr               
00004f73  __TI_decompress_lzss           
00005435  __TI_decompress_none           
20000f04  __TI_dtors_ptr                 
20000f08  __TI_enable_exit_profile_output
ffffffff  __TI_pprof_out_hndl            
00000ab1  __TI_printfi                   
ffffffff  __TI_prof_data_size            
ffffffff  __TI_prof_data_start           
00000000  __TI_static_base__             
0000544f  __TI_zero_init                 
00004d0d  __aeabi_cdcmpeq                
00004d0d  __aeabi_cdcmple                
00004d93  __aeabi_cdrcmple               
00004f05  __aeabi_d2f                    
00005235  __aeabi_d2iz                   
0000412b  __aeabi_dadd                   
000046f5  __aeabi_ddiv                   
0000494d  __aeabi_dmul                   
00004121  __aeabi_dsub                   
0000527d  __aeabi_f2d                    
0000531b  __aeabi_i2d                    
00004e19  __aeabi_memclr                 
00004e19  __aeabi_memclr4                
00004e19  __aeabi_memclr8                
00004be9  __aeabi_memcpy                 
00004be9  __aeabi_memcpy4                
00004be9  __aeabi_memcpy8                
00004e1b  __aeabi_memset                 
00004e1b  __aeabi_memset4                
00004e1b  __aeabi_memset8                
00003d55  __aeabi_uldivmod               
ffffffff  __binit__                      
ffffffff  __c_args__                     
000013ab  __mpu_init                     
2000026c  __stack                        
0000537d  _args_main                     
000050a1  _c_int00                       
00005470  _ctypes_                       
20000f18  _lock                          
000053d3  _nop                           
000053cb  _register_lock                 
000053c5  _register_unlock               
20000a70  _sys_memory                    
000042d7  _system_post_cinit             
00005467  _system_pre_init               
20000f1c  _unlock                        
000050f9  abort                          
0000519d  atoi                           
00003fd9  average                        
ffffffff  binit                          
00003821  calloc                         
00001e67  checkBumper                    
00001e9d  checkCliff                     
000051e9  copy_in                        
000053d9  copysign                       
000053d9  copysignl                      
000013ad  detect                         
20000f20  errno                          
00005101  exit                           
00001959  explore                        
20000ee0  fallingEdge                    
0000356b  free                           
00004fdd  frexp                          
00004fdd  frexpl                         
20000000  g_pfnRAMVectors                
00000000  g_pfnVectors                   
00002969  getDegrees                     
000026f5  go_charge                      
00004025  ir_getDistance                 
00003f49  ir_init                        
00003fbb  ir_read                        
00005425  lcd_clear                      
000039e9  lcd_gotoLine                   
00003851  lcd_init                       
00003a4f  lcd_printf                     
00003911  lcd_putc                       
00003949  lcd_puts                       
00003967  lcd_sendCommand                
000039a5  lcd_sendNibble                 
00003a11  lcd_setCursorPos               
00004a49  ldexp                          
00004a49  ldexpl                         
00001825  linearWidth                    
00005149  ltoa                           
000052e9  main                           
20000f24  main_func_sp                   
00003501  malloc                         
00003735  memalign                       
00005349  memccpy                        
00004be9  memcpy                         
00004e21  memset                         
00003481  minit                          
00001b79  move_backwards                 
00001c8d  move_forward                   
00002051  oi_alloc                       
0000281f  oi_checkFirmware               
000020a7  oi_close                       
0000205d  oi_free                        
00002091  oi_init                        
0000206d  oi_init_noupdate               
0000268b  oi_loadSong                    
00005365  oi_parseInt                    
0000210b  oi_parsePacket                 
000026e1  oi_play_song                   
00002605  oi_setLeds                     
00002649  oi_setWheels                   
000028d5  oi_shutoff_init                
00002703  oi_uartInit                    
000027a7  oi_uartReceive                 
000027ed  oi_uartSendBuff                
0000278b  oi_uartSendChar                
000027cf  oi_uartSendStr                 
000020b9  oi_update                      
00003ca5  ping_getDistance               
00003b3d  ping_init                      
00002ad5  pow                            
00002ad5  powl                           
20000ee4  pulseLength                    
0000362b  realloc                        
20000ee8  risingEdge                     
00004a49  scalbn                         
00004a49  scalbnl                        
00003bdb  send_pulse                     
000045a1  servo_init                     
0000466d  servo_move                     
00004b45  sinf                           
00005041  sprintf                        
000042d9  sqrt                           
000042d9  sqrtl                          
20000eec  state                          
000053ad  strchr                         
00005395  strcmp                         
000053ed  strcpy                         
00005401  strlen                         
00004559  timer_getClock                 
0000450d  timer_startClock               
000044a7  timer_startTimer               
0000455f  timer_stopClock                
000044f7  timer_stopTimer                
0000447d  timer_waitMicros               
00004449  timer_waitMillis               
00001c01  turn_clockwise                 
00001bcd  turn_counterClockwise          
0000482d  uart_init                      
000048d1  uart_receive                   
000048b5  uart_sendChar                  
000048fb  uart_sendStr                   
00004c85  vsnprintf                      


GLOBAL SYMBOLS: SORTED BY Symbol Address 

address   name                           
-------   ----                           
00000000  __TI_static_base__             
00000000  g_pfnVectors                   
00000400  __SYSMEM_SIZE                  
00000800  __STACK_SIZE                   
00000ab1  __TI_printfi                   
000013ab  __mpu_init                     
000013ad  detect                         
00001825  linearWidth                    
00001959  explore                        
00001b79  move_backwards                 
00001bcd  turn_counterClockwise          
00001c01  turn_clockwise                 
00001c8d  move_forward                   
00001e67  checkBumper                    
00001e9d  checkCliff                     
00002051  oi_alloc                       
0000205d  oi_free                        
0000206d  oi_init_noupdate               
00002091  oi_init                        
000020a7  oi_close                       
000020b9  oi_update                      
0000210b  oi_parsePacket                 
00002605  oi_setLeds                     
00002649  oi_setWheels                   
0000268b  oi_loadSong                    
000026e1  oi_play_song                   
000026f5  go_charge                      
00002703  oi_uartInit                    
0000278b  oi_uartSendChar                
000027a7  oi_uartReceive                 
000027cf  oi_uartSendStr                 
000027ed  oi_uartSendBuff                
0000281f  oi_checkFirmware               
000028d5  oi_shutoff_init                
00002947  GPIOF_Handler                  
00002969  getDegrees                     
00002ad5  pow                            
00002ad5  powl                           
00003481  minit                          
00003501  malloc                         
0000356b  free                           
0000362b  realloc                        
00003735  memalign                       
00003821  calloc                         
00003851  lcd_init                       
00003911  lcd_putc                       
00003949  lcd_puts                       
00003967  lcd_sendCommand                
000039a5  lcd_sendNibble                 
000039e9  lcd_gotoLine                   
00003a11  lcd_setCursorPos               
00003a4f  lcd_printf                     
00003b3d  ping_init                      
00003bdb  send_pulse                     
00003c45  TIMER3B_Handler                
00003ca5  ping_getDistance               
00003d55  __aeabi_uldivmod               
00003f49  ir_init                        
00003fbb  ir_read                        
00003fd9  average                        
00004025  ir_getDistance                 
00004121  __aeabi_dsub                   
0000412b  __aeabi_dadd                   
000042d7  _system_post_cinit             
000042d9  sqrt                           
000042d9  sqrtl                          
00004449  timer_waitMillis               
0000447d  timer_waitMicros               
000044a7  timer_startTimer               
000044f7  timer_stopTimer                
0000450d  timer_startClock               
00004559  timer_getClock                 
0000455f  timer_stopClock                
000045a1  servo_init                     
0000466d  servo_move                     
000046f5  __aeabi_ddiv                   
0000482d  uart_init                      
000048b5  uart_sendChar                  
000048d1  uart_receive                   
000048fb  uart_sendStr                   
0000494d  __aeabi_dmul                   
00004a49  ldexp                          
00004a49  ldexpl                         
00004a49  scalbn                         
00004a49  scalbnl                        
00004b45  sinf                           
00004be9  __aeabi_memcpy                 
00004be9  __aeabi_memcpy4                
00004be9  __aeabi_memcpy8                
00004be9  memcpy                         
00004c85  vsnprintf                      
00004d0d  __aeabi_cdcmpeq                
00004d0d  __aeabi_cdcmple                
00004d93  __aeabi_cdrcmple               
00004e19  __aeabi_memclr                 
00004e19  __aeabi_memclr4                
00004e19  __aeabi_memclr8                
00004e1b  __aeabi_memset                 
00004e1b  __aeabi_memset4                
00004e1b  __aeabi_memset8                
00004e21  memset                         
00004e95  __TI_auto_init                 
00004f05  __aeabi_d2f                    
00004f73  __TI_decompress_lzss           
00004fdd  frexp                          
00004fdd  frexpl                         
00005041  sprintf                        
000050a1  _c_int00                       
000050f5  C$$EXIT                        
000050f9  abort                          
00005101  exit                           
00005149  ltoa                           
0000519d  atoi                           
000051e9  copy_in                        
00005235  __aeabi_d2iz                   
0000527d  __aeabi_f2d                    
000052b5  IntRegister                    
000052e9  main                           
0000531b  __aeabi_i2d                    
00005349  memccpy                        
00005365  oi_parseInt                    
0000537d  _args_main                     
00005395  strcmp                         
000053ad  strchr                         
000053c5  _register_unlock               
000053cb  _register_lock                 
000053d3  _nop                           
000053d9  copysign                       
000053d9  copysignl                      
000053ed  strcpy                         
00005401  strlen                         
00005415  IntMasterEnable                
00005425  lcd_clear                      
00005435  __TI_decompress_none           
00005443  CPUcpsie                       
0000544f  __TI_zero_init                 
0000545b  ResetISR                       
00005467  _system_pre_init               
00005470  _ctypes_                       
0000575c  __TI_Handler_Table_Base        
00005768  __TI_Handler_Table_Limit       
00005778  __TI_CINIT_Base                
00005790  __TI_CINIT_Limit               
20000000  g_pfnRAMVectors                
2000026c  __stack                        
2000046c  __STACK_TOP                    
20000a6c  __STACK_END                    
20000a70  _sys_memory                    
20000edc  PWM                            
20000ee0  fallingEdge                    
20000ee4  pulseLength                    
20000ee8  risingEdge                     
20000eec  state                          
20000f00  __TI_cleanup_ptr               
20000f04  __TI_dtors_ptr                 
20000f08  __TI_enable_exit_profile_output
20000f18  _lock                          
20000f1c  _unlock                        
20000f20  errno                          
20000f24  main_func_sp                   
ffffffff  __TI_pprof_out_hndl            
ffffffff  __TI_prof_data_size            
ffffffff  __TI_prof_data_start           
ffffffff  __binit__                      
ffffffff  __c_args__                     
ffffffff  binit                          
UNDEFED   SHT$$INIT_ARRAY$$Base          
UNDEFED   SHT$$INIT_ARRAY$$Limit         

[168 symbols]
